Component: ARM Compiler 5.06 update 7 (build 960) Tool: armlink [4d3601]

==============================================================================

Section Cross References

    main.o(i.Delay) refers to main.o(.data) for msTicks
    main.o(i.PW_Validation) refers to main.o(i.flashWritePassword) for flashWritePassword
    main.o(i.PW_Validation) refers to i2c.o(i.oled_blank) for oled_blank
    main.o(i.PW_Validation) refers to main.o(i.flashReadPassword) for flashReadPassword
    main.o(i.PW_Validation) refers to i2c.o(i.print_string) for print_string
    main.o(i.PW_Validation) refers to main.o(i.Delay) for Delay
    main.o(i.PW_Validation) refers to main.o(.data) for password_created
    main.o(i.SysTick_Handler) refers to main.o(.data) for msTicks
    main.o(i.display_password_masked) refers to i2c.o(i.print_char) for print_char
    main.o(i.display_password_masked) refers to main.o(.data) for j
    main.o(i.flashReadPassword) refers to main.o(.data) for password_created
    main.o(i.flashWritePassword) refers to flash.o(i.FLASH_Program1LongWord) for FLASH_Program1LongWord
    main.o(i.flashWritePassword) refers to main.o(.data) for entered
    main.o(i.main) refers to system_mke02z4.o(i.SystemCoreClockUpdate) for SystemCoreClockUpdate
    main.o(i.main) refers to aeabi_sdiv.o(.text) for __aeabi_uidivmod
    main.o(i.main) refers to main.o(i.__NVIC_SetPriority) for __NVIC_SetPriority
    main.o(i.main) refers to main.o(i.mcu_init) for mcu_init
    main.o(i.main) refers to i2c.o(i.i2c_int) for i2c_int
    main.o(i.main) refers to i2c.o(i.oled_init) for oled_init
    main.o(i.main) refers to i2c.o(i.oled_blank) for oled_blank
    main.o(i.main) refers to main.o(i.Delay) for Delay
    main.o(i.main) refers to main.o(i.flashReadPassword) for flashReadPassword
    main.o(i.main) refers to main.o(i.__ARM_common_switch8) for __ARM_common_switch8
    main.o(i.main) refers to main.o(i.show_mode) for show_mode
    main.o(i.main) refers to main.o(i.display_password_masked) for display_password_masked
    main.o(i.main) refers to i2c.o(i.print_string) for print_string
    main.o(i.main) refers to main.o(i.shift_place) for shift_place
    main.o(i.main) refers to main.o(i.PW_Validation) for PW_Validation
    main.o(i.main) refers to system_mke02z4.o(.data) for SystemCoreClock
    main.o(i.main) refers to main.o(.data) for fact_sel_mode
    main.o(i.mcu_init) refers to flash.o(i.FLASH_Init) for FLASH_Init
    main.o(i.shift_place) refers to main.o(i.display_password_masked) for display_password_masked
    main.o(i.shift_place) refers to main.o(i.Delay) for Delay
    main.o(i.shift_place) refers to main.o(i.flashWritePassword) for flashWritePassword
    main.o(i.shift_place) refers to i2c.o(i.oled_blank) for oled_blank
    main.o(i.shift_place) refers to i2c.o(i.print_string) for print_string
    main.o(i.shift_place) refers to main.o(.data) for cur_index
    main.o(i.show_mode) refers to i2c.o(i.oled_blank) for oled_blank
    main.o(i.show_mode) refers to strlen.o(.text) for strlen
    main.o(i.show_mode) refers to i2c.o(i.print_string) for print_string
    main.o(i.show_mode) refers to main.o(.data) for last_shown_mode
    main.o(i.updat_password) refers to main.o(i.display_password_masked) for display_password_masked
    main.o(i.updat_password) refers to main.o(.data) for entered
    main.o(.data) refers to main.o(.conststring) for .conststring
    i2c.o(i.draw_icon) refers to i2c.o(i.oled_pos) for oled_pos
    i2c.o(i.draw_icon) refers to i2c.o(i.oled_data) for oled_data
    i2c.o(i.i2c_start) refers to main.o(i.Delay) for Delay
    i2c.o(i.i2c_write) refers to i2c.o(i.i2c_start1) for i2c_start1
    i2c.o(i.i2c_write) refers to i2c.o(i.i2c_add) for i2c_add
    i2c.o(i.i2c_write) refers to i2c.o(i.i2c_data) for i2c_data
    i2c.o(i.i2c_write) refers to i2c.o(i.i2c_stop) for i2c_stop
    i2c.o(i.oled_blank) refers to i2c.o(i.oled_pos) for oled_pos
    i2c.o(i.oled_blank) refers to i2c.o(i.oled_data) for oled_data
    i2c.o(i.oled_blank) refers to main.o(i.Delay) for Delay
    i2c.o(i.oled_cmd_1byte) refers to i2c.o(i.i2c_int) for i2c_int
    i2c.o(i.oled_cmd_1byte) refers to i2c.o(i.i2c_start1) for i2c_start1
    i2c.o(i.oled_cmd_1byte) refers to i2c.o(i.i2c_add) for i2c_add
    i2c.o(i.oled_cmd_1byte) refers to i2c.o(i.i2c_data) for i2c_data
    i2c.o(i.oled_cmd_1byte) refers to i2c.o(i.i2c_stop) for i2c_stop
    i2c.o(i.oled_cmd_2byte) refers to i2c.o(i.i2c_int) for i2c_int
    i2c.o(i.oled_cmd_2byte) refers to i2c.o(i.i2c_start1) for i2c_start1
    i2c.o(i.oled_cmd_2byte) refers to i2c.o(i.i2c_add) for i2c_add
    i2c.o(i.oled_cmd_2byte) refers to i2c.o(i.i2c_data) for i2c_data
    i2c.o(i.oled_cmd_2byte) refers to i2c.o(i.i2c_stop) for i2c_stop
    i2c.o(i.oled_data) refers to i2c.o(i.i2c_start1) for i2c_start1
    i2c.o(i.oled_data) refers to i2c.o(i.i2c_add) for i2c_add
    i2c.o(i.oled_data) refers to i2c.o(i.i2c_data) for i2c_data
    i2c.o(i.oled_data) refers to i2c.o(i.i2c_stop) for i2c_stop
    i2c.o(i.oled_init) refers to i2c.o(i.oled_cmd_1byte) for oled_cmd_1byte
    i2c.o(i.oled_init) refers to main.o(i.Delay) for Delay
    i2c.o(i.oled_init) refers to i2c.o(i.oled_cmd_2byte) for oled_cmd_2byte
    i2c.o(i.oled_pos) refers to i2c.o(i.oled_cmd_1byte) for oled_cmd_1byte
    i2c.o(i.oled_vertical_clear_center) refers to i2c.o(i.oled_pos) for oled_pos
    i2c.o(i.oled_vertical_clear_center) refers to i2c.o(i.oled_data) for oled_data
    i2c.o(i.oled_vertical_clear_center) refers to main.o(i.Delay) for Delay
    i2c.o(i.print_char) refers to i2c.o(i.oled_pos) for oled_pos
    i2c.o(i.print_char) refers to i2c.o(i.oled_data) for oled_data
    i2c.o(i.print_char) refers to i2c.o(.constdata) for ASCII_16
    i2c.o(i.print_string) refers to i2c.o(i.print_char) for print_char
    flash.o(i.FLASH_EraseAll) refers to flash.o(i.FLASH_LaunchCMD) for FLASH_LaunchCMD
    flash.o(i.FLASH_EraseBlock) refers to flash.o(i.FLASH_LaunchCMD) for FLASH_LaunchCMD
    flash.o(i.FLASH_EraseSector) refers to flash.o(i.FLASH_LaunchCMD) for FLASH_LaunchCMD
    flash.o(i.FLASH_EraseVerifyAll) refers to flash.o(i.FLASH_LaunchCMD) for FLASH_LaunchCMD
    flash.o(i.FLASH_EraseVerifyBlock) refers to flash.o(i.FLASH_LaunchCMD) for FLASH_LaunchCMD
    flash.o(i.FLASH_EraseVerifySection) refers to flash.o(i.FLASH_LaunchCMD) for FLASH_LaunchCMD
    flash.o(i.FLASH_Init) refers to aeabi_sdiv.o(.text) for __aeabi_uidivmod
    flash.o(i.FLASH_Program) refers to flash.o(i.FLASH_Program2LongWords) for FLASH_Program2LongWords
    flash.o(i.FLASH_Program) refers to flash.o(i.FLASH_Program1LongWord) for FLASH_Program1LongWord
    flash.o(i.FLASH_Program1LongWord) refers to flash.o(i.FLASH_LaunchCMD) for FLASH_LaunchCMD
    flash.o(i.FLASH_Program2LongWords) refers to flash.o(i.FLASH_LaunchCMD) for FLASH_LaunchCMD
    flash.o(i.FLASH_ProgramOnce) refers to flash.o(i.FLASH_LaunchCMD) for FLASH_LaunchCMD
    flash.o(i.FLASH_ReadOnce) refers to flash.o(i.FLASH_LaunchCMD) for FLASH_LaunchCMD
    flash.o(i.FLASH_SetUserMarginLevel) refers to flash.o(i.FLASH_LaunchCMD) for FLASH_LaunchCMD
    flash.o(i.FLASH_Unsecure) refers to flash.o(i.FLASH_LaunchCMD) for FLASH_LaunchCMD
    flash.o(i.FLASH_VerifyBackdoorKey) refers to flash.o(i.FLASH_LaunchCMD) for FLASH_LaunchCMD
    startup_mke02z4.o(STACK) refers (Special) to heapauxi.o(.text) for __use_two_region_memory
    startup_mke02z4.o(HEAP) refers (Special) to heapauxi.o(.text) for __use_two_region_memory
    startup_mke02z4.o(RESET) refers (Special) to heapauxi.o(.text) for __use_two_region_memory
    startup_mke02z4.o(RESET) refers to startup_mke02z4.o(STACK) for __initial_sp
    startup_mke02z4.o(RESET) refers to startup_mke02z4.o(.text) for Reset_Handler
    startup_mke02z4.o(RESET) refers to main.o(i.SysTick_Handler) for SysTick_Handler
    startup_mke02z4.o(.ARM.__at_0x400) refers (Special) to heapauxi.o(.text) for __use_two_region_memory
    startup_mke02z4.o(.text) refers (Special) to heapauxi.o(.text) for __use_two_region_memory
    startup_mke02z4.o(.text) refers to startup_mke02z4.o(RESET) for __Vectors
    startup_mke02z4.o(.text) refers to system_mke02z4.o(i.SystemInit) for SystemInit
    startup_mke02z4.o(.text) refers to __main.o(!!!main) for __main
    startup_mke02z4.o(.text) refers to startup_mke02z4.o(HEAP) for Heap_Mem
    startup_mke02z4.o(.text) refers to startup_mke02z4.o(STACK) for Stack_Mem
    system_mke02z4.o(i.SystemCoreClockUpdate) refers to aeabi_sdiv.o(.text) for __aeabi_uidivmod
    system_mke02z4.o(i.SystemCoreClockUpdate) refers to system_mke02z4.o(.data) for SystemCoreClock
    __main.o(!!!main) refers to __rtentry.o(.ARM.Collect$$rtentry$$00000000) for __rt_entry
    __rtentry.o(.ARM.Collect$$rtentry$$00000000) refers (Special) to __rtentry2.o(.ARM.Collect$$rtentry$$0000000A) for __rt_entry_li
    __rtentry.o(.ARM.Collect$$rtentry$$00000000) refers (Special) to __rtentry2.o(.ARM.Collect$$rtentry$$0000000D) for __rt_entry_main
    __rtentry.o(.ARM.Collect$$rtentry$$00000000) refers (Special) to __rtentry2.o(.ARM.Collect$$rtentry$$0000000C) for __rt_entry_postli_1
    __rtentry.o(.ARM.Collect$$rtentry$$00000000) refers (Special) to __rtentry2.o(.ARM.Collect$$rtentry$$00000009) for __rt_entry_postsh_1
    __rtentry.o(.ARM.Collect$$rtentry$$00000000) refers (Special) to __rtentry2.o(.ARM.Collect$$rtentry$$00000002) for __rt_entry_presh_1
    __rtentry.o(.ARM.Collect$$rtentry$$00000000) refers (Special) to __rtentry4.o(.ARM.Collect$$rtentry$$00000004) for __rt_entry_sh
    aeabi_idiv0_sigfpe.o(.text) refers to rt_div0.o(.text) for __rt_div0
    __rtentry2.o(.ARM.Collect$$rtentry$$00000008) refers to boardinit2.o(.text) for _platform_post_stackheap_init
    __rtentry2.o(.ARM.Collect$$rtentry$$0000000A) refers to libinit.o(.ARM.Collect$$libinit$$00000000) for __rt_lib_init
    __rtentry2.o(.ARM.Collect$$rtentry$$0000000B) refers to boardinit3.o(.text) for _platform_post_lib_init
    __rtentry2.o(.ARM.Collect$$rtentry$$0000000D) refers to main.o(i.main) for main
    __rtentry2.o(.ARM.Collect$$rtentry$$0000000D) refers to exit.o(.text) for exit
    __rtentry2.o(.ARM.exidx) refers to __rtentry2.o(.ARM.Collect$$rtentry$$00000001) for .ARM.Collect$$rtentry$$00000001
    __rtentry2.o(.ARM.exidx) refers to __rtentry2.o(.ARM.Collect$$rtentry$$00000008) for .ARM.Collect$$rtentry$$00000008
    __rtentry2.o(.ARM.exidx) refers to __rtentry2.o(.ARM.Collect$$rtentry$$0000000A) for .ARM.Collect$$rtentry$$0000000A
    __rtentry2.o(.ARM.exidx) refers to __rtentry2.o(.ARM.Collect$$rtentry$$0000000B) for .ARM.Collect$$rtentry$$0000000B
    __rtentry2.o(.ARM.exidx) refers to __rtentry2.o(.ARM.Collect$$rtentry$$0000000D) for .ARM.Collect$$rtentry$$0000000D
    __rtentry4.o(.ARM.Collect$$rtentry$$00000004) refers to sys_stackheap_outer.o(.text) for __user_setup_stackheap
    __rtentry4.o(.ARM.exidx) refers to __rtentry4.o(.ARM.Collect$$rtentry$$00000004) for .ARM.Collect$$rtentry$$00000004
    rt_div0.o(.text) refers to defsig_fpe_outer.o(.text) for __rt_SIGFPE
    sys_stackheap_outer.o(.text) refers to libspace.o(.text) for __user_perproc_libspace
    sys_stackheap_outer.o(.text) refers to startup_mke02z4.o(.text) for __user_initial_stackheap
    sys_stackheap_outer.o(__vectab_stack_and_reset_area) refers to tempstk.o(.text) for __temporary_stack_top
    sys_stackheap_outer.o(__vectab_stack_and_reset_area) refers to __main.o(!!!main) for __main
    exit.o(.text) refers to rtexit.o(.ARM.Collect$$rtexit$$00000000) for __rt_exit
    defsig_fpe_outer.o(.text) refers to defsig_fpe_inner.o(.text) for __rt_SIGFPE_inner
    defsig_fpe_outer.o(.text) refers to defsig_exit.o(.text) for __sig_exit
    defsig_fpe_formal.o(.text) refers to rt_raise.o(.text) for __rt_raise
    libinit.o(.ARM.Collect$$libinit$$00000000) refers (Special) to libinit2.o(.ARM.Collect$$libinit$$0000002E) for __rt_lib_init_alloca_1
    libinit.o(.ARM.Collect$$libinit$$00000000) refers (Special) to libinit2.o(.ARM.Collect$$libinit$$0000002C) for __rt_lib_init_argv_1
    libinit.o(.ARM.Collect$$libinit$$00000000) refers (Special) to libinit2.o(.ARM.Collect$$libinit$$0000001B) for __rt_lib_init_atexit_1
    libinit.o(.ARM.Collect$$libinit$$00000000) refers (Special) to libinit2.o(.ARM.Collect$$libinit$$00000021) for __rt_lib_init_clock_1
    libinit.o(.ARM.Collect$$libinit$$00000000) refers (Special) to libinit2.o(.ARM.Collect$$libinit$$00000032) for __rt_lib_init_cpp_1
    libinit.o(.ARM.Collect$$libinit$$00000000) refers (Special) to libinit2.o(.ARM.Collect$$libinit$$00000030) for __rt_lib_init_exceptions_1
    libinit.o(.ARM.Collect$$libinit$$00000000) refers (Special) to libinit2.o(.ARM.Collect$$libinit$$00000002) for __rt_lib_init_fp_1
    libinit.o(.ARM.Collect$$libinit$$00000000) refers (Special) to libinit2.o(.ARM.Collect$$libinit$$0000001F) for __rt_lib_init_fp_trap_1
    libinit.o(.ARM.Collect$$libinit$$00000000) refers (Special) to libinit2.o(.ARM.Collect$$libinit$$00000023) for __rt_lib_init_getenv_1
    libinit.o(.ARM.Collect$$libinit$$00000000) refers (Special) to libinit2.o(.ARM.Collect$$libinit$$0000000A) for __rt_lib_init_heap_1
    libinit.o(.ARM.Collect$$libinit$$00000000) refers (Special) to libinit2.o(.ARM.Collect$$libinit$$00000011) for __rt_lib_init_lc_collate_1
    libinit.o(.ARM.Collect$$libinit$$00000000) refers (Special) to libinit2.o(.ARM.Collect$$libinit$$00000013) for __rt_lib_init_lc_ctype_1
    libinit.o(.ARM.Collect$$libinit$$00000000) refers (Special) to libinit2.o(.ARM.Collect$$libinit$$00000015) for __rt_lib_init_lc_monetary_1
    libinit.o(.ARM.Collect$$libinit$$00000000) refers (Special) to libinit2.o(.ARM.Collect$$libinit$$00000017) for __rt_lib_init_lc_numeric_1
    libinit.o(.ARM.Collect$$libinit$$00000000) refers (Special) to libinit2.o(.ARM.Collect$$libinit$$00000019) for __rt_lib_init_lc_time_1
    libinit.o(.ARM.Collect$$libinit$$00000000) refers (Special) to libinit2.o(.ARM.Collect$$libinit$$00000004) for __rt_lib_init_preinit_1
    libinit.o(.ARM.Collect$$libinit$$00000000) refers (Special) to libinit2.o(.ARM.Collect$$libinit$$0000000E) for __rt_lib_init_rand_1
    libinit.o(.ARM.Collect$$libinit$$00000000) refers (Special) to libinit2.o(.ARM.Collect$$libinit$$00000033) for __rt_lib_init_return
    libinit.o(.ARM.Collect$$libinit$$00000000) refers (Special) to libinit2.o(.ARM.Collect$$libinit$$0000001D) for __rt_lib_init_signal_1
    libinit.o(.ARM.Collect$$libinit$$00000000) refers (Special) to libinit2.o(.ARM.Collect$$libinit$$00000025) for __rt_lib_init_stdio_1
    libinit.o(.ARM.Collect$$libinit$$00000000) refers (Special) to libinit2.o(.ARM.Collect$$libinit$$0000000C) for __rt_lib_init_user_alloc_1
    libspace.o(.text) refers to libspace.o(.bss) for __libspace_start
    rtexit.o(.ARM.Collect$$rtexit$$00000000) refers (Special) to rtexit2.o(.ARM.Collect$$rtexit$$00000004) for __rt_exit_exit
    rtexit.o(.ARM.Collect$$rtexit$$00000000) refers (Special) to rtexit2.o(.ARM.Collect$$rtexit$$00000003) for __rt_exit_ls
    rtexit.o(.ARM.Collect$$rtexit$$00000000) refers (Special) to rtexit2.o(.ARM.Collect$$rtexit$$00000002) for __rt_exit_prels_1
    rtexit.o(.ARM.exidx) refers (Special) to rtexit2.o(.ARM.Collect$$rtexit$$00000004) for __rt_exit_exit
    rtexit.o(.ARM.exidx) refers (Special) to rtexit2.o(.ARM.Collect$$rtexit$$00000003) for __rt_exit_ls
    rtexit.o(.ARM.exidx) refers (Special) to rtexit2.o(.ARM.Collect$$rtexit$$00000002) for __rt_exit_prels_1
    rtexit.o(.ARM.exidx) refers to rtexit.o(.ARM.Collect$$rtexit$$00000000) for .ARM.Collect$$rtexit$$00000000
    rt_raise.o(.text) refers to __raise.o(.text) for __raise
    rt_raise.o(.text) refers to sys_exit.o(.text) for _sys_exit
    defsig_exit.o(.text) refers to sys_exit.o(.text) for _sys_exit
    defsig_fpe_inner.o(.text) refers to defsig_general.o(.text) for __default_signal_display
    libinit2.o(.ARM.Collect$$libinit$$00000010) refers to libinit2.o(.ARM.Collect$$libinit$$0000000F) for .ARM.Collect$$libinit$$0000000F
    libinit2.o(.ARM.Collect$$libinit$$00000012) refers to libinit2.o(.ARM.Collect$$libinit$$0000000F) for .ARM.Collect$$libinit$$0000000F
    libinit2.o(.ARM.Collect$$libinit$$00000014) refers to libinit2.o(.ARM.Collect$$libinit$$0000000F) for .ARM.Collect$$libinit$$0000000F
    libinit2.o(.ARM.Collect$$libinit$$00000016) refers to libinit2.o(.ARM.Collect$$libinit$$0000000F) for .ARM.Collect$$libinit$$0000000F
    libinit2.o(.ARM.Collect$$libinit$$00000018) refers to libinit2.o(.ARM.Collect$$libinit$$0000000F) for .ARM.Collect$$libinit$$0000000F
    libinit2.o(.ARM.Collect$$libinit$$00000026) refers to argv_veneer.o(.text) for __ARM_argv_veneer
    libinit2.o(.ARM.Collect$$libinit$$00000027) refers to argv_veneer.o(.text) for __ARM_argv_veneer
    sys_exit.o(.text) refers (Special) to use_no_semi.o(.text) for __I$use$semihosting
    sys_exit.o(.text) refers (Special) to indicate_semi.o(.text) for __semihosting_library_function
    rtexit2.o(.ARM.Collect$$rtexit$$00000003) refers to libshutdown.o(.ARM.Collect$$libshutdown$$00000000) for __rt_lib_shutdown
    rtexit2.o(.ARM.Collect$$rtexit$$00000004) refers to sys_exit.o(.text) for _sys_exit
    rtexit2.o(.ARM.exidx) refers to rtexit2.o(.ARM.Collect$$rtexit$$00000001) for .ARM.Collect$$rtexit$$00000001
    rtexit2.o(.ARM.exidx) refers to rtexit2.o(.ARM.Collect$$rtexit$$00000003) for .ARM.Collect$$rtexit$$00000003
    rtexit2.o(.ARM.exidx) refers to rtexit2.o(.ARM.Collect$$rtexit$$00000004) for .ARM.Collect$$rtexit$$00000004
    __raise.o(.text) refers to defsig.o(CL$$defsig) for __default_signal_handler
    defsig_general.o(.text) refers to sys_wrch.o(.text) for _ttywrch
    sys_wrch.o(.text) refers (Special) to use_no_semi.o(.text) for __I$use$semihosting
    sys_wrch.o(.text) refers (Special) to indicate_semi.o(.text) for __semihosting_library_function
    defsig.o(CL$$defsig) refers to defsig_fpe_inner.o(.text) for __rt_SIGFPE_inner
    defsig.o(CL$$defsig) refers to defsig_rtmem_inner.o(.text) for __rt_SIGRTMEM_inner
    _get_argv_nomalloc.o(.text) refers (Special) to hrguard.o(.text) for __heap_region$guard
    _get_argv_nomalloc.o(.text) refers to defsig_rtmem_outer.o(.text) for __rt_SIGRTMEM
    _get_argv_nomalloc.o(.text) refers to sys_command.o(.text) for _sys_command_string
    libshutdown.o(.ARM.Collect$$libshutdown$$00000000) refers (Special) to libshutdown2.o(.ARM.Collect$$libshutdown$$00000004) for __rt_lib_shutdown_cpp_1
    libshutdown.o(.ARM.Collect$$libshutdown$$00000000) refers (Special) to libshutdown2.o(.ARM.Collect$$libshutdown$$00000002) for __rt_lib_shutdown_fini_1
    libshutdown.o(.ARM.Collect$$libshutdown$$00000000) refers (Special) to libshutdown2.o(.ARM.Collect$$libshutdown$$00000009) for __rt_lib_shutdown_fp_trap_1
    libshutdown.o(.ARM.Collect$$libshutdown$$00000000) refers (Special) to libshutdown2.o(.ARM.Collect$$libshutdown$$00000011) for __rt_lib_shutdown_heap_1
    libshutdown.o(.ARM.Collect$$libshutdown$$00000000) refers (Special) to libshutdown2.o(.ARM.Collect$$libshutdown$$00000012) for __rt_lib_shutdown_return
    libshutdown.o(.ARM.Collect$$libshutdown$$00000000) refers (Special) to libshutdown2.o(.ARM.Collect$$libshutdown$$0000000C) for __rt_lib_shutdown_signal_1
    libshutdown.o(.ARM.Collect$$libshutdown$$00000000) refers (Special) to libshutdown2.o(.ARM.Collect$$libshutdown$$00000006) for __rt_lib_shutdown_stdio_1
    libshutdown.o(.ARM.Collect$$libshutdown$$00000000) refers (Special) to libshutdown2.o(.ARM.Collect$$libshutdown$$0000000E) for __rt_lib_shutdown_user_alloc_1
    sys_command.o(.text) refers (Special) to use_no_semi.o(.text) for __I$use$semihosting
    sys_command.o(.text) refers (Special) to indicate_semi.o(.text) for __semihosting_library_function
    defsig_abrt_inner.o(.text) refers to defsig_general.o(.text) for __default_signal_display
    defsig_rtred_inner.o(.text) refers to defsig_general.o(.text) for __default_signal_display
    defsig_rtmem_inner.o(.text) refers to defsig_general.o(.text) for __default_signal_display
    defsig_rtmem_outer.o(.text) refers to defsig_rtmem_inner.o(.text) for __rt_SIGRTMEM_inner
    defsig_rtmem_outer.o(.text) refers to defsig_exit.o(.text) for __sig_exit
    defsig_rtmem_formal.o(.text) refers to rt_raise.o(.text) for __rt_raise
    defsig_stak_inner.o(.text) refers to defsig_general.o(.text) for __default_signal_display
    defsig_pvfn_inner.o(.text) refers to defsig_general.o(.text) for __default_signal_display
    defsig_cppl_inner.o(.text) refers to defsig_general.o(.text) for __default_signal_display
    defsig_segv_inner.o(.text) refers to defsig_general.o(.text) for __default_signal_display
    defsig_other.o(.text) refers to defsig_general.o(.text) for __default_signal_display


==============================================================================

Removing Unused input sections from the image.

    Removing main.o(.rev16_text), (4 bytes).
    Removing main.o(.revsh_text), (4 bytes).
    Removing main.o(i.updat_password), (32 bytes).
    Removing i2c.o(.rev16_text), (4 bytes).
    Removing i2c.o(.revsh_text), (4 bytes).
    Removing i2c.o(i.draw_icon), (62 bytes).
    Removing i2c.o(i.i2c_start), (64 bytes).
    Removing i2c.o(i.i2c_write), (44 bytes).
    Removing i2c.o(i.oled_vertical_clear_center), (114 bytes).
    Removing i2c.o(.data), (4 bytes).
    Removing flash.o(.rev16_text), (4 bytes).
    Removing flash.o(.revsh_text), (4 bytes).
    Removing flash.o(i.FLASH_CheckErrStatus), (84 bytes).
    Removing flash.o(i.FLASH_EraseAll), (108 bytes).
    Removing flash.o(i.FLASH_EraseBlock), (148 bytes).
    Removing flash.o(i.FLASH_EraseBlock_NoWait), (68 bytes).
    Removing flash.o(i.FLASH_EraseSector), (144 bytes).
    Removing flash.o(i.FLASH_EraseVerifyAll), (88 bytes).
    Removing flash.o(i.FLASH_EraseVerifyBlock), (128 bytes).
    Removing flash.o(i.FLASH_EraseVerifySection), (136 bytes).
    Removing flash.o(i.FLASH_Program), (212 bytes).
    Removing flash.o(i.FLASH_Program2LongWords), (200 bytes).
    Removing flash.o(i.FLASH_ProgramOnce), (168 bytes).
    Removing flash.o(i.FLASH_ReadOnce), (172 bytes).
    Removing flash.o(i.FLASH_SetUserMarginLevel), (152 bytes).
    Removing flash.o(i.FLASH_Unsecure), (112 bytes).
    Removing flash.o(i.FLASH_VerifyBackdoorKey), (124 bytes).
    Removing system_mke02z4.o(.rev16_text), (4 bytes).
    Removing system_mke02z4.o(.revsh_text), (4 bytes).

29 unused section(s) (total 2396 bytes) removed from the image.

==============================================================================

Image Symbol Table

    Local Symbols

    Symbol Name                              Value     Ov Type        Size  Object(Section)

    RESET                                    0x00000000   Section      192  startup_mke02z4.o(RESET)
    ../clib/angel/boardlib.s                 0x00000000   Number         0  boardshut.o ABSOLUTE
    ../clib/angel/boardlib.s                 0x00000000   Number         0  boardinit1.o ABSOLUTE
    ../clib/angel/boardlib.s                 0x00000000   Number         0  boardinit2.o ABSOLUTE
    ../clib/angel/boardlib.s                 0x00000000   Number         0  boardinit3.o ABSOLUTE
    ../clib/angel/handlers.s                 0x00000000   Number         0  __scatter_zi.o ABSOLUTE
    ../clib/angel/handlers.s                 0x00000000   Number         0  __scatter_copy.o ABSOLUTE
    ../clib/angel/kernel.s                   0x00000000   Number         0  rtexit.o ABSOLUTE
    ../clib/angel/kernel.s                   0x00000000   Number         0  __rtentry4.o ABSOLUTE
    ../clib/angel/kernel.s                   0x00000000   Number         0  __rtentry.o ABSOLUTE
    ../clib/angel/kernel.s                   0x00000000   Number         0  __rtentry2.o ABSOLUTE
    ../clib/angel/kernel.s                   0x00000000   Number         0  rtexit2.o ABSOLUTE
    ../clib/angel/rt.s                       0x00000000   Number         0  rt_div0.o ABSOLUTE
    ../clib/angel/rt.s                       0x00000000   Number         0  aeabi_idiv0.o ABSOLUTE
    ../clib/angel/rt.s                       0x00000000   Number         0  aeabi_idiv0_sigfpe.o ABSOLUTE
    ../clib/angel/rt.s                       0x00000000   Number         0  rt_raise.o ABSOLUTE
    ../clib/angel/scatterp.s                 0x00000000   Number         0  __scatter.o ABSOLUTE
    ../clib/angel/startup.s                  0x00000000   Number         0  __main.o ABSOLUTE
    ../clib/angel/sys.s                      0x00000000   Number         0  tempstk.o ABSOLUTE
    ../clib/angel/sys.s                      0x00000000   Number         0  sys_stackheap_outer.o ABSOLUTE
    ../clib/angel/sys.s                      0x00000000   Number         0  libspace.o ABSOLUTE
    ../clib/angel/sys.s                      0x00000000   Number         0  use_no_semi.o ABSOLUTE
    ../clib/angel/sys.s                      0x00000000   Number         0  indicate_semi.o ABSOLUTE
    ../clib/angel/sysapp.c                   0x00000000   Number         0  sys_command.o ABSOLUTE
    ../clib/angel/sysapp.c                   0x00000000   Number         0  sys_wrch.o ABSOLUTE
    ../clib/angel/sysapp.c                   0x00000000   Number         0  sys_exit.o ABSOLUTE
    ../clib/armsys.c                         0x00000000   Number         0  no_argv.o ABSOLUTE
    ../clib/armsys.c                         0x00000000   Number         0  _get_argv_nomalloc.o ABSOLUTE
    ../clib/armsys.c                         0x00000000   Number         0  argv_veneer.o ABSOLUTE
    ../clib/division.s                       0x00000000   Number         0  aeabi_sdiv.o ABSOLUTE
    ../clib/division.s                       0x00000000   Number         0  aeabi_sdiv_div0.o ABSOLUTE
    ../clib/heapalloc.c                      0x00000000   Number         0  hrguard.o ABSOLUTE
    ../clib/heapaux.c                        0x00000000   Number         0  heapauxi.o ABSOLUTE
    ../clib/libinit.s                        0x00000000   Number         0  libinit.o ABSOLUTE
    ../clib/libinit.s                        0x00000000   Number         0  libshutdown2.o ABSOLUTE
    ../clib/libinit.s                        0x00000000   Number         0  libshutdown.o ABSOLUTE
    ../clib/libinit.s                        0x00000000   Number         0  libinit2.o ABSOLUTE
    ../clib/signal.c                         0x00000000   Number         0  defsig_fpe_inner.o ABSOLUTE
    ../clib/signal.c                         0x00000000   Number         0  __raise.o ABSOLUTE
    ../clib/signal.c                         0x00000000   Number         0  defsig_general.o ABSOLUTE
    ../clib/signal.c                         0x00000000   Number         0  defsig_abrt_inner.o ABSOLUTE
    ../clib/signal.c                         0x00000000   Number         0  defsig_rtred_inner.o ABSOLUTE
    ../clib/signal.c                         0x00000000   Number         0  defsig_rtmem_inner.o ABSOLUTE
    ../clib/signal.c                         0x00000000   Number         0  defsig_rtmem_outer.o ABSOLUTE
    ../clib/signal.c                         0x00000000   Number         0  defsig_stak_inner.o ABSOLUTE
    ../clib/signal.c                         0x00000000   Number         0  defsig_pvfn_inner.o ABSOLUTE
    ../clib/signal.c                         0x00000000   Number         0  defsig_cppl_inner.o ABSOLUTE
    ../clib/signal.c                         0x00000000   Number         0  defsig_segv_inner.o ABSOLUTE
    ../clib/signal.c                         0x00000000   Number         0  defsig_other.o ABSOLUTE
    ../clib/signal.c                         0x00000000   Number         0  defsig_fpe_outer.o ABSOLUTE
    ../clib/signal.c                         0x00000000   Number         0  defsig_fpe_formal.o ABSOLUTE
    ../clib/signal.c                         0x00000000   Number         0  defsig_rtmem_formal.o ABSOLUTE
    ../clib/signal.c                         0x00000000   Number         0  defsig_exit.o ABSOLUTE
    ../clib/signal.s                         0x00000000   Number         0  defsig.o ABSOLUTE
    ../clib/stdlib.c                         0x00000000   Number         0  exit.o ABSOLUTE
    ../clib/string.c                         0x00000000   Number         0  strlen.o ABSOLUTE
    ../fplib/cfplib/fpinit.c                 0x00000000   Number         0  fpinit.o ABSOLUTE
    RTE\Device\MKE02Z64xxx4\startup_MKE02Z4.s 0x00000000   Number         0  startup_mke02z4.o ABSOLUTE
    RTE\Device\MKE02Z64xxx4\system_MKE02Z4.c 0x00000000   Number         0  system_mke02z4.o ABSOLUTE
    RTE\\Device\\MKE02Z64xxx4\\system_MKE02Z4.c 0x00000000   Number         0  system_mke02z4.o ABSOLUTE
    dc.s                                     0x00000000   Number         0  dc.o ABSOLUTE
    derivative.c                             0x00000000   Number         0  derivative.o ABSOLUTE
    flash.c                                  0x00000000   Number         0  flash.o ABSOLUTE
    flash.c                                  0x00000000   Number         0  flash.o ABSOLUTE
    i2c.c                                    0x00000000   Number         0  i2c.o ABSOLUTE
    i2c.c                                    0x00000000   Number         0  i2c.o ABSOLUTE
    main.c                                   0x00000000   Number         0  main.o ABSOLUTE
    main.c                                   0x00000000   Number         0  main.o ABSOLUTE
    !!!main                                  0x000000c0   Section        8  __main.o(!!!main)
    !!!scatter                               0x000000c8   Section       60  __scatter.o(!!!scatter)
    !!handler_copy                           0x00000104   Section       26  __scatter_copy.o(!!handler_copy)
    !!handler_zi                             0x00000120   Section       28  __scatter_zi.o(!!handler_zi)
    .ARM.Collect$$libinit$$00000000          0x0000013c   Section        2  libinit.o(.ARM.Collect$$libinit$$00000000)
    .ARM.Collect$$libinit$$00000002          0x0000013e   Section        0  libinit2.o(.ARM.Collect$$libinit$$00000002)
    .ARM.Collect$$libinit$$00000004          0x0000013e   Section        0  libinit2.o(.ARM.Collect$$libinit$$00000004)
    .ARM.Collect$$libinit$$0000000A          0x0000013e   Section        0  libinit2.o(.ARM.Collect$$libinit$$0000000A)
    .ARM.Collect$$libinit$$0000000C          0x0000013e   Section        0  libinit2.o(.ARM.Collect$$libinit$$0000000C)
    .ARM.Collect$$libinit$$0000000E          0x0000013e   Section        0  libinit2.o(.ARM.Collect$$libinit$$0000000E)
    .ARM.Collect$$libinit$$00000011          0x0000013e   Section        0  libinit2.o(.ARM.Collect$$libinit$$00000011)
    .ARM.Collect$$libinit$$00000013          0x0000013e   Section        0  libinit2.o(.ARM.Collect$$libinit$$00000013)
    .ARM.Collect$$libinit$$00000015          0x0000013e   Section        0  libinit2.o(.ARM.Collect$$libinit$$00000015)
    .ARM.Collect$$libinit$$00000017          0x0000013e   Section        0  libinit2.o(.ARM.Collect$$libinit$$00000017)
    .ARM.Collect$$libinit$$00000019          0x0000013e   Section        0  libinit2.o(.ARM.Collect$$libinit$$00000019)
    .ARM.Collect$$libinit$$0000001B          0x0000013e   Section        0  libinit2.o(.ARM.Collect$$libinit$$0000001B)
    .ARM.Collect$$libinit$$0000001D          0x0000013e   Section        0  libinit2.o(.ARM.Collect$$libinit$$0000001D)
    .ARM.Collect$$libinit$$0000001F          0x0000013e   Section        0  libinit2.o(.ARM.Collect$$libinit$$0000001F)
    .ARM.Collect$$libinit$$00000021          0x0000013e   Section        0  libinit2.o(.ARM.Collect$$libinit$$00000021)
    .ARM.Collect$$libinit$$00000023          0x0000013e   Section        0  libinit2.o(.ARM.Collect$$libinit$$00000023)
    .ARM.Collect$$libinit$$00000025          0x0000013e   Section        0  libinit2.o(.ARM.Collect$$libinit$$00000025)
    .ARM.Collect$$libinit$$0000002C          0x0000013e   Section        0  libinit2.o(.ARM.Collect$$libinit$$0000002C)
    .ARM.Collect$$libinit$$0000002E          0x0000013e   Section        0  libinit2.o(.ARM.Collect$$libinit$$0000002E)
    .ARM.Collect$$libinit$$00000030          0x0000013e   Section        0  libinit2.o(.ARM.Collect$$libinit$$00000030)
    .ARM.Collect$$libinit$$00000032          0x0000013e   Section        0  libinit2.o(.ARM.Collect$$libinit$$00000032)
    .ARM.Collect$$libinit$$00000033          0x0000013e   Section        2  libinit2.o(.ARM.Collect$$libinit$$00000033)
    .ARM.Collect$$libshutdown$$00000000      0x00000140   Section        2  libshutdown.o(.ARM.Collect$$libshutdown$$00000000)
    .ARM.Collect$$libshutdown$$00000002      0x00000142   Section        0  libshutdown2.o(.ARM.Collect$$libshutdown$$00000002)
    .ARM.Collect$$libshutdown$$00000004      0x00000142   Section        0  libshutdown2.o(.ARM.Collect$$libshutdown$$00000004)
    .ARM.Collect$$libshutdown$$00000006      0x00000142   Section        0  libshutdown2.o(.ARM.Collect$$libshutdown$$00000006)
    .ARM.Collect$$libshutdown$$00000009      0x00000142   Section        0  libshutdown2.o(.ARM.Collect$$libshutdown$$00000009)
    .ARM.Collect$$libshutdown$$0000000C      0x00000142   Section        0  libshutdown2.o(.ARM.Collect$$libshutdown$$0000000C)
    .ARM.Collect$$libshutdown$$0000000E      0x00000142   Section        0  libshutdown2.o(.ARM.Collect$$libshutdown$$0000000E)
    .ARM.Collect$$libshutdown$$00000011      0x00000142   Section        0  libshutdown2.o(.ARM.Collect$$libshutdown$$00000011)
    .ARM.Collect$$libshutdown$$00000012      0x00000142   Section        2  libshutdown2.o(.ARM.Collect$$libshutdown$$00000012)
    .ARM.Collect$$rtentry$$00000000          0x00000144   Section        0  __rtentry.o(.ARM.Collect$$rtentry$$00000000)
    .ARM.Collect$$rtentry$$00000002          0x00000144   Section        0  __rtentry2.o(.ARM.Collect$$rtentry$$00000002)
    .ARM.Collect$$rtentry$$00000004          0x00000144   Section        6  __rtentry4.o(.ARM.Collect$$rtentry$$00000004)
    .ARM.Collect$$rtentry$$00000009          0x0000014a   Section        0  __rtentry2.o(.ARM.Collect$$rtentry$$00000009)
    .ARM.Collect$$rtentry$$0000000A          0x0000014a   Section        4  __rtentry2.o(.ARM.Collect$$rtentry$$0000000A)
    .ARM.Collect$$rtentry$$0000000C          0x0000014e   Section        0  __rtentry2.o(.ARM.Collect$$rtentry$$0000000C)
    .ARM.Collect$$rtentry$$0000000D          0x0000014e   Section        8  __rtentry2.o(.ARM.Collect$$rtentry$$0000000D)
    .ARM.Collect$$rtexit$$00000000           0x00000156   Section        2  rtexit.o(.ARM.Collect$$rtexit$$00000000)
    .ARM.Collect$$rtexit$$00000002           0x00000158   Section        0  rtexit2.o(.ARM.Collect$$rtexit$$00000002)
    .ARM.Collect$$rtexit$$00000003           0x00000158   Section        4  rtexit2.o(.ARM.Collect$$rtexit$$00000003)
    .ARM.Collect$$rtexit$$00000004           0x0000015c   Section        6  rtexit2.o(.ARM.Collect$$rtexit$$00000004)
    .text                                    0x00000164   Section      132  startup_mke02z4.o(.text)
    .text                                    0x000001e8   Section        0  strlen.o(.text)
    .text                                    0x0000022c   Section      346  aeabi_sdiv.o(.text)
    .text                                    0x00000386   Section        0  heapauxi.o(.text)
    .text                                    0x0000038c   Section       62  sys_stackheap_outer.o(.text)
    .text                                    0x000003ca   Section        0  exit.o(.text)
    .text                                    0x000003dc   Section        8  libspace.o(.text)
    .text                                    0x000003e4   Section        0  sys_exit.o(.text)
    .text                                    0x000003f0   Section        2  use_no_semi.o(.text)
    .text                                    0x000003f2   Section        0  indicate_semi.o(.text)
    .ARM.__at_0x400                          0x00000400   Section       16  startup_mke02z4.o(.ARM.__at_0x400)
    i.Delay                                  0x00000410   Section        0  main.o(i.Delay)
    i.FLASH_Init                             0x00000434   Section        0  flash.o(i.FLASH_Init)
    i.FLASH_LaunchCMD                        0x000004c8   Section        0  flash.o(i.FLASH_LaunchCMD)
    i.FLASH_Program1LongWord                 0x000004f8   Section        0  flash.o(i.FLASH_Program1LongWord)
    i.PW_Validation                          0x000005a4   Section        0  main.o(i.PW_Validation)
    i.SysTick_Handler                        0x00000678   Section        0  main.o(i.SysTick_Handler)
    i.SystemCoreClockUpdate                  0x00000688   Section        0  system_mke02z4.o(i.SystemCoreClockUpdate)
    i.SystemInit                             0x00000720   Section        0  system_mke02z4.o(i.SystemInit)
    i.__ARM_common_switch8                   0x00000754   Section        0  main.o(i.__ARM_common_switch8)
    i.__NVIC_SetPriority                     0x00000770   Section        0  main.o(i.__NVIC_SetPriority)
    __NVIC_SetPriority                       0x00000771   Thumb Code   110  main.o(i.__NVIC_SetPriority)
    i.display_password_masked                0x000007e8   Section        0  main.o(i.display_password_masked)
    i.flashReadPassword                      0x00000868   Section        0  main.o(i.flashReadPassword)
    i.flashWritePassword                     0x000008a8   Section        0  main.o(i.flashWritePassword)
    i.i2c_add                                0x000008e8   Section        0  i2c.o(i.i2c_add)
    i.i2c_data                               0x0000093c   Section        0  i2c.o(i.i2c_data)
    i.i2c_int                                0x00000970   Section        0  i2c.o(i.i2c_int)
    i.i2c_start1                             0x000009a8   Section        0  i2c.o(i.i2c_start1)
    i.i2c_stop                               0x000009e4   Section        0  i2c.o(i.i2c_stop)
    i.main                                   0x000009f8   Section        0  main.o(i.main)
    i.mcu_init                               0x00000d90   Section        0  main.o(i.mcu_init)
    i.oled_blank                             0x00000dd4   Section        0  i2c.o(i.oled_blank)
    i.oled_cmd_1byte                         0x00000e08   Section        0  i2c.o(i.oled_cmd_1byte)
    i.oled_cmd_2byte                         0x00000e2e   Section        0  i2c.o(i.oled_cmd_2byte)
    i.oled_data                              0x00000e60   Section        0  i2c.o(i.oled_data)
    i.oled_init                              0x00000e84   Section        0  i2c.o(i.oled_init)
    i.oled_pos                               0x00000f74   Section        0  i2c.o(i.oled_pos)
    i.print_char                             0x00000f9c   Section        0  i2c.o(i.print_char)
    i.print_string                           0x00001034   Section        0  i2c.o(i.print_string)
    i.shift_place                            0x00001064   Section        0  main.o(i.shift_place)
    i.show_mode                              0x000011a4   Section        0  main.o(i.show_mode)
    .constdata                               0x000011d4   Section     7136  i2c.o(.constdata)
    .conststring                             0x00002db4   Section       52  main.o(.conststring)
    .data                                    0x1ffffc00   Section       68  main.o(.data)
    .data                                    0x1ffffc44   Section        4  system_mke02z4.o(.data)
    .bss                                     0x1ffffc48   Section       96  libspace.o(.bss)
    HEAP                                     0x1ffffca8   Section        0  startup_mke02z4.o(HEAP)
    STACK                                    0x1ffffca8   Section     1024  startup_mke02z4.o(STACK)
    Heap_Mem                                 0x1ffffca8   Data           0  startup_mke02z4.o(HEAP)
    Stack_Mem                                0x1ffffca8   Data        1024  startup_mke02z4.o(STACK)
    __initial_sp                             0x200000a8   Data           0  startup_mke02z4.o(STACK)

    Global Symbols

    Symbol Name                              Value     Ov Type        Size  Object(Section)

    BuildAttributes$$THM_ISAv3M$S$PE$A:L22$X:L11$S22$IEEE1$IW$USESV6$~STKCKD$USESV7$~SHL$OSPACE$ROPI$EBA8$UX$STANDARDLIB$REQ8$PRES8$EABIv2 0x00000000   Number         0  anon$$obj.o ABSOLUTE
    __ARM_use_no_argv                        0x00000000   Number         0  main.o ABSOLUTE
    __Vectors                                0x00000000   Data           4  startup_mke02z4.o(RESET)
    __ARM_exceptions_init                     - Undefined Weak Reference
    __alloca_initialize                       - Undefined Weak Reference
    __arm_fini_                               - Undefined Weak Reference
    __arm_preinit_                            - Undefined Weak Reference
    __cpp_initialize__aeabi_                  - Undefined Weak Reference
    __cxa_finalize                            - Undefined Weak Reference
    __rt_locale                               - Undefined Weak Reference
    __sigvec_lookup                           - Undefined Weak Reference
    _atexit_init                              - Undefined Weak Reference
    _call_atexit_fns                          - Undefined Weak Reference
    _clock_init                               - Undefined Weak Reference
    _fp_trap_init                             - Undefined Weak Reference
    _fp_trap_shutdown                         - Undefined Weak Reference
    _get_lc_collate                           - Undefined Weak Reference
    _get_lc_ctype                             - Undefined Weak Reference
    _get_lc_monetary                          - Undefined Weak Reference
    _get_lc_numeric                           - Undefined Weak Reference
    _get_lc_time                              - Undefined Weak Reference
    _getenv_init                              - Undefined Weak Reference
    _handle_redirection                       - Undefined Weak Reference
    _init_alloc                               - Undefined Weak Reference
    _init_user_alloc                          - Undefined Weak Reference
    _initio                                   - Undefined Weak Reference
    _rand_init                                - Undefined Weak Reference
    _signal_finish                            - Undefined Weak Reference
    _signal_init                              - Undefined Weak Reference
    _terminate_alloc                          - Undefined Weak Reference
    _terminate_user_alloc                     - Undefined Weak Reference
    _terminateio                              - Undefined Weak Reference
    __Vectors_End                            0x000000c0   Data           0  startup_mke02z4.o(RESET)
    __Vectors_Size                           0x000000c0   Number         0  startup_mke02z4.o ABSOLUTE
    __main                                   0x000000c1   Thumb Code     8  __main.o(!!!main)
    __scatterload                            0x000000c9   Thumb Code     0  __scatter.o(!!!scatter)
    __scatterload_rt2                        0x000000c9   Thumb Code    52  __scatter.o(!!!scatter)
    __scatterload_rt2_thumb_only             0x000000c9   Thumb Code     0  __scatter.o(!!!scatter)
    __scatterload_null                       0x000000d9   Thumb Code     0  __scatter.o(!!!scatter)
    __scatterload_copy                       0x00000105   Thumb Code    26  __scatter_copy.o(!!handler_copy)
    __scatterload_zeroinit                   0x00000121   Thumb Code    28  __scatter_zi.o(!!handler_zi)
    __rt_lib_init                            0x0000013d   Thumb Code     0  libinit.o(.ARM.Collect$$libinit$$00000000)
    __rt_lib_init_alloca_1                   0x0000013f   Thumb Code     0  libinit2.o(.ARM.Collect$$libinit$$0000002E)
    __rt_lib_init_argv_1                     0x0000013f   Thumb Code     0  libinit2.o(.ARM.Collect$$libinit$$0000002C)
    __rt_lib_init_atexit_1                   0x0000013f   Thumb Code     0  libinit2.o(.ARM.Collect$$libinit$$0000001B)
    __rt_lib_init_clock_1                    0x0000013f   Thumb Code     0  libinit2.o(.ARM.Collect$$libinit$$00000021)
    __rt_lib_init_cpp_1                      0x0000013f   Thumb Code     0  libinit2.o(.ARM.Collect$$libinit$$00000032)
    __rt_lib_init_exceptions_1               0x0000013f   Thumb Code     0  libinit2.o(.ARM.Collect$$libinit$$00000030)
    __rt_lib_init_fp_1                       0x0000013f   Thumb Code     0  libinit2.o(.ARM.Collect$$libinit$$00000002)
    __rt_lib_init_fp_trap_1                  0x0000013f   Thumb Code     0  libinit2.o(.ARM.Collect$$libinit$$0000001F)
    __rt_lib_init_getenv_1                   0x0000013f   Thumb Code     0  libinit2.o(.ARM.Collect$$libinit$$00000023)
    __rt_lib_init_heap_1                     0x0000013f   Thumb Code     0  libinit2.o(.ARM.Collect$$libinit$$0000000A)
    __rt_lib_init_lc_collate_1               0x0000013f   Thumb Code     0  libinit2.o(.ARM.Collect$$libinit$$00000011)
    __rt_lib_init_lc_ctype_1                 0x0000013f   Thumb Code     0  libinit2.o(.ARM.Collect$$libinit$$00000013)
    __rt_lib_init_lc_monetary_1              0x0000013f   Thumb Code     0  libinit2.o(.ARM.Collect$$libinit$$00000015)
    __rt_lib_init_lc_numeric_1               0x0000013f   Thumb Code     0  libinit2.o(.ARM.Collect$$libinit$$00000017)
    __rt_lib_init_lc_time_1                  0x0000013f   Thumb Code     0  libinit2.o(.ARM.Collect$$libinit$$00000019)
    __rt_lib_init_preinit_1                  0x0000013f   Thumb Code     0  libinit2.o(.ARM.Collect$$libinit$$00000004)
    __rt_lib_init_rand_1                     0x0000013f   Thumb Code     0  libinit2.o(.ARM.Collect$$libinit$$0000000E)
    __rt_lib_init_return                     0x0000013f   Thumb Code     0  libinit2.o(.ARM.Collect$$libinit$$00000033)
    __rt_lib_init_signal_1                   0x0000013f   Thumb Code     0  libinit2.o(.ARM.Collect$$libinit$$0000001D)
    __rt_lib_init_stdio_1                    0x0000013f   Thumb Code     0  libinit2.o(.ARM.Collect$$libinit$$00000025)
    __rt_lib_init_user_alloc_1               0x0000013f   Thumb Code     0  libinit2.o(.ARM.Collect$$libinit$$0000000C)
    __rt_lib_shutdown                        0x00000141   Thumb Code     0  libshutdown.o(.ARM.Collect$$libshutdown$$00000000)
    __rt_lib_shutdown_cpp_1                  0x00000143   Thumb Code     0  libshutdown2.o(.ARM.Collect$$libshutdown$$00000004)
    __rt_lib_shutdown_fini_1                 0x00000143   Thumb Code     0  libshutdown2.o(.ARM.Collect$$libshutdown$$00000002)
    __rt_lib_shutdown_fp_trap_1              0x00000143   Thumb Code     0  libshutdown2.o(.ARM.Collect$$libshutdown$$00000009)
    __rt_lib_shutdown_heap_1                 0x00000143   Thumb Code     0  libshutdown2.o(.ARM.Collect$$libshutdown$$00000011)
    __rt_lib_shutdown_return                 0x00000143   Thumb Code     0  libshutdown2.o(.ARM.Collect$$libshutdown$$00000012)
    __rt_lib_shutdown_signal_1               0x00000143   Thumb Code     0  libshutdown2.o(.ARM.Collect$$libshutdown$$0000000C)
    __rt_lib_shutdown_stdio_1                0x00000143   Thumb Code     0  libshutdown2.o(.ARM.Collect$$libshutdown$$00000006)
    __rt_lib_shutdown_user_alloc_1           0x00000143   Thumb Code     0  libshutdown2.o(.ARM.Collect$$libshutdown$$0000000E)
    __rt_entry                               0x00000145   Thumb Code     0  __rtentry.o(.ARM.Collect$$rtentry$$00000000)
    __rt_entry_presh_1                       0x00000145   Thumb Code     0  __rtentry2.o(.ARM.Collect$$rtentry$$00000002)
    __rt_entry_sh                            0x00000145   Thumb Code     0  __rtentry4.o(.ARM.Collect$$rtentry$$00000004)
    __rt_entry_li                            0x0000014b   Thumb Code     0  __rtentry2.o(.ARM.Collect$$rtentry$$0000000A)
    __rt_entry_postsh_1                      0x0000014b   Thumb Code     0  __rtentry2.o(.ARM.Collect$$rtentry$$00000009)
    __rt_entry_main                          0x0000014f   Thumb Code     0  __rtentry2.o(.ARM.Collect$$rtentry$$0000000D)
    __rt_entry_postli_1                      0x0000014f   Thumb Code     0  __rtentry2.o(.ARM.Collect$$rtentry$$0000000C)
    __rt_exit                                0x00000157   Thumb Code     0  rtexit.o(.ARM.Collect$$rtexit$$00000000)
    __rt_exit_ls                             0x00000159   Thumb Code     0  rtexit2.o(.ARM.Collect$$rtexit$$00000003)
    __rt_exit_prels_1                        0x00000159   Thumb Code     0  rtexit2.o(.ARM.Collect$$rtexit$$00000002)
    __rt_exit_exit                           0x0000015d   Thumb Code     0  rtexit2.o(.ARM.Collect$$rtexit$$00000004)
    Reset_Handler                            0x00000165   Thumb Code    24  startup_mke02z4.o(.text)
    NMI_Handler                              0x0000017d   Thumb Code     2  startup_mke02z4.o(.text)
    HardFault_Handler                        0x0000017f   Thumb Code     2  startup_mke02z4.o(.text)
    SVC_Handler                              0x00000181   Thumb Code     2  startup_mke02z4.o(.text)
    PendSV_Handler                           0x00000183   Thumb Code     2  startup_mke02z4.o(.text)
    I2C0_IRQHandler                          0x00000187   Thumb Code     4  startup_mke02z4.o(.text)
    SPI0_IRQHandler                          0x0000018b   Thumb Code     4  startup_mke02z4.o(.text)
    SPI1_IRQHandler                          0x0000018f   Thumb Code     4  startup_mke02z4.o(.text)
    UART0_IRQHandler                         0x00000193   Thumb Code     4  startup_mke02z4.o(.text)
    UART1_IRQHandler                         0x00000197   Thumb Code     4  startup_mke02z4.o(.text)
    UART2_IRQHandler                         0x0000019b   Thumb Code     4  startup_mke02z4.o(.text)
    ACMP0_IRQHandler                         0x0000019f   Thumb Code     0  startup_mke02z4.o(.text)
    ACMP1_IRQHandler                         0x0000019f   Thumb Code     0  startup_mke02z4.o(.text)
    ADC_IRQHandler                           0x0000019f   Thumb Code     0  startup_mke02z4.o(.text)
    DefaultISR                               0x0000019f   Thumb Code     0  startup_mke02z4.o(.text)
    FTM0_IRQHandler                          0x0000019f   Thumb Code     0  startup_mke02z4.o(.text)
    FTM1_IRQHandler                          0x0000019f   Thumb Code     0  startup_mke02z4.o(.text)
    FTM2_IRQHandler                          0x0000019f   Thumb Code     0  startup_mke02z4.o(.text)
    FTMRH_IRQHandler                         0x0000019f   Thumb Code     0  startup_mke02z4.o(.text)
    I2C0_DriverIRQHandler                    0x0000019f   Thumb Code     0  startup_mke02z4.o(.text)
    ICS_IRQHandler                           0x0000019f   Thumb Code     0  startup_mke02z4.o(.text)
    IRQ_IRQHandler                           0x0000019f   Thumb Code     0  startup_mke02z4.o(.text)
    KBI0_IRQHandler                          0x0000019f   Thumb Code     0  startup_mke02z4.o(.text)
    KBI1_IRQHandler                          0x0000019f   Thumb Code     0  startup_mke02z4.o(.text)
    PIT_CH0_IRQHandler                       0x0000019f   Thumb Code     0  startup_mke02z4.o(.text)
    PIT_CH1_IRQHandler                       0x0000019f   Thumb Code     0  startup_mke02z4.o(.text)
    PMC_IRQHandler                           0x0000019f   Thumb Code     0  startup_mke02z4.o(.text)
    RTC_IRQHandler                           0x0000019f   Thumb Code     0  startup_mke02z4.o(.text)
    Reserved16_IRQHandler                    0x0000019f   Thumb Code     0  startup_mke02z4.o(.text)
    Reserved17_IRQHandler                    0x0000019f   Thumb Code     0  startup_mke02z4.o(.text)
    Reserved18_IRQHandler                    0x0000019f   Thumb Code     0  startup_mke02z4.o(.text)
    Reserved19_IRQHandler                    0x0000019f   Thumb Code     0  startup_mke02z4.o(.text)
    Reserved20_IRQHandler                    0x0000019f   Thumb Code     0  startup_mke02z4.o(.text)
    Reserved25_IRQHandler                    0x0000019f   Thumb Code     0  startup_mke02z4.o(.text)
    Reserved42_IRQHandler                    0x0000019f   Thumb Code     0  startup_mke02z4.o(.text)
    Reserved45_IRQHandler                    0x0000019f   Thumb Code     0  startup_mke02z4.o(.text)
    Reserved46_IRQHandler                    0x0000019f   Thumb Code     0  startup_mke02z4.o(.text)
    Reserved47_IRQHandler                    0x0000019f   Thumb Code     0  startup_mke02z4.o(.text)
    SPI0_DriverIRQHandler                    0x0000019f   Thumb Code     0  startup_mke02z4.o(.text)
    SPI1_DriverIRQHandler                    0x0000019f   Thumb Code     0  startup_mke02z4.o(.text)
    UART0_DriverIRQHandler                   0x0000019f   Thumb Code     0  startup_mke02z4.o(.text)
    UART1_DriverIRQHandler                   0x0000019f   Thumb Code     0  startup_mke02z4.o(.text)
    UART2_DriverIRQHandler                   0x0000019f   Thumb Code     0  startup_mke02z4.o(.text)
    WDOG_IRQHandler                          0x0000019f   Thumb Code     0  startup_mke02z4.o(.text)
    __user_initial_stackheap                 0x000001a5   Thumb Code     0  startup_mke02z4.o(.text)
    strlen                                   0x000001e9   Thumb Code    62  strlen.o(.text)
    __aeabi_uidiv                            0x0000022d   Thumb Code     0  aeabi_sdiv.o(.text)
    __aeabi_uidivmod                         0x0000022d   Thumb Code    20  aeabi_sdiv.o(.text)
    __aeabi_idiv                             0x00000241   Thumb Code     0  aeabi_sdiv.o(.text)
    __aeabi_idivmod                          0x00000241   Thumb Code   326  aeabi_sdiv.o(.text)
    __use_two_region_memory                  0x00000387   Thumb Code     2  heapauxi.o(.text)
    __rt_heap_escrow$2region                 0x00000389   Thumb Code     2  heapauxi.o(.text)
    __rt_heap_expand$2region                 0x0000038b   Thumb Code     2  heapauxi.o(.text)
    __user_setup_stackheap                   0x0000038d   Thumb Code    62  sys_stackheap_outer.o(.text)
    exit                                     0x000003cb   Thumb Code    16  exit.o(.text)
    __user_libspace                          0x000003dd   Thumb Code     8  libspace.o(.text)
    __user_perproc_libspace                  0x000003dd   Thumb Code     0  libspace.o(.text)
    __user_perthread_libspace                0x000003dd   Thumb Code     0  libspace.o(.text)
    _sys_exit                                0x000003e5   Thumb Code     8  sys_exit.o(.text)
    __I$use$semihosting                      0x000003f1   Thumb Code     0  use_no_semi.o(.text)
    __use_no_semihosting_swi                 0x000003f1   Thumb Code     2  use_no_semi.o(.text)
    __semihosting_library_function           0x000003f3   Thumb Code     0  indicate_semi.o(.text)
    Delay                                    0x00000411   Thumb Code    26  main.o(i.Delay)
    FLASH_Init                               0x00000435   Thumb Code   134  flash.o(i.FLASH_Init)
    FLASH_LaunchCMD                          0x000004c9   Thumb Code    40  flash.o(i.FLASH_LaunchCMD)
    FLASH_Program1LongWord                   0x000004f9   Thumb Code   162  flash.o(i.FLASH_Program1LongWord)
    PW_Validation                            0x000005a5   Thumb Code   160  main.o(i.PW_Validation)
    SysTick_Handler                          0x00000679   Thumb Code    12  main.o(i.SysTick_Handler)
    SystemCoreClockUpdate                    0x00000689   Thumb Code   134  system_mke02z4.o(i.SystemCoreClockUpdate)
    SystemInit                               0x00000721   Thumb Code    40  system_mke02z4.o(i.SystemInit)
    __ARM_common_switch8                     0x00000755   Thumb Code    28  main.o(i.__ARM_common_switch8)
    display_password_masked                  0x000007e9   Thumb Code   106  main.o(i.display_password_masked)
    flashReadPassword                        0x00000869   Thumb Code    52  main.o(i.flashReadPassword)
    flashWritePassword                       0x000008a9   Thumb Code    52  main.o(i.flashWritePassword)
    i2c_add                                  0x000008e9   Thumb Code    78  i2c.o(i.i2c_add)
    i2c_data                                 0x0000093d   Thumb Code    48  i2c.o(i.i2c_data)
    i2c_int                                  0x00000971   Thumb Code    48  i2c.o(i.i2c_int)
    i2c_start1                               0x000009a9   Thumb Code    54  i2c.o(i.i2c_start1)
    i2c_stop                                 0x000009e5   Thumb Code    14  i2c.o(i.i2c_stop)
    main                                     0x000009f9   Thumb Code   830  main.o(i.main)
    mcu_init                                 0x00000d91   Thumb Code    52  main.o(i.mcu_init)
    oled_blank                               0x00000dd5   Thumb Code    52  i2c.o(i.oled_blank)
    oled_cmd_1byte                           0x00000e09   Thumb Code    38  i2c.o(i.oled_cmd_1byte)
    oled_cmd_2byte                           0x00000e2f   Thumb Code    50  i2c.o(i.oled_cmd_2byte)
    oled_data                                0x00000e61   Thumb Code    34  i2c.o(i.oled_data)
    oled_init                                0x00000e85   Thumb Code   206  i2c.o(i.oled_init)
    oled_pos                                 0x00000f75   Thumb Code    38  i2c.o(i.oled_pos)
    print_char                               0x00000f9d   Thumb Code   146  i2c.o(i.print_char)
    print_string                             0x00001035   Thumb Code    46  i2c.o(i.print_string)
    shift_place                              0x00001065   Thumb Code   258  main.o(i.shift_place)
    show_mode                                0x000011a5   Thumb Code    44  main.o(i.show_mode)
    hom                                      0x000011d4   Data         128  i2c.o(.constdata)
    ASCII_16                                 0x00001254   Data        7008  i2c.o(.constdata)
    Region$$Table$$Base                      0x00002de8   Number         0  anon$$obj.o(Region$$Table)
    Region$$Table$$Limit                     0x00002e08   Number         0  anon$$obj.o(Region$$Table)
    entered                                  0x1ffffc00   Data           4  main.o(.data)
    password_created                         0x1ffffc04   Data           1  main.o(.data)
    cur_index                                0x1ffffc05   Data           1  main.o(.data)
    digit                                    0x1ffffc06   Data           1  main.o(.data)
    enter_mode                               0x1ffffc07   Data           1  main.o(.data)
    sel_mode                                 0x1ffffc08   Data           1  main.o(.data)
    j                                        0x1ffffc0c   Data           4  main.o(.data)
    blink_state                              0x1ffffc10   Data           1  main.o(.data)
    show_cursor                              0x1ffffc11   Data           1  main.o(.data)
    saved_password                           0x1ffffc12   Data           4  main.o(.data)
    last_shown_mode                          0x1ffffc16   Data           1  main.o(.data)
    digit_active                             0x1ffffc17   Data           1  main.o(.data)
    fact_sel_mode                            0x1ffffc18   Data           1  main.o(.data)
    dualMode                                 0x1ffffc19   Data           1  main.o(.data)
    mode                                     0x1ffffc1c   Data          28  main.o(.data)
    dual_mode                                0x1ffffc38   Data           2  main.o(.data)
    current_mode                             0x1ffffc3a   Data           1  main.o(.data)
    msTicks                                  0x1ffffc3c   Data           4  main.o(.data)
    curTicks                                 0x1ffffc40   Data           4  main.o(.data)
    SystemCoreClock                          0x1ffffc44   Data           4  system_mke02z4.o(.data)
    __libspace_start                         0x1ffffc48   Data          96  libspace.o(.bss)
    __temporary_stack_top$libspace           0x1ffffca8   Data           0  libspace.o(.bss)



==============================================================================

Memory Map of the image

  Image Entry point : 0x00000165

  Load Region LR_1 (Base: 0x00000000, Size: 0x00002e50, Max: 0xffffffff, ABSOLUTE)

    Execution Region ER_RO (Exec base: 0x00000000, Load base: 0x00000000, Size: 0x00002e08, Max: 0xffffffff, ABSOLUTE)

    Exec Addr    Load Addr    Size         Type   Attr      Idx    E Section Name        Object

    0x00000000   0x00000000   0x000000c0   Data   RO          393    RESET               startup_mke02z4.o
    0x000000c0   0x000000c0   0x00000008   Code   RO          443  * !!!main             c_p.l(__main.o)
    0x000000c8   0x000000c8   0x0000003c   Code   RO          614    !!!scatter          c_p.l(__scatter.o)
    0x00000104   0x00000104   0x0000001a   Code   RO          616    !!handler_copy      c_p.l(__scatter_copy.o)
    0x0000011e   0x0000011e   0x00000002   PAD
    0x00000120   0x00000120   0x0000001c   Code   RO          618    !!handler_zi        c_p.l(__scatter_zi.o)
    0x0000013c   0x0000013c   0x00000002   Code   RO          481    .ARM.Collect$$libinit$$00000000  c_p.l(libinit.o)
    0x0000013e   0x0000013e   0x00000000   Code   RO          495    .ARM.Collect$$libinit$$00000002  c_p.l(libinit2.o)
    0x0000013e   0x0000013e   0x00000000   Code   RO          497    .ARM.Collect$$libinit$$00000004  c_p.l(libinit2.o)
    0x0000013e   0x0000013e   0x00000000   Code   RO          500    .ARM.Collect$$libinit$$0000000A  c_p.l(libinit2.o)
    0x0000013e   0x0000013e   0x00000000   Code   RO          502    .ARM.Collect$$libinit$$0000000C  c_p.l(libinit2.o)
    0x0000013e   0x0000013e   0x00000000   Code   RO          504    .ARM.Collect$$libinit$$0000000E  c_p.l(libinit2.o)
    0x0000013e   0x0000013e   0x00000000   Code   RO          507    .ARM.Collect$$libinit$$00000011  c_p.l(libinit2.o)
    0x0000013e   0x0000013e   0x00000000   Code   RO          509    .ARM.Collect$$libinit$$00000013  c_p.l(libinit2.o)
    0x0000013e   0x0000013e   0x00000000   Code   RO          511    .ARM.Collect$$libinit$$00000015  c_p.l(libinit2.o)
    0x0000013e   0x0000013e   0x00000000   Code   RO          513    .ARM.Collect$$libinit$$00000017  c_p.l(libinit2.o)
    0x0000013e   0x0000013e   0x00000000   Code   RO          515    .ARM.Collect$$libinit$$00000019  c_p.l(libinit2.o)
    0x0000013e   0x0000013e   0x00000000   Code   RO          517    .ARM.Collect$$libinit$$0000001B  c_p.l(libinit2.o)
    0x0000013e   0x0000013e   0x00000000   Code   RO          519    .ARM.Collect$$libinit$$0000001D  c_p.l(libinit2.o)
    0x0000013e   0x0000013e   0x00000000   Code   RO          521    .ARM.Collect$$libinit$$0000001F  c_p.l(libinit2.o)
    0x0000013e   0x0000013e   0x00000000   Code   RO          523    .ARM.Collect$$libinit$$00000021  c_p.l(libinit2.o)
    0x0000013e   0x0000013e   0x00000000   Code   RO          525    .ARM.Collect$$libinit$$00000023  c_p.l(libinit2.o)
    0x0000013e   0x0000013e   0x00000000   Code   RO          527    .ARM.Collect$$libinit$$00000025  c_p.l(libinit2.o)
    0x0000013e   0x0000013e   0x00000000   Code   RO          531    .ARM.Collect$$libinit$$0000002C  c_p.l(libinit2.o)
    0x0000013e   0x0000013e   0x00000000   Code   RO          533    .ARM.Collect$$libinit$$0000002E  c_p.l(libinit2.o)
    0x0000013e   0x0000013e   0x00000000   Code   RO          535    .ARM.Collect$$libinit$$00000030  c_p.l(libinit2.o)
    0x0000013e   0x0000013e   0x00000000   Code   RO          537    .ARM.Collect$$libinit$$00000032  c_p.l(libinit2.o)
    0x0000013e   0x0000013e   0x00000002   Code   RO          538    .ARM.Collect$$libinit$$00000033  c_p.l(libinit2.o)
    0x00000140   0x00000140   0x00000002   Code   RO          569    .ARM.Collect$$libshutdown$$00000000  c_p.l(libshutdown.o)
    0x00000142   0x00000142   0x00000000   Code   RO          595    .ARM.Collect$$libshutdown$$00000002  c_p.l(libshutdown2.o)
    0x00000142   0x00000142   0x00000000   Code   RO          597    .ARM.Collect$$libshutdown$$00000004  c_p.l(libshutdown2.o)
    0x00000142   0x00000142   0x00000000   Code   RO          599    .ARM.Collect$$libshutdown$$00000006  c_p.l(libshutdown2.o)
    0x00000142   0x00000142   0x00000000   Code   RO          602    .ARM.Collect$$libshutdown$$00000009  c_p.l(libshutdown2.o)
    0x00000142   0x00000142   0x00000000   Code   RO          605    .ARM.Collect$$libshutdown$$0000000C  c_p.l(libshutdown2.o)
    0x00000142   0x00000142   0x00000000   Code   RO          607    .ARM.Collect$$libshutdown$$0000000E  c_p.l(libshutdown2.o)
    0x00000142   0x00000142   0x00000000   Code   RO          610    .ARM.Collect$$libshutdown$$00000011  c_p.l(libshutdown2.o)
    0x00000142   0x00000142   0x00000002   Code   RO          611    .ARM.Collect$$libshutdown$$00000012  c_p.l(libshutdown2.o)
    0x00000144   0x00000144   0x00000000   Code   RO          445    .ARM.Collect$$rtentry$$00000000  c_p.l(__rtentry.o)
    0x00000144   0x00000144   0x00000000   Code   RO          451    .ARM.Collect$$rtentry$$00000002  c_p.l(__rtentry2.o)
    0x00000144   0x00000144   0x00000006   Code   RO          463    .ARM.Collect$$rtentry$$00000004  c_p.l(__rtentry4.o)
    0x0000014a   0x0000014a   0x00000000   Code   RO          453    .ARM.Collect$$rtentry$$00000009  c_p.l(__rtentry2.o)
    0x0000014a   0x0000014a   0x00000004   Code   RO          454    .ARM.Collect$$rtentry$$0000000A  c_p.l(__rtentry2.o)
    0x0000014e   0x0000014e   0x00000000   Code   RO          456    .ARM.Collect$$rtentry$$0000000C  c_p.l(__rtentry2.o)
    0x0000014e   0x0000014e   0x00000008   Code   RO          457    .ARM.Collect$$rtentry$$0000000D  c_p.l(__rtentry2.o)
    0x00000156   0x00000156   0x00000002   Code   RO          486    .ARM.Collect$$rtexit$$00000000  c_p.l(rtexit.o)
    0x00000158   0x00000158   0x00000000   Code   RO          542    .ARM.Collect$$rtexit$$00000002  c_p.l(rtexit2.o)
    0x00000158   0x00000158   0x00000004   Code   RO          543    .ARM.Collect$$rtexit$$00000003  c_p.l(rtexit2.o)
    0x0000015c   0x0000015c   0x00000006   Code   RO          544    .ARM.Collect$$rtexit$$00000004  c_p.l(rtexit2.o)
    0x00000162   0x00000162   0x00000002   PAD
    0x00000164   0x00000164   0x00000084   Code   RO          395  * .text               startup_mke02z4.o
    0x000001e8   0x000001e8   0x00000044   Code   RO          435    .text               c_p.l(strlen.o)
    0x0000022c   0x0000022c   0x0000015a   Code   RO          437    .text               c_p.l(aeabi_sdiv.o)
    0x00000386   0x00000386   0x00000006   Code   RO          441    .text               c_p.l(heapauxi.o)
    0x0000038c   0x0000038c   0x0000003e   Code   RO          467    .text               c_p.l(sys_stackheap_outer.o)
    0x000003ca   0x000003ca   0x00000010   Code   RO          470    .text               c_p.l(exit.o)
    0x000003da   0x000003da   0x00000002   PAD
    0x000003dc   0x000003dc   0x00000008   Code   RO          482    .text               c_p.l(libspace.o)
    0x000003e4   0x000003e4   0x0000000c   Code   RO          539    .text               c_p.l(sys_exit.o)
    0x000003f0   0x000003f0   0x00000002   Code   RO          558    .text               c_p.l(use_no_semi.o)
    0x000003f2   0x000003f2   0x00000000   Code   RO          560    .text               c_p.l(indicate_semi.o)
    0x000003f2   0x000003f2   0x0000000e   PAD
    0x00000400   0x00000400   0x00000010   Code   RO          394    .ARM.__at_0x400     startup_mke02z4.o
    0x00000410   0x00000410   0x00000024   Code   RO            3    i.Delay             main.o
    0x00000434   0x00000434   0x00000094   Code   RO          273    i.FLASH_Init        flash.o
    0x000004c8   0x000004c8   0x00000030   Code   RO          274    i.FLASH_LaunchCMD   flash.o
    0x000004f8   0x000004f8   0x000000ac   Code   RO          276    i.FLASH_Program1LongWord  flash.o
    0x000005a4   0x000005a4   0x000000d4   Code   RO            4    i.PW_Validation     main.o
    0x00000678   0x00000678   0x00000010   Code   RO            5    i.SysTick_Handler   main.o
    0x00000688   0x00000688   0x00000098   Code   RO          403    i.SystemCoreClockUpdate  system_mke02z4.o
    0x00000720   0x00000720   0x00000034   Code   RO          404    i.SystemInit        system_mke02z4.o
    0x00000754   0x00000754   0x0000001c   Code   RO           88    i.__ARM_common_switch8  main.o
    0x00000770   0x00000770   0x00000078   Code   RO            6    i.__NVIC_SetPriority  main.o
    0x000007e8   0x000007e8   0x00000080   Code   RO            7    i.display_password_masked  main.o
    0x00000868   0x00000868   0x00000040   Code   RO            8    i.flashReadPassword  main.o
    0x000008a8   0x000008a8   0x00000040   Code   RO            9    i.flashWritePassword  main.o
    0x000008e8   0x000008e8   0x00000054   Code   RO          139    i.i2c_add           i2c.o
    0x0000093c   0x0000093c   0x00000034   Code   RO          140    i.i2c_data          i2c.o
    0x00000970   0x00000970   0x00000038   Code   RO          141    i.i2c_int           i2c.o
    0x000009a8   0x000009a8   0x0000003c   Code   RO          143    i.i2c_start1        i2c.o
    0x000009e4   0x000009e4   0x00000014   Code   RO          144    i.i2c_stop          i2c.o
    0x000009f8   0x000009f8   0x00000398   Code   RO           10    i.main              main.o
    0x00000d90   0x00000d90   0x00000044   Code   RO           11    i.mcu_init          main.o
    0x00000dd4   0x00000dd4   0x00000034   Code   RO          146    i.oled_blank        i2c.o
    0x00000e08   0x00000e08   0x00000026   Code   RO          147    i.oled_cmd_1byte    i2c.o
    0x00000e2e   0x00000e2e   0x00000032   Code   RO          148    i.oled_cmd_2byte    i2c.o
    0x00000e60   0x00000e60   0x00000022   Code   RO          149    i.oled_data         i2c.o
    0x00000e82   0x00000e82   0x00000002   PAD
    0x00000e84   0x00000e84   0x000000f0   Code   RO          150    i.oled_init         i2c.o
    0x00000f74   0x00000f74   0x00000026   Code   RO          151    i.oled_pos          i2c.o
    0x00000f9a   0x00000f9a   0x00000002   PAD
    0x00000f9c   0x00000f9c   0x00000098   Code   RO          153    i.print_char        i2c.o
    0x00001034   0x00001034   0x0000002e   Code   RO          154    i.print_string      i2c.o
    0x00001062   0x00001062   0x00000002   PAD
    0x00001064   0x00001064   0x00000140   Code   RO           12    i.shift_place       main.o
    0x000011a4   0x000011a4   0x00000030   Code   RO           13    i.show_mode         main.o
    0x000011d4   0x000011d4   0x00001be0   Data   RO          155    .constdata          i2c.o
    0x00002db4   0x00002db4   0x00000034   Data   RO           15    .conststring        main.o
    0x00002de8   0x00002de8   0x00000020   Data   RO          612    Region$$Table       anon$$obj.o


    Execution Region ER_RW (Exec base: 0x1ffffc00, Load base: 0x00002e08, Size: 0x00000048, Max: 0xffffffff, ABSOLUTE)

    Exec Addr    Load Addr    Size         Type   Attr      Idx    E Section Name        Object

    0x1ffffc00   0x00002e08   0x00000044   Data   RW           16    .data               main.o
    0x1ffffc44   0x00002e4c   0x00000004   Data   RW          405    .data               system_mke02z4.o


    Execution Region ER_ZI (Exec base: 0x1ffffc48, Load base: 0x00002e50, Size: 0x00000460, Max: 0xffffffff, ABSOLUTE)

    Exec Addr    Load Addr    Size         Type   Attr      Idx    E Section Name        Object

    0x1ffffc48        -       0x00000060   Zero   RW          483    .bss                c_p.l(libspace.o)
    0x1ffffca8        -       0x00000000   Zero   RW          392    HEAP                startup_mke02z4.o
    0x1ffffca8        -       0x00000400   Zero   RW          391    STACK               startup_mke02z4.o


==============================================================================

Image component sizes


      Code (inc. data)   RO Data    RW Data    ZI Data      Debug   Object Name

       368         32          0          0          0       1736   flash.o
       922         70       7136          0          0       7162   i2c.o
      2024        302         52         68          0     130422   main.o
       148         76        192          0       1024       1096   startup_mke02z4.o
       204         30          0          4          0       1291   system_mke02z4.o

    ----------------------------------------------------------------------
      3672        510       7412         72       1024     141707   Object Totals
         0          0         32          0          0          0   (incl. Generated)
         6          0          0          0          0          0   (incl. Padding)

    ----------------------------------------------------------------------

      Code (inc. data)   RO Data    RW Data    ZI Data      Debug   Library Member Name

         8          0          0          0          0         68   __main.o
         0          0          0          0          0          0   __rtentry.o
        12          0          0          0          0          0   __rtentry2.o
         6          0          0          0          0          0   __rtentry4.o
        60          8          0          0          0          0   __scatter.o
        26          0          0          0          0          0   __scatter_copy.o
        28          0          0          0          0          0   __scatter_zi.o
       346          0          0          0          0         92   aeabi_sdiv.o
        16          0          0          0          0         68   exit.o
         6          0          0          0          0        136   heapauxi.o
         0          0          0          0          0          0   indicate_semi.o
         2          0          0          0          0          0   libinit.o
         2          0          0          0          0          0   libinit2.o
         2          0          0          0          0          0   libshutdown.o
         2          0          0          0          0          0   libshutdown2.o
         8          4          0          0         96         68   libspace.o
         2          0          0          0          0          0   rtexit.o
        10          0          0          0          0          0   rtexit2.o
        68          6          0          0          0         72   strlen.o
        12          4          0          0          0         60   sys_exit.o
        62          0          0          0          0         80   sys_stackheap_outer.o
         2          0          0          0          0         68   use_no_semi.o

    ----------------------------------------------------------------------
       700         22          0          0         96        712   Library Totals
        20          0          0          0          0          0   (incl. Padding)

    ----------------------------------------------------------------------

      Code (inc. data)   RO Data    RW Data    ZI Data      Debug   Library Name

       680         22          0          0         96        712   c_p.l

    ----------------------------------------------------------------------
       700         22          0          0         96        712   Library Totals

    ----------------------------------------------------------------------

==============================================================================


      Code (inc. data)   RO Data    RW Data    ZI Data      Debug   

      4372        532       7412         72       1120     140999   Grand Totals
      4372        532       7412         72       1120     140999   ELF Image Totals
      4372        532       7412         72          0          0   ROM Totals

==============================================================================

    Total RO  Size (Code + RO Data)                11784 (  11.51kB)
    Total RW  Size (RW Data + ZI Data)              1192 (   1.16kB)
    Total ROM Size (Code + RO Data + RW Data)      11856 (  11.58kB)

==============================================================================

