<!doctype html public "-//w3c//dtd html 4.0 transitional//en">
<html><head>
<title>Static Call Graph - [.\Objects\main.axf]</title></head>
<body><HR>
<H1>Static Call Graph for image .\Objects\main.axf</H1><HR>
<BR><P>#&#060CALLGRAPH&#062# ARM Linker, 5060960: Last Updated: Mon Feb 02 18:02:44 2026
<BR><P>
<H3>Maximum Stack Usage =        184 bytes + Unknown(Functions without stacksize, Cycles, Untraceable Function Pointers)</H3><H3>
Call chain for Maximum Stack Depth:</H3>
__rt_entry_main &rArr; main &rArr; check_key1_abort &rArr; display_current_values &rArr; __2sprintf &rArr; _printf_char_common &rArr; __printf
<P>
<H3>
Functions with no stack information
</H3><UL>
 <LI><a href="#[39]">__user_initial_stackheap</a>
</UL>
</UL>
<P>
<H3>
Mutually Recursive functions
</H3> <LI><a href="#[7]">NMI_Handler</a>&nbsp;&nbsp;&nbsp;&rArr;&nbsp;&nbsp;&nbsp;<a href="#[7]">NMI_Handler</a><BR>
 <LI><a href="#[8]">HardFault_Handler</a>&nbsp;&nbsp;&nbsp;&rArr;&nbsp;&nbsp;&nbsp;<a href="#[8]">HardFault_Handler</a><BR>
 <LI><a href="#[9]">SVC_Handler</a>&nbsp;&nbsp;&nbsp;&rArr;&nbsp;&nbsp;&nbsp;<a href="#[9]">SVC_Handler</a><BR>
 <LI><a href="#[a]">PendSV_Handler</a>&nbsp;&nbsp;&nbsp;&rArr;&nbsp;&nbsp;&nbsp;<a href="#[a]">PendSV_Handler</a><BR>
</UL>
<P>
<H3>
Function Pointers
</H3><UL>
 <LI><a href="#[1c]">ACMP0_IRQHandler</a> from startup_mke02z4.o(.text) referenced from startup_mke02z4.o(RESET)
 <LI><a href="#[21]">ACMP1_IRQHandler</a> from startup_mke02z4.o(.text) referenced from startup_mke02z4.o(RESET)
 <LI><a href="#[1b]">ADC_IRQHandler</a> from startup_mke02z4.o(.text) referenced from startup_mke02z4.o(RESET)
 <LI><a href="#[34]">DefaultISR</a> from startup_mke02z4.o(.text) referenced from startup_mke02z4.o(.text)
 <LI><a href="#[1d]">FTM0_IRQHandler</a> from startup_mke02z4.o(.text) referenced from startup_mke02z4.o(RESET)
 <LI><a href="#[1e]">FTM1_IRQHandler</a> from startup_mke02z4.o(.text) referenced from startup_mke02z4.o(RESET)
 <LI><a href="#[1f]">FTM2_IRQHandler</a> from startup_mke02z4.o(.text) referenced from startup_mke02z4.o(RESET)
 <LI><a href="#[11]">FTMRH_IRQHandler</a> from startup_mke02z4.o(.text) referenced from startup_mke02z4.o(RESET)
 <LI><a href="#[8]">HardFault_Handler</a> from startup_mke02z4.o(.text) referenced from startup_mke02z4.o(RESET)
 <LI><a href="#[2e]">I2C0_DriverIRQHandler</a> from startup_mke02z4.o(.text) referenced from startup_mke02z4.o(.text)
 <LI><a href="#[14]">I2C0_IRQHandler</a> from startup_mke02z4.o(.text) referenced from startup_mke02z4.o(RESET)
 <LI><a href="#[27]">ICS_IRQHandler</a> from startup_mke02z4.o(.text) referenced from startup_mke02z4.o(RESET)
 <LI><a href="#[13]">IRQ_IRQHandler</a> from startup_mke02z4.o(.text) referenced from startup_mke02z4.o(RESET)
 <LI><a href="#[24]">KBI0_IRQHandler</a> from startup_mke02z4.o(.text) referenced from startup_mke02z4.o(RESET)
 <LI><a href="#[25]">KBI1_IRQHandler</a> from startup_mke02z4.o(.text) referenced from startup_mke02z4.o(RESET)
 <LI><a href="#[7]">NMI_Handler</a> from startup_mke02z4.o(.text) referenced from startup_mke02z4.o(RESET)
 <LI><a href="#[22]">PIT_CH0_IRQHandler</a> from startup_mke02z4.o(.text) referenced from startup_mke02z4.o(RESET)
 <LI><a href="#[23]">PIT_CH1_IRQHandler</a> from startup_mke02z4.o(.text) referenced from startup_mke02z4.o(RESET)
 <LI><a href="#[12]">PMC_IRQHandler</a> from startup_mke02z4.o(.text) referenced from startup_mke02z4.o(RESET)
 <LI><a href="#[a]">PendSV_Handler</a> from startup_mke02z4.o(.text) referenced from startup_mke02z4.o(RESET)
 <LI><a href="#[20]">RTC_IRQHandler</a> from main.o(i.RTC_IRQHandler) referenced from startup_mke02z4.o(RESET)
 <LI><a href="#[c]">Reserved16_IRQHandler</a> from startup_mke02z4.o(.text) referenced from startup_mke02z4.o(RESET)
 <LI><a href="#[d]">Reserved17_IRQHandler</a> from startup_mke02z4.o(.text) referenced from startup_mke02z4.o(RESET)
 <LI><a href="#[e]">Reserved18_IRQHandler</a> from startup_mke02z4.o(.text) referenced from startup_mke02z4.o(RESET)
 <LI><a href="#[f]">Reserved19_IRQHandler</a> from startup_mke02z4.o(.text) referenced from startup_mke02z4.o(RESET)
 <LI><a href="#[10]">Reserved20_IRQHandler</a> from startup_mke02z4.o(.text) referenced from startup_mke02z4.o(RESET)
 <LI><a href="#[15]">Reserved25_IRQHandler</a> from startup_mke02z4.o(.text) referenced from startup_mke02z4.o(RESET)
 <LI><a href="#[26]">Reserved42_IRQHandler</a> from startup_mke02z4.o(.text) referenced from startup_mke02z4.o(RESET)
 <LI><a href="#[29]">Reserved45_IRQHandler</a> from startup_mke02z4.o(.text) referenced from startup_mke02z4.o(RESET)
 <LI><a href="#[2a]">Reserved46_IRQHandler</a> from startup_mke02z4.o(.text) referenced from startup_mke02z4.o(RESET)
 <LI><a href="#[2b]">Reserved47_IRQHandler</a> from startup_mke02z4.o(.text) referenced from startup_mke02z4.o(RESET)
 <LI><a href="#[37]">Reset_Handler</a> from startup_mke02z4.o(.text) referenced from startup_mke02z4.o(RESET)
 <LI><a href="#[2f]">SPI0_DriverIRQHandler</a> from startup_mke02z4.o(.text) referenced from startup_mke02z4.o(.text)
 <LI><a href="#[16]">SPI0_IRQHandler</a> from startup_mke02z4.o(.text) referenced from startup_mke02z4.o(RESET)
 <LI><a href="#[30]">SPI1_DriverIRQHandler</a> from startup_mke02z4.o(.text) referenced from startup_mke02z4.o(.text)
 <LI><a href="#[17]">SPI1_IRQHandler</a> from startup_mke02z4.o(.text) referenced from startup_mke02z4.o(RESET)
 <LI><a href="#[9]">SVC_Handler</a> from startup_mke02z4.o(.text) referenced from startup_mke02z4.o(RESET)
 <LI><a href="#[b]">SysTick_Handler</a> from main.o(i.SysTick_Handler) referenced from startup_mke02z4.o(RESET)
 <LI><a href="#[2c]">SystemInit</a> from system_mke02z4.o(i.SystemInit) referenced from startup_mke02z4.o(.text)
 <LI><a href="#[31]">UART0_DriverIRQHandler</a> from startup_mke02z4.o(.text) referenced from startup_mke02z4.o(.text)
 <LI><a href="#[18]">UART0_IRQHandler</a> from startup_mke02z4.o(.text) referenced from startup_mke02z4.o(RESET)
 <LI><a href="#[32]">UART1_DriverIRQHandler</a> from startup_mke02z4.o(.text) referenced from startup_mke02z4.o(.text)
 <LI><a href="#[19]">UART1_IRQHandler</a> from startup_mke02z4.o(.text) referenced from startup_mke02z4.o(RESET)
 <LI><a href="#[33]">UART2_DriverIRQHandler</a> from startup_mke02z4.o(.text) referenced from startup_mke02z4.o(.text)
 <LI><a href="#[1a]">UART2_IRQHandler</a> from startup_mke02z4.o(.text) referenced from startup_mke02z4.o(RESET)
 <LI><a href="#[28]">WDOG_IRQHandler</a> from startup_mke02z4.o(.text) referenced from startup_mke02z4.o(RESET)
 <LI><a href="#[38]">__main</a> from __main.o(!!!main) referenced from startup_mke02z4.o(.text)
 <LI><a href="#[36]">_printf_input_char</a> from _printf_char_common.o(.text) referenced from _printf_char_common.o(.text)
 <LI><a href="#[35]">_sputc</a> from _sputc.o(.text) referenced from noretval__2sprintf.o(.text)
</UL>
<P>
<H3>
Global Symbols
</H3>
<P><STRONG><a name="[38]"></a>__main</STRONG> (Thumb, 8 bytes, Stack size 0 bytes, __main.o(!!!main))
<BR><BR>[Calls]<UL><LI><a href="#[3a]">&gt;&gt;</a>&nbsp;&nbsp;&nbsp;__scatterload
<LI><a href="#[3b]">&gt;&gt;</a>&nbsp;&nbsp;&nbsp;__rt_entry
</UL>

<P><STRONG><a name="[3a]"></a>__scatterload</STRONG> (Thumb, 0 bytes, Stack size unknown bytes, __scatter.o(!!!scatter))
<BR><BR>[Called By]<UL><LI><a href="#[38]">&gt;&gt;</a>&nbsp;&nbsp;&nbsp;__main
</UL>

<P><STRONG><a name="[3c]"></a>__scatterload_rt2</STRONG> (Thumb, 52 bytes, Stack size unknown bytes, __scatter.o(!!!scatter), UNUSED)
<BR><BR>[Calls]<UL><LI><a href="#[3b]">&gt;&gt;</a>&nbsp;&nbsp;&nbsp;__rt_entry
</UL>

<P><STRONG><a name="[8c]"></a>__scatterload_rt2_thumb_only</STRONG> (Thumb, 0 bytes, Stack size unknown bytes, __scatter.o(!!!scatter), UNUSED)

<P><STRONG><a name="[8d]"></a>__scatterload_null</STRONG> (Thumb, 0 bytes, Stack size unknown bytes, __scatter.o(!!!scatter), UNUSED)

<P><STRONG><a name="[3d]"></a>__scatterload_copy</STRONG> (Thumb, 26 bytes, Stack size unknown bytes, __scatter_copy.o(!!handler_copy), UNUSED)
<BR><BR>[Calls]<UL><LI><a href="#[3d]">&gt;&gt;</a>&nbsp;&nbsp;&nbsp;__scatterload_copy
</UL>
<BR>[Called By]<UL><LI><a href="#[3d]">&gt;&gt;</a>&nbsp;&nbsp;&nbsp;__scatterload_copy
</UL>

<P><STRONG><a name="[8e]"></a>__scatterload_zeroinit</STRONG> (Thumb, 28 bytes, Stack size unknown bytes, __scatter_zi.o(!!handler_zi), UNUSED)

<P><STRONG><a name="[54]"></a>_printf_percent</STRONG> (Thumb, 0 bytes, Stack size unknown bytes, _printf_percent.o(.ARM.Collect$$_printf_percent$$00000000))
<BR><BR>[Called By]<UL><LI><a href="#[52]">&gt;&gt;</a>&nbsp;&nbsp;&nbsp;__printf
</UL>

<P><STRONG><a name="[3e]"></a>_printf_d</STRONG> (Thumb, 0 bytes, Stack size unknown bytes, _printf_d.o(.ARM.Collect$$_printf_percent$$00000009))
<BR><BR>[Stack]<UL><LI>Max Depth = 88 + Unknown Stack Size
<LI>Call Chain = _printf_d &rArr; _printf_int_dec &rArr; _printf_int_common &rArr; _printf_post_padding
</UL>
<BR>[Calls]<UL><LI><a href="#[40]">&gt;&gt;</a>&nbsp;&nbsp;&nbsp;_printf_int_dec
<LI><a href="#[3f]">&gt;&gt;</a>&nbsp;&nbsp;&nbsp;_printf_percent_end
</UL>

<P><STRONG><a name="[3f]"></a>_printf_percent_end</STRONG> (Thumb, 0 bytes, Stack size unknown bytes, _printf_percent_end.o(.ARM.Collect$$_printf_percent$$00000017))
<BR><BR>[Called By]<UL><LI><a href="#[3e]">&gt;&gt;</a>&nbsp;&nbsp;&nbsp;_printf_d
</UL>

<P><STRONG><a name="[44]"></a>__rt_lib_init</STRONG> (Thumb, 0 bytes, Stack size unknown bytes, libinit.o(.ARM.Collect$$libinit$$00000000))
<BR><BR>[Called By]<UL><LI><a href="#[43]">&gt;&gt;</a>&nbsp;&nbsp;&nbsp;__rt_entry_li
</UL>

<P><STRONG><a name="[8f]"></a>__rt_lib_init_alloca_1</STRONG> (Thumb, 0 bytes, Stack size unknown bytes, libinit2.o(.ARM.Collect$$libinit$$0000002E))

<P><STRONG><a name="[90]"></a>__rt_lib_init_argv_1</STRONG> (Thumb, 0 bytes, Stack size unknown bytes, libinit2.o(.ARM.Collect$$libinit$$0000002C))

<P><STRONG><a name="[91]"></a>__rt_lib_init_atexit_1</STRONG> (Thumb, 0 bytes, Stack size unknown bytes, libinit2.o(.ARM.Collect$$libinit$$0000001B))

<P><STRONG><a name="[92]"></a>__rt_lib_init_clock_1</STRONG> (Thumb, 0 bytes, Stack size unknown bytes, libinit2.o(.ARM.Collect$$libinit$$00000021))

<P><STRONG><a name="[93]"></a>__rt_lib_init_cpp_1</STRONG> (Thumb, 0 bytes, Stack size unknown bytes, libinit2.o(.ARM.Collect$$libinit$$00000032))

<P><STRONG><a name="[94]"></a>__rt_lib_init_exceptions_1</STRONG> (Thumb, 0 bytes, Stack size unknown bytes, libinit2.o(.ARM.Collect$$libinit$$00000030))

<P><STRONG><a name="[95]"></a>__rt_lib_init_fp_1</STRONG> (Thumb, 0 bytes, Stack size unknown bytes, libinit2.o(.ARM.Collect$$libinit$$00000002))

<P><STRONG><a name="[96]"></a>__rt_lib_init_fp_trap_1</STRONG> (Thumb, 0 bytes, Stack size unknown bytes, libinit2.o(.ARM.Collect$$libinit$$0000001F))

<P><STRONG><a name="[97]"></a>__rt_lib_init_getenv_1</STRONG> (Thumb, 0 bytes, Stack size unknown bytes, libinit2.o(.ARM.Collect$$libinit$$00000023))

<P><STRONG><a name="[98]"></a>__rt_lib_init_heap_1</STRONG> (Thumb, 0 bytes, Stack size unknown bytes, libinit2.o(.ARM.Collect$$libinit$$0000000A))

<P><STRONG><a name="[99]"></a>__rt_lib_init_lc_collate_1</STRONG> (Thumb, 0 bytes, Stack size unknown bytes, libinit2.o(.ARM.Collect$$libinit$$00000011))

<P><STRONG><a name="[9a]"></a>__rt_lib_init_lc_ctype_1</STRONG> (Thumb, 0 bytes, Stack size unknown bytes, libinit2.o(.ARM.Collect$$libinit$$00000013))

<P><STRONG><a name="[9b]"></a>__rt_lib_init_lc_monetary_1</STRONG> (Thumb, 0 bytes, Stack size unknown bytes, libinit2.o(.ARM.Collect$$libinit$$00000015))

<P><STRONG><a name="[9c]"></a>__rt_lib_init_lc_numeric_1</STRONG> (Thumb, 0 bytes, Stack size unknown bytes, libinit2.o(.ARM.Collect$$libinit$$00000017))

<P><STRONG><a name="[9d]"></a>__rt_lib_init_lc_time_1</STRONG> (Thumb, 0 bytes, Stack size unknown bytes, libinit2.o(.ARM.Collect$$libinit$$00000019))

<P><STRONG><a name="[9e]"></a>__rt_lib_init_preinit_1</STRONG> (Thumb, 0 bytes, Stack size unknown bytes, libinit2.o(.ARM.Collect$$libinit$$00000004))

<P><STRONG><a name="[9f]"></a>__rt_lib_init_rand_1</STRONG> (Thumb, 0 bytes, Stack size unknown bytes, libinit2.o(.ARM.Collect$$libinit$$0000000E))

<P><STRONG><a name="[a0]"></a>__rt_lib_init_return</STRONG> (Thumb, 0 bytes, Stack size unknown bytes, libinit2.o(.ARM.Collect$$libinit$$00000033))

<P><STRONG><a name="[a1]"></a>__rt_lib_init_signal_1</STRONG> (Thumb, 0 bytes, Stack size unknown bytes, libinit2.o(.ARM.Collect$$libinit$$0000001D))

<P><STRONG><a name="[a2]"></a>__rt_lib_init_stdio_1</STRONG> (Thumb, 0 bytes, Stack size unknown bytes, libinit2.o(.ARM.Collect$$libinit$$00000025))

<P><STRONG><a name="[a3]"></a>__rt_lib_init_user_alloc_1</STRONG> (Thumb, 0 bytes, Stack size unknown bytes, libinit2.o(.ARM.Collect$$libinit$$0000000C))

<P><STRONG><a name="[49]"></a>__rt_lib_shutdown</STRONG> (Thumb, 0 bytes, Stack size unknown bytes, libshutdown.o(.ARM.Collect$$libshutdown$$00000000))
<BR><BR>[Called By]<UL><LI><a href="#[48]">&gt;&gt;</a>&nbsp;&nbsp;&nbsp;__rt_exit_ls
</UL>

<P><STRONG><a name="[a4]"></a>__rt_lib_shutdown_cpp_1</STRONG> (Thumb, 0 bytes, Stack size unknown bytes, libshutdown2.o(.ARM.Collect$$libshutdown$$00000004))

<P><STRONG><a name="[a5]"></a>__rt_lib_shutdown_fini_1</STRONG> (Thumb, 0 bytes, Stack size unknown bytes, libshutdown2.o(.ARM.Collect$$libshutdown$$00000002))

<P><STRONG><a name="[a6]"></a>__rt_lib_shutdown_fp_trap_1</STRONG> (Thumb, 0 bytes, Stack size unknown bytes, libshutdown2.o(.ARM.Collect$$libshutdown$$00000009))

<P><STRONG><a name="[a7]"></a>__rt_lib_shutdown_heap_1</STRONG> (Thumb, 0 bytes, Stack size unknown bytes, libshutdown2.o(.ARM.Collect$$libshutdown$$00000011))

<P><STRONG><a name="[a8]"></a>__rt_lib_shutdown_return</STRONG> (Thumb, 0 bytes, Stack size unknown bytes, libshutdown2.o(.ARM.Collect$$libshutdown$$00000012))

<P><STRONG><a name="[a9]"></a>__rt_lib_shutdown_signal_1</STRONG> (Thumb, 0 bytes, Stack size unknown bytes, libshutdown2.o(.ARM.Collect$$libshutdown$$0000000C))

<P><STRONG><a name="[aa]"></a>__rt_lib_shutdown_stdio_1</STRONG> (Thumb, 0 bytes, Stack size unknown bytes, libshutdown2.o(.ARM.Collect$$libshutdown$$00000006))

<P><STRONG><a name="[ab]"></a>__rt_lib_shutdown_user_alloc_1</STRONG> (Thumb, 0 bytes, Stack size unknown bytes, libshutdown2.o(.ARM.Collect$$libshutdown$$0000000E))

<P><STRONG><a name="[3b]"></a>__rt_entry</STRONG> (Thumb, 0 bytes, Stack size unknown bytes, __rtentry.o(.ARM.Collect$$rtentry$$00000000))
<BR><BR>[Called By]<UL><LI><a href="#[3c]">&gt;&gt;</a>&nbsp;&nbsp;&nbsp;__scatterload_rt2
<LI><a href="#[38]">&gt;&gt;</a>&nbsp;&nbsp;&nbsp;__main
</UL>

<P><STRONG><a name="[ac]"></a>__rt_entry_presh_1</STRONG> (Thumb, 0 bytes, Stack size unknown bytes, __rtentry2.o(.ARM.Collect$$rtentry$$00000002))

<P><STRONG><a name="[41]"></a>__rt_entry_sh</STRONG> (Thumb, 0 bytes, Stack size unknown bytes, __rtentry4.o(.ARM.Collect$$rtentry$$00000004))
<BR><BR>[Stack]<UL><LI>Max Depth = 8 + Unknown Stack Size
<LI>Call Chain = __rt_entry_sh &rArr; __user_setup_stackheap
</UL>
<BR>[Calls]<UL><LI><a href="#[42]">&gt;&gt;</a>&nbsp;&nbsp;&nbsp;__user_setup_stackheap
</UL>

<P><STRONG><a name="[43]"></a>__rt_entry_li</STRONG> (Thumb, 0 bytes, Stack size unknown bytes, __rtentry2.o(.ARM.Collect$$rtentry$$0000000A))
<BR><BR>[Calls]<UL><LI><a href="#[44]">&gt;&gt;</a>&nbsp;&nbsp;&nbsp;__rt_lib_init
</UL>

<P><STRONG><a name="[ad]"></a>__rt_entry_postsh_1</STRONG> (Thumb, 0 bytes, Stack size unknown bytes, __rtentry2.o(.ARM.Collect$$rtentry$$00000009))

<P><STRONG><a name="[45]"></a>__rt_entry_main</STRONG> (Thumb, 0 bytes, Stack size unknown bytes, __rtentry2.o(.ARM.Collect$$rtentry$$0000000D))
<BR><BR>[Stack]<UL><LI>Max Depth = 184 + Unknown Stack Size
<LI>Call Chain = __rt_entry_main &rArr; main &rArr; check_key1_abort &rArr; display_current_values &rArr; __2sprintf &rArr; _printf_char_common &rArr; __printf
</UL>
<BR>[Calls]<UL><LI><a href="#[46]">&gt;&gt;</a>&nbsp;&nbsp;&nbsp;main
<LI><a href="#[47]">&gt;&gt;</a>&nbsp;&nbsp;&nbsp;exit
</UL>

<P><STRONG><a name="[ae]"></a>__rt_entry_postli_1</STRONG> (Thumb, 0 bytes, Stack size unknown bytes, __rtentry2.o(.ARM.Collect$$rtentry$$0000000C))

<P><STRONG><a name="[59]"></a>__rt_exit</STRONG> (Thumb, 0 bytes, Stack size unknown bytes, rtexit.o(.ARM.Collect$$rtexit$$00000000))
<BR><BR>[Called By]<UL><LI><a href="#[47]">&gt;&gt;</a>&nbsp;&nbsp;&nbsp;exit
</UL>

<P><STRONG><a name="[48]"></a>__rt_exit_ls</STRONG> (Thumb, 0 bytes, Stack size unknown bytes, rtexit2.o(.ARM.Collect$$rtexit$$00000003))
<BR><BR>[Calls]<UL><LI><a href="#[49]">&gt;&gt;</a>&nbsp;&nbsp;&nbsp;__rt_lib_shutdown
</UL>

<P><STRONG><a name="[af]"></a>__rt_exit_prels_1</STRONG> (Thumb, 0 bytes, Stack size unknown bytes, rtexit2.o(.ARM.Collect$$rtexit$$00000002))

<P><STRONG><a name="[4a]"></a>__rt_exit_exit</STRONG> (Thumb, 0 bytes, Stack size unknown bytes, rtexit2.o(.ARM.Collect$$rtexit$$00000004))
<BR><BR>[Calls]<UL><LI><a href="#[4b]">&gt;&gt;</a>&nbsp;&nbsp;&nbsp;_sys_exit
</UL>

<P><STRONG><a name="[37]"></a>Reset_Handler</STRONG> (Thumb, 24 bytes, Stack size 0 bytes, startup_mke02z4.o(.text))

<P><STRONG><a name="[7]"></a>NMI_Handler</STRONG> (Thumb, 2 bytes, Stack size 0 bytes, startup_mke02z4.o(.text))
<BR><BR>[Calls]<UL><LI><a href="#[7]">&gt;&gt;</a>&nbsp;&nbsp;&nbsp;NMI_Handler
</UL>
<BR>[Called By]<UL><LI><a href="#[7]">&gt;&gt;</a>&nbsp;&nbsp;&nbsp;NMI_Handler
</UL>
<BR>[Address Reference Count : 1]<UL><LI> startup_mke02z4.o(RESET)
</UL>
<P><STRONG><a name="[8]"></a>HardFault_Handler</STRONG> (Thumb, 2 bytes, Stack size 0 bytes, startup_mke02z4.o(.text))
<BR><BR>[Calls]<UL><LI><a href="#[8]">&gt;&gt;</a>&nbsp;&nbsp;&nbsp;HardFault_Handler
</UL>
<BR>[Called By]<UL><LI><a href="#[8]">&gt;&gt;</a>&nbsp;&nbsp;&nbsp;HardFault_Handler
</UL>
<BR>[Address Reference Count : 1]<UL><LI> startup_mke02z4.o(RESET)
</UL>
<P><STRONG><a name="[9]"></a>SVC_Handler</STRONG> (Thumb, 2 bytes, Stack size 0 bytes, startup_mke02z4.o(.text))
<BR><BR>[Calls]<UL><LI><a href="#[9]">&gt;&gt;</a>&nbsp;&nbsp;&nbsp;SVC_Handler
</UL>
<BR>[Called By]<UL><LI><a href="#[9]">&gt;&gt;</a>&nbsp;&nbsp;&nbsp;SVC_Handler
</UL>
<BR>[Address Reference Count : 1]<UL><LI> startup_mke02z4.o(RESET)
</UL>
<P><STRONG><a name="[a]"></a>PendSV_Handler</STRONG> (Thumb, 2 bytes, Stack size 0 bytes, startup_mke02z4.o(.text))
<BR><BR>[Calls]<UL><LI><a href="#[a]">&gt;&gt;</a>&nbsp;&nbsp;&nbsp;PendSV_Handler
</UL>
<BR>[Called By]<UL><LI><a href="#[a]">&gt;&gt;</a>&nbsp;&nbsp;&nbsp;PendSV_Handler
</UL>
<BR>[Address Reference Count : 1]<UL><LI> startup_mke02z4.o(RESET)
</UL>
<P><STRONG><a name="[14]"></a>I2C0_IRQHandler</STRONG> (Thumb, 4 bytes, Stack size 0 bytes, startup_mke02z4.o(.text))
<BR>[Address Reference Count : 1]<UL><LI> startup_mke02z4.o(RESET)
</UL>
<P><STRONG><a name="[16]"></a>SPI0_IRQHandler</STRONG> (Thumb, 4 bytes, Stack size 0 bytes, startup_mke02z4.o(.text))
<BR>[Address Reference Count : 1]<UL><LI> startup_mke02z4.o(RESET)
</UL>
<P><STRONG><a name="[17]"></a>SPI1_IRQHandler</STRONG> (Thumb, 4 bytes, Stack size 0 bytes, startup_mke02z4.o(.text))
<BR>[Address Reference Count : 1]<UL><LI> startup_mke02z4.o(RESET)
</UL>
<P><STRONG><a name="[18]"></a>UART0_IRQHandler</STRONG> (Thumb, 4 bytes, Stack size 0 bytes, startup_mke02z4.o(.text))
<BR>[Address Reference Count : 1]<UL><LI> startup_mke02z4.o(RESET)
</UL>
<P><STRONG><a name="[19]"></a>UART1_IRQHandler</STRONG> (Thumb, 4 bytes, Stack size 0 bytes, startup_mke02z4.o(.text))
<BR>[Address Reference Count : 1]<UL><LI> startup_mke02z4.o(RESET)
</UL>
<P><STRONG><a name="[1a]"></a>UART2_IRQHandler</STRONG> (Thumb, 4 bytes, Stack size 0 bytes, startup_mke02z4.o(.text))
<BR>[Address Reference Count : 1]<UL><LI> startup_mke02z4.o(RESET)
</UL>
<P><STRONG><a name="[1c]"></a>ACMP0_IRQHandler</STRONG> (Thumb, 0 bytes, Stack size 0 bytes, startup_mke02z4.o(.text))
<BR>[Address Reference Count : 1]<UL><LI> startup_mke02z4.o(RESET)
</UL>
<P><STRONG><a name="[21]"></a>ACMP1_IRQHandler</STRONG> (Thumb, 0 bytes, Stack size 0 bytes, startup_mke02z4.o(.text))
<BR>[Address Reference Count : 1]<UL><LI> startup_mke02z4.o(RESET)
</UL>
<P><STRONG><a name="[1b]"></a>ADC_IRQHandler</STRONG> (Thumb, 0 bytes, Stack size 0 bytes, startup_mke02z4.o(.text))
<BR>[Address Reference Count : 1]<UL><LI> startup_mke02z4.o(RESET)
</UL>
<P><STRONG><a name="[34]"></a>DefaultISR</STRONG> (Thumb, 0 bytes, Stack size 0 bytes, startup_mke02z4.o(.text))
<BR>[Address Reference Count : 1]<UL><LI> startup_mke02z4.o(.text)
</UL>
<P><STRONG><a name="[1d]"></a>FTM0_IRQHandler</STRONG> (Thumb, 0 bytes, Stack size 0 bytes, startup_mke02z4.o(.text))
<BR>[Address Reference Count : 1]<UL><LI> startup_mke02z4.o(RESET)
</UL>
<P><STRONG><a name="[1e]"></a>FTM1_IRQHandler</STRONG> (Thumb, 0 bytes, Stack size 0 bytes, startup_mke02z4.o(.text))
<BR>[Address Reference Count : 1]<UL><LI> startup_mke02z4.o(RESET)
</UL>
<P><STRONG><a name="[1f]"></a>FTM2_IRQHandler</STRONG> (Thumb, 0 bytes, Stack size 0 bytes, startup_mke02z4.o(.text))
<BR>[Address Reference Count : 1]<UL><LI> startup_mke02z4.o(RESET)
</UL>
<P><STRONG><a name="[11]"></a>FTMRH_IRQHandler</STRONG> (Thumb, 0 bytes, Stack size 0 bytes, startup_mke02z4.o(.text))
<BR>[Address Reference Count : 1]<UL><LI> startup_mke02z4.o(RESET)
</UL>
<P><STRONG><a name="[2e]"></a>I2C0_DriverIRQHandler</STRONG> (Thumb, 0 bytes, Stack size 0 bytes, startup_mke02z4.o(.text))
<BR>[Address Reference Count : 1]<UL><LI> startup_mke02z4.o(.text)
</UL>
<P><STRONG><a name="[27]"></a>ICS_IRQHandler</STRONG> (Thumb, 0 bytes, Stack size 0 bytes, startup_mke02z4.o(.text))
<BR>[Address Reference Count : 1]<UL><LI> startup_mke02z4.o(RESET)
</UL>
<P><STRONG><a name="[13]"></a>IRQ_IRQHandler</STRONG> (Thumb, 0 bytes, Stack size 0 bytes, startup_mke02z4.o(.text))
<BR>[Address Reference Count : 1]<UL><LI> startup_mke02z4.o(RESET)
</UL>
<P><STRONG><a name="[24]"></a>KBI0_IRQHandler</STRONG> (Thumb, 0 bytes, Stack size 0 bytes, startup_mke02z4.o(.text))
<BR>[Address Reference Count : 1]<UL><LI> startup_mke02z4.o(RESET)
</UL>
<P><STRONG><a name="[25]"></a>KBI1_IRQHandler</STRONG> (Thumb, 0 bytes, Stack size 0 bytes, startup_mke02z4.o(.text))
<BR>[Address Reference Count : 1]<UL><LI> startup_mke02z4.o(RESET)
</UL>
<P><STRONG><a name="[22]"></a>PIT_CH0_IRQHandler</STRONG> (Thumb, 0 bytes, Stack size 0 bytes, startup_mke02z4.o(.text))
<BR>[Address Reference Count : 1]<UL><LI> startup_mke02z4.o(RESET)
</UL>
<P><STRONG><a name="[23]"></a>PIT_CH1_IRQHandler</STRONG> (Thumb, 0 bytes, Stack size 0 bytes, startup_mke02z4.o(.text))
<BR>[Address Reference Count : 1]<UL><LI> startup_mke02z4.o(RESET)
</UL>
<P><STRONG><a name="[12]"></a>PMC_IRQHandler</STRONG> (Thumb, 0 bytes, Stack size 0 bytes, startup_mke02z4.o(.text))
<BR>[Address Reference Count : 1]<UL><LI> startup_mke02z4.o(RESET)
</UL>
<P><STRONG><a name="[c]"></a>Reserved16_IRQHandler</STRONG> (Thumb, 0 bytes, Stack size 0 bytes, startup_mke02z4.o(.text))
<BR>[Address Reference Count : 1]<UL><LI> startup_mke02z4.o(RESET)
</UL>
<P><STRONG><a name="[d]"></a>Reserved17_IRQHandler</STRONG> (Thumb, 0 bytes, Stack size 0 bytes, startup_mke02z4.o(.text))
<BR>[Address Reference Count : 1]<UL><LI> startup_mke02z4.o(RESET)
</UL>
<P><STRONG><a name="[e]"></a>Reserved18_IRQHandler</STRONG> (Thumb, 0 bytes, Stack size 0 bytes, startup_mke02z4.o(.text))
<BR>[Address Reference Count : 1]<UL><LI> startup_mke02z4.o(RESET)
</UL>
<P><STRONG><a name="[f]"></a>Reserved19_IRQHandler</STRONG> (Thumb, 0 bytes, Stack size 0 bytes, startup_mke02z4.o(.text))
<BR>[Address Reference Count : 1]<UL><LI> startup_mke02z4.o(RESET)
</UL>
<P><STRONG><a name="[10]"></a>Reserved20_IRQHandler</STRONG> (Thumb, 0 bytes, Stack size 0 bytes, startup_mke02z4.o(.text))
<BR>[Address Reference Count : 1]<UL><LI> startup_mke02z4.o(RESET)
</UL>
<P><STRONG><a name="[15]"></a>Reserved25_IRQHandler</STRONG> (Thumb, 0 bytes, Stack size 0 bytes, startup_mke02z4.o(.text))
<BR>[Address Reference Count : 1]<UL><LI> startup_mke02z4.o(RESET)
</UL>
<P><STRONG><a name="[26]"></a>Reserved42_IRQHandler</STRONG> (Thumb, 0 bytes, Stack size 0 bytes, startup_mke02z4.o(.text))
<BR>[Address Reference Count : 1]<UL><LI> startup_mke02z4.o(RESET)
</UL>
<P><STRONG><a name="[29]"></a>Reserved45_IRQHandler</STRONG> (Thumb, 0 bytes, Stack size 0 bytes, startup_mke02z4.o(.text))
<BR>[Address Reference Count : 1]<UL><LI> startup_mke02z4.o(RESET)
</UL>
<P><STRONG><a name="[2a]"></a>Reserved46_IRQHandler</STRONG> (Thumb, 0 bytes, Stack size 0 bytes, startup_mke02z4.o(.text))
<BR>[Address Reference Count : 1]<UL><LI> startup_mke02z4.o(RESET)
</UL>
<P><STRONG><a name="[2b]"></a>Reserved47_IRQHandler</STRONG> (Thumb, 0 bytes, Stack size 0 bytes, startup_mke02z4.o(.text))
<BR>[Address Reference Count : 1]<UL><LI> startup_mke02z4.o(RESET)
</UL>
<P><STRONG><a name="[2f]"></a>SPI0_DriverIRQHandler</STRONG> (Thumb, 0 bytes, Stack size 0 bytes, startup_mke02z4.o(.text))
<BR>[Address Reference Count : 1]<UL><LI> startup_mke02z4.o(.text)
</UL>
<P><STRONG><a name="[30]"></a>SPI1_DriverIRQHandler</STRONG> (Thumb, 0 bytes, Stack size 0 bytes, startup_mke02z4.o(.text))
<BR>[Address Reference Count : 1]<UL><LI> startup_mke02z4.o(.text)
</UL>
<P><STRONG><a name="[31]"></a>UART0_DriverIRQHandler</STRONG> (Thumb, 0 bytes, Stack size 0 bytes, startup_mke02z4.o(.text))
<BR>[Address Reference Count : 1]<UL><LI> startup_mke02z4.o(.text)
</UL>
<P><STRONG><a name="[32]"></a>UART1_DriverIRQHandler</STRONG> (Thumb, 0 bytes, Stack size 0 bytes, startup_mke02z4.o(.text))
<BR>[Address Reference Count : 1]<UL><LI> startup_mke02z4.o(.text)
</UL>
<P><STRONG><a name="[33]"></a>UART2_DriverIRQHandler</STRONG> (Thumb, 0 bytes, Stack size 0 bytes, startup_mke02z4.o(.text))
<BR>[Address Reference Count : 1]<UL><LI> startup_mke02z4.o(.text)
</UL>
<P><STRONG><a name="[28]"></a>WDOG_IRQHandler</STRONG> (Thumb, 0 bytes, Stack size 0 bytes, startup_mke02z4.o(.text))
<BR>[Address Reference Count : 1]<UL><LI> startup_mke02z4.o(RESET)
</UL>
<P><STRONG><a name="[39]"></a>__user_initial_stackheap</STRONG> (Thumb, 0 bytes, Stack size unknown bytes, startup_mke02z4.o(.text))
<BR><BR>[Called By]<UL><LI><a href="#[42]">&gt;&gt;</a>&nbsp;&nbsp;&nbsp;__user_setup_stackheap
</UL>

<P><STRONG><a name="[80]"></a>__aeabi_lmul</STRONG> (Thumb, 48 bytes, Stack size 12 bytes, llmul.o(.text))
<BR><BR>[Stack]<UL><LI>Max Depth = 12<LI>Call Chain = __aeabi_lmul
</UL>
<BR>[Called By]<UL><LI><a href="#[46]">&gt;&gt;</a>&nbsp;&nbsp;&nbsp;main
</UL>

<P><STRONG><a name="[b0]"></a>_ll_mul</STRONG> (Thumb, 0 bytes, Stack size 12 bytes, llmul.o(.text), UNUSED)

<P><STRONG><a name="[6c]"></a>__aeabi_uldivmod</STRONG> (Thumb, 258 bytes, Stack size 32 bytes, lludiv.o(.text))
<BR><BR>[Stack]<UL><LI>Max Depth = 32<LI>Call Chain = __aeabi_uldivmod
</UL>
<BR>[Called By]<UL><LI><a href="#[6a]">&gt;&gt;</a>&nbsp;&nbsp;&nbsp;display_current_values
</UL>

<P><STRONG><a name="[b1]"></a>_ll_udiv</STRONG> (Thumb, 0 bytes, Stack size 32 bytes, lludiv.o(.text), UNUSED)

<P><STRONG><a name="[4c]"></a>__2sprintf</STRONG> (Thumb, 36 bytes, Stack size 32 bytes, noretval__2sprintf.o(.text))
<BR><BR>[Stack]<UL><LI>Max Depth = 128 + Unknown Stack Size
<LI>Call Chain = __2sprintf &rArr; _printf_char_common &rArr; __printf
</UL>
<BR>[Calls]<UL><LI><a href="#[35]">&gt;&gt;</a>&nbsp;&nbsp;&nbsp;_sputc
<LI><a href="#[4d]">&gt;&gt;</a>&nbsp;&nbsp;&nbsp;_printf_char_common
</UL>
<BR>[Called By]<UL><LI><a href="#[6a]">&gt;&gt;</a>&nbsp;&nbsp;&nbsp;display_current_values
<LI><a href="#[6b]">&gt;&gt;</a>&nbsp;&nbsp;&nbsp;update_screen
<LI><a href="#[81]">&gt;&gt;</a>&nbsp;&nbsp;&nbsp;update_PT_display
<LI><a href="#[46]">&gt;&gt;</a>&nbsp;&nbsp;&nbsp;main
</UL>

<P><STRONG><a name="[55]"></a>_printf_pre_padding</STRONG> (Thumb, 44 bytes, Stack size 16 bytes, _printf_pad.o(.text))
<BR><BR>[Stack]<UL><LI>Max Depth = 16<LI>Call Chain = _printf_pre_padding
</UL>
<BR>[Called By]<UL><LI><a href="#[51]">&gt;&gt;</a>&nbsp;&nbsp;&nbsp;_printf_int_common
</UL>

<P><STRONG><a name="[56]"></a>_printf_post_padding</STRONG> (Thumb, 34 bytes, Stack size 16 bytes, _printf_pad.o(.text))
<BR><BR>[Stack]<UL><LI>Max Depth = 16<LI>Call Chain = _printf_post_padding
</UL>
<BR>[Called By]<UL><LI><a href="#[51]">&gt;&gt;</a>&nbsp;&nbsp;&nbsp;_printf_int_common
</UL>

<P><STRONG><a name="[82]"></a>strlen</STRONG> (Thumb, 62 bytes, Stack size 12 bytes, strlen.o(.text))
<BR><BR>[Stack]<UL><LI>Max Depth = 12<LI>Call Chain = strlen
</UL>
<BR>[Called By]<UL><LI><a href="#[7a]">&gt;&gt;</a>&nbsp;&nbsp;&nbsp;show_mode_flicker
<LI><a href="#[7b]">&gt;&gt;</a>&nbsp;&nbsp;&nbsp;show_mode
<LI><a href="#[46]">&gt;&gt;</a>&nbsp;&nbsp;&nbsp;main
</UL>

<P><STRONG><a name="[b2]"></a>__use_two_region_memory</STRONG> (Thumb, 2 bytes, Stack size 0 bytes, heapauxi.o(.text), UNUSED)

<P><STRONG><a name="[b3]"></a>__rt_heap_escrow$2region</STRONG> (Thumb, 2 bytes, Stack size 0 bytes, heapauxi.o(.text), UNUSED)

<P><STRONG><a name="[b4]"></a>__rt_heap_expand$2region</STRONG> (Thumb, 2 bytes, Stack size 0 bytes, heapauxi.o(.text), UNUSED)

<P><STRONG><a name="[35]"></a>_sputc</STRONG> (Thumb, 10 bytes, Stack size 0 bytes, _sputc.o(.text))
<BR><BR>[Called By]<UL><LI><a href="#[4c]">&gt;&gt;</a>&nbsp;&nbsp;&nbsp;__2sprintf
</UL>
<BR>[Address Reference Count : 1]<UL><LI> noretval__2sprintf.o(.text)
</UL>
<P><STRONG><a name="[b5]"></a>__user_libspace</STRONG> (Thumb, 8 bytes, Stack size 0 bytes, libspace.o(.text), UNUSED)

<P><STRONG><a name="[57]"></a>__user_perproc_libspace</STRONG> (Thumb, 0 bytes, Stack size 0 bytes, libspace.o(.text))
<BR><BR>[Called By]<UL><LI><a href="#[42]">&gt;&gt;</a>&nbsp;&nbsp;&nbsp;__user_setup_stackheap
</UL>

<P><STRONG><a name="[b6]"></a>__user_perthread_libspace</STRONG> (Thumb, 0 bytes, Stack size 0 bytes, libspace.o(.text), UNUSED)

<P><STRONG><a name="[40]"></a>_printf_int_dec</STRONG> (Thumb, 90 bytes, Stack size 32 bytes, _printf_dec.o(.text))
<BR><BR>[Stack]<UL><LI>Max Depth = 88<LI>Call Chain = _printf_int_dec &rArr; _printf_int_common &rArr; _printf_post_padding
</UL>
<BR>[Calls]<UL><LI><a href="#[4f]">&gt;&gt;</a>&nbsp;&nbsp;&nbsp;_printf_truncate_unsigned (Weak Reference)
<LI><a href="#[4e]">&gt;&gt;</a>&nbsp;&nbsp;&nbsp;_printf_truncate_signed (Weak Reference)
<LI><a href="#[50]">&gt;&gt;</a>&nbsp;&nbsp;&nbsp;__rt_udiv10
<LI><a href="#[51]">&gt;&gt;</a>&nbsp;&nbsp;&nbsp;_printf_int_common
</UL>
<BR>[Called By]<UL><LI><a href="#[3e]">&gt;&gt;</a>&nbsp;&nbsp;&nbsp;_printf_d
</UL>

<P><STRONG><a name="[52]"></a>__printf</STRONG> (Thumb, 386 bytes, Stack size 32 bytes, __printf_flags_ss_wp.o(.text))
<BR><BR>[Stack]<UL><LI>Max Depth = 32 + Unknown Stack Size
<LI>Call Chain = __printf
</UL>
<BR>[Calls]<UL><LI><a href="#[54]">&gt;&gt;</a>&nbsp;&nbsp;&nbsp;_printf_percent
<LI><a href="#[53]">&gt;&gt;</a>&nbsp;&nbsp;&nbsp;_is_digit
</UL>
<BR>[Called By]<UL><LI><a href="#[4d]">&gt;&gt;</a>&nbsp;&nbsp;&nbsp;_printf_char_common
</UL>

<P><STRONG><a name="[b7]"></a>__aeabi_uidiv</STRONG> (Thumb, 0 bytes, Stack size 0 bytes, aeabi_sdiv.o(.text), UNUSED)

<P><STRONG><a name="[60]"></a>__aeabi_uidivmod</STRONG> (Thumb, 20 bytes, Stack size 0 bytes, aeabi_sdiv.o(.text))
<BR><BR>[Called By]<UL><LI><a href="#[81]">&gt;&gt;</a>&nbsp;&nbsp;&nbsp;update_PT_display
<LI><a href="#[68]">&gt;&gt;</a>&nbsp;&nbsp;&nbsp;SystemCoreClockUpdate
<LI><a href="#[5f]">&gt;&gt;</a>&nbsp;&nbsp;&nbsp;FLASH_Init
<LI><a href="#[46]">&gt;&gt;</a>&nbsp;&nbsp;&nbsp;main
</UL>

<P><STRONG><a name="[b8]"></a>__aeabi_idiv</STRONG> (Thumb, 0 bytes, Stack size 8 bytes, aeabi_sdiv.o(.text), UNUSED)

<P><STRONG><a name="[73]"></a>__aeabi_idivmod</STRONG> (Thumb, 326 bytes, Stack size 8 bytes, aeabi_sdiv.o(.text))
<BR><BR>[Stack]<UL><LI>Max Depth = 8<LI>Call Chain = __aeabi_idivmod
</UL>
<BR>[Called By]<UL><LI><a href="#[72]">&gt;&gt;</a>&nbsp;&nbsp;&nbsp;load_pause_digits
</UL>

<P><STRONG><a name="[51]"></a>_printf_int_common</STRONG> (Thumb, 176 bytes, Stack size 40 bytes, _printf_intcommon.o(.text))
<BR><BR>[Stack]<UL><LI>Max Depth = 56<LI>Call Chain = _printf_int_common &rArr; _printf_post_padding
</UL>
<BR>[Calls]<UL><LI><a href="#[56]">&gt;&gt;</a>&nbsp;&nbsp;&nbsp;_printf_post_padding
<LI><a href="#[55]">&gt;&gt;</a>&nbsp;&nbsp;&nbsp;_printf_pre_padding
</UL>
<BR>[Called By]<UL><LI><a href="#[40]">&gt;&gt;</a>&nbsp;&nbsp;&nbsp;_printf_int_dec
</UL>

<P><STRONG><a name="[4d]"></a>_printf_char_common</STRONG> (Thumb, 32 bytes, Stack size 64 bytes, _printf_char_common.o(.text))
<BR><BR>[Stack]<UL><LI>Max Depth = 96 + Unknown Stack Size
<LI>Call Chain = _printf_char_common &rArr; __printf
</UL>
<BR>[Calls]<UL><LI><a href="#[52]">&gt;&gt;</a>&nbsp;&nbsp;&nbsp;__printf
</UL>
<BR>[Called By]<UL><LI><a href="#[4c]">&gt;&gt;</a>&nbsp;&nbsp;&nbsp;__2sprintf
</UL>

<P><STRONG><a name="[50]"></a>__rt_udiv10</STRONG> (Thumb, 40 bytes, Stack size 0 bytes, rtudiv10.o(.text))
<BR><BR>[Called By]<UL><LI><a href="#[40]">&gt;&gt;</a>&nbsp;&nbsp;&nbsp;_printf_int_dec
</UL>

<P><STRONG><a name="[42]"></a>__user_setup_stackheap</STRONG> (Thumb, 62 bytes, Stack size 8 bytes, sys_stackheap_outer.o(.text))
<BR><BR>[Stack]<UL><LI>Max Depth = 8 + Unknown Stack Size
<LI>Call Chain = __user_setup_stackheap
</UL>
<BR>[Calls]<UL><LI><a href="#[39]">&gt;&gt;</a>&nbsp;&nbsp;&nbsp;__user_initial_stackheap
<LI><a href="#[57]">&gt;&gt;</a>&nbsp;&nbsp;&nbsp;__user_perproc_libspace
</UL>
<BR>[Called By]<UL><LI><a href="#[41]">&gt;&gt;</a>&nbsp;&nbsp;&nbsp;__rt_entry_sh
</UL>

<P><STRONG><a name="[47]"></a>exit</STRONG> (Thumb, 16 bytes, Stack size 8 bytes, exit.o(.text))
<BR><BR>[Stack]<UL><LI>Max Depth = 8 + Unknown Stack Size
<LI>Call Chain = exit
</UL>
<BR>[Calls]<UL><LI><a href="#[59]">&gt;&gt;</a>&nbsp;&nbsp;&nbsp;__rt_exit
<LI><a href="#[58]">&gt;&gt;</a>&nbsp;&nbsp;&nbsp;_call_atexit_fns (Weak Reference)
</UL>
<BR>[Called By]<UL><LI><a href="#[45]">&gt;&gt;</a>&nbsp;&nbsp;&nbsp;__rt_entry_main
</UL>

<P><STRONG><a name="[4b]"></a>_sys_exit</STRONG> (Thumb, 8 bytes, Stack size 0 bytes, sys_exit.o(.text))
<BR><BR>[Called By]<UL><LI><a href="#[4a]">&gt;&gt;</a>&nbsp;&nbsp;&nbsp;__rt_exit_exit
</UL>

<P><STRONG><a name="[b9]"></a>__I$use$semihosting</STRONG> (Thumb, 0 bytes, Stack size 0 bytes, use_no_semi.o(.text), UNUSED)

<P><STRONG><a name="[ba]"></a>__use_no_semihosting_swi</STRONG> (Thumb, 2 bytes, Stack size 0 bytes, use_no_semi.o(.text), UNUSED)

<P><STRONG><a name="[bb]"></a>__semihosting_library_function</STRONG> (Thumb, 0 bytes, Stack size unknown bytes, indicate_semi.o(.text), UNUSED)

<P><STRONG><a name="[67]"></a>Delay</STRONG> (Thumb, 26 bytes, Stack size 0 bytes, main.o(i.Delay))
<BR><BR>[Called By]<UL><LI><a href="#[6a]">&gt;&gt;</a>&nbsp;&nbsp;&nbsp;display_current_values
<LI><a href="#[7e]">&gt;&gt;</a>&nbsp;&nbsp;&nbsp;ramp_up
<LI><a href="#[7f]">&gt;&gt;</a>&nbsp;&nbsp;&nbsp;ramp_down
<LI><a href="#[79]">&gt;&gt;</a>&nbsp;&nbsp;&nbsp;oled_init
<LI><a href="#[64]">&gt;&gt;</a>&nbsp;&nbsp;&nbsp;oled_blank
<LI><a href="#[69]">&gt;&gt;</a>&nbsp;&nbsp;&nbsp;check_key1_abort
<LI><a href="#[62]">&gt;&gt;</a>&nbsp;&nbsp;&nbsp;PW_Validation
<LI><a href="#[46]">&gt;&gt;</a>&nbsp;&nbsp;&nbsp;main
</UL>

<P><STRONG><a name="[5a]"></a>Display_control_Off</STRONG> (Thumb, 22 bytes, Stack size 4 bytes, i2c.o(i.Display_control_Off))
<BR><BR>[Stack]<UL><LI>Max Depth = 20<LI>Call Chain = Display_control_Off &rArr; oled_cmd_1byte &rArr; i2c_add
</UL>
<BR>[Calls]<UL><LI><a href="#[5b]">&gt;&gt;</a>&nbsp;&nbsp;&nbsp;oled_cmd_1byte
</UL>
<BR>[Called By]<UL><LI><a href="#[7a]">&gt;&gt;</a>&nbsp;&nbsp;&nbsp;show_mode_flicker
</UL>

<P><STRONG><a name="[5c]"></a>Display_control_On</STRONG> (Thumb, 22 bytes, Stack size 4 bytes, i2c.o(i.Display_control_On))
<BR><BR>[Stack]<UL><LI>Max Depth = 20<LI>Call Chain = Display_control_On &rArr; oled_cmd_1byte &rArr; i2c_add
</UL>
<BR>[Calls]<UL><LI><a href="#[5b]">&gt;&gt;</a>&nbsp;&nbsp;&nbsp;oled_cmd_1byte
</UL>
<BR>[Called By]<UL><LI><a href="#[7a]">&gt;&gt;</a>&nbsp;&nbsp;&nbsp;show_mode_flicker
<LI><a href="#[46]">&gt;&gt;</a>&nbsp;&nbsp;&nbsp;main
</UL>

<P><STRONG><a name="[5d]"></a>FLASH_EraseSector</STRONG> (Thumb, 134 bytes, Stack size 8 bytes, flash.o(i.FLASH_EraseSector))
<BR><BR>[Stack]<UL><LI>Max Depth = 8<LI>Call Chain = FLASH_EraseSector
</UL>
<BR>[Calls]<UL><LI><a href="#[5e]">&gt;&gt;</a>&nbsp;&nbsp;&nbsp;FLASH_LaunchCMD
</UL>
<BR>[Called By]<UL><LI><a href="#[63]">&gt;&gt;</a>&nbsp;&nbsp;&nbsp;flashWritePassword
</UL>

<P><STRONG><a name="[5f]"></a>FLASH_Init</STRONG> (Thumb, 134 bytes, Stack size 16 bytes, flash.o(i.FLASH_Init))
<BR><BR>[Stack]<UL><LI>Max Depth = 16<LI>Call Chain = FLASH_Init
</UL>
<BR>[Calls]<UL><LI><a href="#[60]">&gt;&gt;</a>&nbsp;&nbsp;&nbsp;__aeabi_uidivmod
</UL>
<BR>[Called By]<UL><LI><a href="#[75]">&gt;&gt;</a>&nbsp;&nbsp;&nbsp;mcu_init
</UL>

<P><STRONG><a name="[5e]"></a>FLASH_LaunchCMD</STRONG> (Thumb, 40 bytes, Stack size 0 bytes, flash.o(i.FLASH_LaunchCMD))
<BR><BR>[Called By]<UL><LI><a href="#[61]">&gt;&gt;</a>&nbsp;&nbsp;&nbsp;FLASH_Program1LongWord
<LI><a href="#[5d]">&gt;&gt;</a>&nbsp;&nbsp;&nbsp;FLASH_EraseSector
</UL>

<P><STRONG><a name="[61]"></a>FLASH_Program1LongWord</STRONG> (Thumb, 162 bytes, Stack size 12 bytes, flash.o(i.FLASH_Program1LongWord))
<BR><BR>[Stack]<UL><LI>Max Depth = 12<LI>Call Chain = FLASH_Program1LongWord
</UL>
<BR>[Calls]<UL><LI><a href="#[5e]">&gt;&gt;</a>&nbsp;&nbsp;&nbsp;FLASH_LaunchCMD
</UL>
<BR>[Called By]<UL><LI><a href="#[63]">&gt;&gt;</a>&nbsp;&nbsp;&nbsp;flashWritePassword
</UL>

<P><STRONG><a name="[62]"></a>PW_Validation</STRONG> (Thumb, 222 bytes, Stack size 8 bytes, password.o(i.PW_Validation))
<BR><BR>[Stack]<UL><LI>Max Depth = 108<LI>Call Chain = PW_Validation &rArr; print_string &rArr; print_char &rArr; oled_pos &rArr; oled_cmd_1byte &rArr; i2c_add
</UL>
<BR>[Calls]<UL><LI><a href="#[63]">&gt;&gt;</a>&nbsp;&nbsp;&nbsp;flashWritePassword
<LI><a href="#[66]">&gt;&gt;</a>&nbsp;&nbsp;&nbsp;print_string
<LI><a href="#[64]">&gt;&gt;</a>&nbsp;&nbsp;&nbsp;oled_blank
<LI><a href="#[65]">&gt;&gt;</a>&nbsp;&nbsp;&nbsp;flashReadPassword
<LI><a href="#[67]">&gt;&gt;</a>&nbsp;&nbsp;&nbsp;Delay
</UL>
<BR>[Called By]<UL><LI><a href="#[46]">&gt;&gt;</a>&nbsp;&nbsp;&nbsp;main
</UL>

<P><STRONG><a name="[7c]"></a>Password_StartEntry</STRONG> (Thumb, 32 bytes, Stack size 0 bytes, password.o(i.Password_StartEntry))
<BR><BR>[Called By]<UL><LI><a href="#[46]">&gt;&gt;</a>&nbsp;&nbsp;&nbsp;main
</UL>

<P><STRONG><a name="[20]"></a>RTC_IRQHandler</STRONG> (Thumb, 52 bytes, Stack size 0 bytes, main.o(i.RTC_IRQHandler))
<BR>[Address Reference Count : 1]<UL><LI> startup_mke02z4.o(RESET)
</UL>
<P><STRONG><a name="[b]"></a>SysTick_Handler</STRONG> (Thumb, 12 bytes, Stack size 0 bytes, main.o(i.SysTick_Handler))
<BR>[Address Reference Count : 1]<UL><LI> startup_mke02z4.o(RESET)
</UL>
<P><STRONG><a name="[68]"></a>SystemCoreClockUpdate</STRONG> (Thumb, 134 bytes, Stack size 16 bytes, system_mke02z4.o(i.SystemCoreClockUpdate))
<BR><BR>[Stack]<UL><LI>Max Depth = 16<LI>Call Chain = SystemCoreClockUpdate
</UL>
<BR>[Calls]<UL><LI><a href="#[60]">&gt;&gt;</a>&nbsp;&nbsp;&nbsp;__aeabi_uidivmod
</UL>
<BR>[Called By]<UL><LI><a href="#[46]">&gt;&gt;</a>&nbsp;&nbsp;&nbsp;main
</UL>

<P><STRONG><a name="[2c]"></a>SystemInit</STRONG> (Thumb, 40 bytes, Stack size 0 bytes, system_mke02z4.o(i.SystemInit))
<BR>[Address Reference Count : 1]<UL><LI> startup_mke02z4.o(.text)
</UL>
<P><STRONG><a name="[53]"></a>_is_digit</STRONG> (Thumb, 14 bytes, Stack size 0 bytes, __printf_wp.o(i._is_digit))
<BR><BR>[Called By]<UL><LI><a href="#[52]">&gt;&gt;</a>&nbsp;&nbsp;&nbsp;__printf
</UL>

<P><STRONG><a name="[69]"></a>check_key1_abort</STRONG> (Thumb, 216 bytes, Stack size 8 bytes, display_support.o(i.check_key1_abort))
<BR><BR>[Stack]<UL><LI>Max Depth = 184 + Unknown Stack Size
<LI>Call Chain = check_key1_abort &rArr; display_current_values &rArr; __2sprintf &rArr; _printf_char_common &rArr; __printf
</UL>
<BR>[Calls]<UL><LI><a href="#[6a]">&gt;&gt;</a>&nbsp;&nbsp;&nbsp;display_current_values
<LI><a href="#[6b]">&gt;&gt;</a>&nbsp;&nbsp;&nbsp;update_screen
<LI><a href="#[66]">&gt;&gt;</a>&nbsp;&nbsp;&nbsp;print_string
<LI><a href="#[64]">&gt;&gt;</a>&nbsp;&nbsp;&nbsp;oled_blank
<LI><a href="#[67]">&gt;&gt;</a>&nbsp;&nbsp;&nbsp;Delay
</UL>
<BR>[Called By]<UL><LI><a href="#[46]">&gt;&gt;</a>&nbsp;&nbsp;&nbsp;main
</UL>

<P><STRONG><a name="[6a]"></a>display_current_values</STRONG> (Thumb, 146 bytes, Stack size 48 bytes, display_support.o(i.display_current_values))
<BR><BR>[Stack]<UL><LI>Max Depth = 176 + Unknown Stack Size
<LI>Call Chain = display_current_values &rArr; __2sprintf &rArr; _printf_char_common &rArr; __printf
</UL>
<BR>[Calls]<UL><LI><a href="#[4c]">&gt;&gt;</a>&nbsp;&nbsp;&nbsp;__2sprintf
<LI><a href="#[6c]">&gt;&gt;</a>&nbsp;&nbsp;&nbsp;__aeabi_uldivmod
<LI><a href="#[66]">&gt;&gt;</a>&nbsp;&nbsp;&nbsp;print_string
<LI><a href="#[67]">&gt;&gt;</a>&nbsp;&nbsp;&nbsp;Delay
</UL>
<BR>[Called By]<UL><LI><a href="#[69]">&gt;&gt;</a>&nbsp;&nbsp;&nbsp;check_key1_abort
</UL>

<P><STRONG><a name="[6d]"></a>display_password_masked</STRONG> (Thumb, 106 bytes, Stack size 16 bytes, password.o(i.display_password_masked))
<BR><BR>[Stack]<UL><LI>Max Depth = 80<LI>Call Chain = display_password_masked &rArr; print_char &rArr; oled_pos &rArr; oled_cmd_1byte &rArr; i2c_add
</UL>
<BR>[Calls]<UL><LI><a href="#[6e]">&gt;&gt;</a>&nbsp;&nbsp;&nbsp;print_char
</UL>
<BR>[Called By]<UL><LI><a href="#[46]">&gt;&gt;</a>&nbsp;&nbsp;&nbsp;main
</UL>

<P><STRONG><a name="[6f]"></a>display_pause_time</STRONG> (Thumb, 86 bytes, Stack size 24 bytes, display_support.o(i.display_pause_time))
<BR><BR>[Stack]<UL><LI>Max Depth = 88<LI>Call Chain = display_pause_time &rArr; print_char &rArr; oled_pos &rArr; oled_cmd_1byte &rArr; i2c_add
</UL>
<BR>[Calls]<UL><LI><a href="#[6e]">&gt;&gt;</a>&nbsp;&nbsp;&nbsp;print_char
<LI><a href="#[70]">&gt;&gt;</a>&nbsp;&nbsp;&nbsp;oled_clear_area
</UL>
<BR>[Called By]<UL><LI><a href="#[83]">&gt;&gt;</a>&nbsp;&nbsp;&nbsp;next_pt_digit
<LI><a href="#[71]">&gt;&gt;</a>&nbsp;&nbsp;&nbsp;increment_pt_digit
<LI><a href="#[46]">&gt;&gt;</a>&nbsp;&nbsp;&nbsp;main
</UL>

<P><STRONG><a name="[65]"></a>flashReadPassword</STRONG> (Thumb, 52 bytes, Stack size 0 bytes, password.o(i.flashReadPassword))
<BR><BR>[Called By]<UL><LI><a href="#[62]">&gt;&gt;</a>&nbsp;&nbsp;&nbsp;PW_Validation
<LI><a href="#[46]">&gt;&gt;</a>&nbsp;&nbsp;&nbsp;main
</UL>

<P><STRONG><a name="[63]"></a>flashWritePassword</STRONG> (Thumb, 58 bytes, Stack size 8 bytes, password.o(i.flashWritePassword))
<BR><BR>[Stack]<UL><LI>Max Depth = 20<LI>Call Chain = flashWritePassword &rArr; FLASH_Program1LongWord
</UL>
<BR>[Calls]<UL><LI><a href="#[61]">&gt;&gt;</a>&nbsp;&nbsp;&nbsp;FLASH_Program1LongWord
<LI><a href="#[5d]">&gt;&gt;</a>&nbsp;&nbsp;&nbsp;FLASH_EraseSector
</UL>
<BR>[Called By]<UL><LI><a href="#[62]">&gt;&gt;</a>&nbsp;&nbsp;&nbsp;PW_Validation
</UL>

<P><STRONG><a name="[77]"></a>ftm_init</STRONG> (Thumb, 90 bytes, Stack size 0 bytes, ftm.o(i.ftm_init))
<BR><BR>[Called By]<UL><LI><a href="#[46]">&gt;&gt;</a>&nbsp;&nbsp;&nbsp;main
</UL>

<P><STRONG><a name="[84]"></a>get_pause_minutes</STRONG> (Thumb, 36 bytes, Stack size 0 bytes, display_support.o(i.get_pause_minutes))
<BR><BR>[Called By]<UL><LI><a href="#[83]">&gt;&gt;</a>&nbsp;&nbsp;&nbsp;next_pt_digit
<LI><a href="#[46]">&gt;&gt;</a>&nbsp;&nbsp;&nbsp;main
</UL>

<P><STRONG><a name="[88]"></a>i2c_add</STRONG> (Thumb, 78 bytes, Stack size 8 bytes, i2c.o(i.i2c_add))
<BR><BR>[Stack]<UL><LI>Max Depth = 8<LI>Call Chain = i2c_add
</UL>
<BR>[Called By]<UL><LI><a href="#[86]">&gt;&gt;</a>&nbsp;&nbsp;&nbsp;oled_data
<LI><a href="#[8b]">&gt;&gt;</a>&nbsp;&nbsp;&nbsp;oled_cmd_2byte
<LI><a href="#[5b]">&gt;&gt;</a>&nbsp;&nbsp;&nbsp;oled_cmd_1byte
<LI><a href="#[70]">&gt;&gt;</a>&nbsp;&nbsp;&nbsp;oled_clear_area
</UL>

<P><STRONG><a name="[89]"></a>i2c_data</STRONG> (Thumb, 48 bytes, Stack size 0 bytes, i2c.o(i.i2c_data))
<BR><BR>[Called By]<UL><LI><a href="#[86]">&gt;&gt;</a>&nbsp;&nbsp;&nbsp;oled_data
<LI><a href="#[8b]">&gt;&gt;</a>&nbsp;&nbsp;&nbsp;oled_cmd_2byte
<LI><a href="#[5b]">&gt;&gt;</a>&nbsp;&nbsp;&nbsp;oled_cmd_1byte
<LI><a href="#[70]">&gt;&gt;</a>&nbsp;&nbsp;&nbsp;oled_clear_area
</UL>

<P><STRONG><a name="[78]"></a>i2c_int</STRONG> (Thumb, 48 bytes, Stack size 0 bytes, i2c.o(i.i2c_int))
<BR><BR>[Called By]<UL><LI><a href="#[8b]">&gt;&gt;</a>&nbsp;&nbsp;&nbsp;oled_cmd_2byte
<LI><a href="#[5b]">&gt;&gt;</a>&nbsp;&nbsp;&nbsp;oled_cmd_1byte
<LI><a href="#[46]">&gt;&gt;</a>&nbsp;&nbsp;&nbsp;main
</UL>

<P><STRONG><a name="[87]"></a>i2c_start1</STRONG> (Thumb, 54 bytes, Stack size 0 bytes, i2c.o(i.i2c_start1))
<BR><BR>[Called By]<UL><LI><a href="#[86]">&gt;&gt;</a>&nbsp;&nbsp;&nbsp;oled_data
<LI><a href="#[8b]">&gt;&gt;</a>&nbsp;&nbsp;&nbsp;oled_cmd_2byte
<LI><a href="#[5b]">&gt;&gt;</a>&nbsp;&nbsp;&nbsp;oled_cmd_1byte
<LI><a href="#[70]">&gt;&gt;</a>&nbsp;&nbsp;&nbsp;oled_clear_area
</UL>

<P><STRONG><a name="[8a]"></a>i2c_stop</STRONG> (Thumb, 14 bytes, Stack size 0 bytes, i2c.o(i.i2c_stop))
<BR><BR>[Called By]<UL><LI><a href="#[86]">&gt;&gt;</a>&nbsp;&nbsp;&nbsp;oled_data
<LI><a href="#[8b]">&gt;&gt;</a>&nbsp;&nbsp;&nbsp;oled_cmd_2byte
<LI><a href="#[5b]">&gt;&gt;</a>&nbsp;&nbsp;&nbsp;oled_cmd_1byte
<LI><a href="#[70]">&gt;&gt;</a>&nbsp;&nbsp;&nbsp;oled_clear_area
</UL>

<P><STRONG><a name="[71]"></a>increment_pt_digit</STRONG> (Thumb, 48 bytes, Stack size 8 bytes, display_support.o(i.increment_pt_digit))
<BR><BR>[Stack]<UL><LI>Max Depth = 96<LI>Call Chain = increment_pt_digit &rArr; display_pause_time &rArr; print_char &rArr; oled_pos &rArr; oled_cmd_1byte &rArr; i2c_add
</UL>
<BR>[Calls]<UL><LI><a href="#[6f]">&gt;&gt;</a>&nbsp;&nbsp;&nbsp;display_pause_time
</UL>
<BR>[Called By]<UL><LI><a href="#[46]">&gt;&gt;</a>&nbsp;&nbsp;&nbsp;main
</UL>

<P><STRONG><a name="[72]"></a>load_pause_digits</STRONG> (Thumb, 114 bytes, Stack size 16 bytes, display_support.o(i.load_pause_digits))
<BR><BR>[Stack]<UL><LI>Max Depth = 80<LI>Call Chain = load_pause_digits &rArr; print_char &rArr; oled_pos &rArr; oled_cmd_1byte &rArr; i2c_add
</UL>
<BR>[Calls]<UL><LI><a href="#[73]">&gt;&gt;</a>&nbsp;&nbsp;&nbsp;__aeabi_idivmod
<LI><a href="#[6e]">&gt;&gt;</a>&nbsp;&nbsp;&nbsp;print_char
</UL>
<BR>[Called By]<UL><LI><a href="#[46]">&gt;&gt;</a>&nbsp;&nbsp;&nbsp;main
</UL>

<P><STRONG><a name="[46]"></a>main</STRONG> (Thumb, 2614 bytes, Stack size 0 bytes, main.o(i.main))
<BR><BR>[Stack]<UL><LI>Max Depth = 184 + Unknown Stack Size
<LI>Call Chain = main &rArr; check_key1_abort &rArr; display_current_values &rArr; __2sprintf &rArr; _printf_char_common &rArr; __printf
</UL>
<BR>[Calls]<UL><LI><a href="#[60]">&gt;&gt;</a>&nbsp;&nbsp;&nbsp;__aeabi_uidivmod
<LI><a href="#[82]">&gt;&gt;</a>&nbsp;&nbsp;&nbsp;strlen
<LI><a href="#[4c]">&gt;&gt;</a>&nbsp;&nbsp;&nbsp;__2sprintf
<LI><a href="#[80]">&gt;&gt;</a>&nbsp;&nbsp;&nbsp;__aeabi_lmul
<LI><a href="#[6b]">&gt;&gt;</a>&nbsp;&nbsp;&nbsp;update_screen
<LI><a href="#[81]">&gt;&gt;</a>&nbsp;&nbsp;&nbsp;update_PT_display
<LI><a href="#[7a]">&gt;&gt;</a>&nbsp;&nbsp;&nbsp;show_mode_flicker
<LI><a href="#[7b]">&gt;&gt;</a>&nbsp;&nbsp;&nbsp;show_mode
<LI><a href="#[7d]">&gt;&gt;</a>&nbsp;&nbsp;&nbsp;shift_place
<LI><a href="#[7e]">&gt;&gt;</a>&nbsp;&nbsp;&nbsp;ramp_up
<LI><a href="#[7f]">&gt;&gt;</a>&nbsp;&nbsp;&nbsp;ramp_down
<LI><a href="#[66]">&gt;&gt;</a>&nbsp;&nbsp;&nbsp;print_string
<LI><a href="#[79]">&gt;&gt;</a>&nbsp;&nbsp;&nbsp;oled_init
<LI><a href="#[70]">&gt;&gt;</a>&nbsp;&nbsp;&nbsp;oled_clear_area
<LI><a href="#[64]">&gt;&gt;</a>&nbsp;&nbsp;&nbsp;oled_blank
<LI><a href="#[83]">&gt;&gt;</a>&nbsp;&nbsp;&nbsp;next_pt_digit
<LI><a href="#[72]">&gt;&gt;</a>&nbsp;&nbsp;&nbsp;load_pause_digits
<LI><a href="#[71]">&gt;&gt;</a>&nbsp;&nbsp;&nbsp;increment_pt_digit
<LI><a href="#[78]">&gt;&gt;</a>&nbsp;&nbsp;&nbsp;i2c_int
<LI><a href="#[84]">&gt;&gt;</a>&nbsp;&nbsp;&nbsp;get_pause_minutes
<LI><a href="#[77]">&gt;&gt;</a>&nbsp;&nbsp;&nbsp;ftm_init
<LI><a href="#[65]">&gt;&gt;</a>&nbsp;&nbsp;&nbsp;flashReadPassword
<LI><a href="#[6f]">&gt;&gt;</a>&nbsp;&nbsp;&nbsp;display_pause_time
<LI><a href="#[6d]">&gt;&gt;</a>&nbsp;&nbsp;&nbsp;display_password_masked
<LI><a href="#[69]">&gt;&gt;</a>&nbsp;&nbsp;&nbsp;check_key1_abort
<LI><a href="#[68]">&gt;&gt;</a>&nbsp;&nbsp;&nbsp;SystemCoreClockUpdate
<LI><a href="#[7c]">&gt;&gt;</a>&nbsp;&nbsp;&nbsp;Password_StartEntry
<LI><a href="#[62]">&gt;&gt;</a>&nbsp;&nbsp;&nbsp;PW_Validation
<LI><a href="#[5c]">&gt;&gt;</a>&nbsp;&nbsp;&nbsp;Display_control_On
<LI><a href="#[76]">&gt;&gt;</a>&nbsp;&nbsp;&nbsp;rtc_init
<LI><a href="#[75]">&gt;&gt;</a>&nbsp;&nbsp;&nbsp;mcu_init
<LI><a href="#[67]">&gt;&gt;</a>&nbsp;&nbsp;&nbsp;Delay
<LI><a href="#[74]">&gt;&gt;</a>&nbsp;&nbsp;&nbsp;__NVIC_SetPriority
</UL>
<BR>[Called By]<UL><LI><a href="#[45]">&gt;&gt;</a>&nbsp;&nbsp;&nbsp;__rt_entry_main
</UL>

<P><STRONG><a name="[75]"></a>mcu_init</STRONG> (Thumb, 64 bytes, Stack size 8 bytes, main.o(i.mcu_init))
<BR><BR>[Stack]<UL><LI>Max Depth = 24<LI>Call Chain = mcu_init &rArr; FLASH_Init
</UL>
<BR>[Calls]<UL><LI><a href="#[5f]">&gt;&gt;</a>&nbsp;&nbsp;&nbsp;FLASH_Init
</UL>
<BR>[Called By]<UL><LI><a href="#[46]">&gt;&gt;</a>&nbsp;&nbsp;&nbsp;main
</UL>

<P><STRONG><a name="[83]"></a>next_pt_digit</STRONG> (Thumb, 42 bytes, Stack size 8 bytes, display_support.o(i.next_pt_digit))
<BR><BR>[Stack]<UL><LI>Max Depth = 96<LI>Call Chain = next_pt_digit &rArr; display_pause_time &rArr; print_char &rArr; oled_pos &rArr; oled_cmd_1byte &rArr; i2c_add
</UL>
<BR>[Calls]<UL><LI><a href="#[84]">&gt;&gt;</a>&nbsp;&nbsp;&nbsp;get_pause_minutes
<LI><a href="#[6f]">&gt;&gt;</a>&nbsp;&nbsp;&nbsp;display_pause_time
</UL>
<BR>[Called By]<UL><LI><a href="#[46]">&gt;&gt;</a>&nbsp;&nbsp;&nbsp;main
</UL>

<P><STRONG><a name="[64]"></a>oled_blank</STRONG> (Thumb, 52 bytes, Stack size 16 bytes, i2c.o(i.oled_blank))
<BR><BR>[Stack]<UL><LI>Max Depth = 44<LI>Call Chain = oled_blank &rArr; oled_pos &rArr; oled_cmd_1byte &rArr; i2c_add
</UL>
<BR>[Calls]<UL><LI><a href="#[85]">&gt;&gt;</a>&nbsp;&nbsp;&nbsp;oled_pos
<LI><a href="#[86]">&gt;&gt;</a>&nbsp;&nbsp;&nbsp;oled_data
<LI><a href="#[67]">&gt;&gt;</a>&nbsp;&nbsp;&nbsp;Delay
</UL>
<BR>[Called By]<UL><LI><a href="#[6b]">&gt;&gt;</a>&nbsp;&nbsp;&nbsp;update_screen
<LI><a href="#[7a]">&gt;&gt;</a>&nbsp;&nbsp;&nbsp;show_mode_flicker
<LI><a href="#[7b]">&gt;&gt;</a>&nbsp;&nbsp;&nbsp;show_mode
<LI><a href="#[69]">&gt;&gt;</a>&nbsp;&nbsp;&nbsp;check_key1_abort
<LI><a href="#[62]">&gt;&gt;</a>&nbsp;&nbsp;&nbsp;PW_Validation
<LI><a href="#[46]">&gt;&gt;</a>&nbsp;&nbsp;&nbsp;main
</UL>

<P><STRONG><a name="[70]"></a>oled_clear_area</STRONG> (Thumb, 98 bytes, Stack size 32 bytes, i2c.o(i.oled_clear_area))
<BR><BR>[Stack]<UL><LI>Max Depth = 48<LI>Call Chain = oled_clear_area &rArr; oled_cmd_1byte &rArr; i2c_add
</UL>
<BR>[Calls]<UL><LI><a href="#[5b]">&gt;&gt;</a>&nbsp;&nbsp;&nbsp;oled_cmd_1byte
<LI><a href="#[8a]">&gt;&gt;</a>&nbsp;&nbsp;&nbsp;i2c_stop
<LI><a href="#[87]">&gt;&gt;</a>&nbsp;&nbsp;&nbsp;i2c_start1
<LI><a href="#[89]">&gt;&gt;</a>&nbsp;&nbsp;&nbsp;i2c_data
<LI><a href="#[88]">&gt;&gt;</a>&nbsp;&nbsp;&nbsp;i2c_add
</UL>
<BR>[Called By]<UL><LI><a href="#[81]">&gt;&gt;</a>&nbsp;&nbsp;&nbsp;update_PT_display
<LI><a href="#[6f]">&gt;&gt;</a>&nbsp;&nbsp;&nbsp;display_pause_time
<LI><a href="#[46]">&gt;&gt;</a>&nbsp;&nbsp;&nbsp;main
</UL>

<P><STRONG><a name="[5b]"></a>oled_cmd_1byte</STRONG> (Thumb, 38 bytes, Stack size 8 bytes, i2c.o(i.oled_cmd_1byte))
<BR><BR>[Stack]<UL><LI>Max Depth = 16<LI>Call Chain = oled_cmd_1byte &rArr; i2c_add
</UL>
<BR>[Calls]<UL><LI><a href="#[8a]">&gt;&gt;</a>&nbsp;&nbsp;&nbsp;i2c_stop
<LI><a href="#[87]">&gt;&gt;</a>&nbsp;&nbsp;&nbsp;i2c_start1
<LI><a href="#[89]">&gt;&gt;</a>&nbsp;&nbsp;&nbsp;i2c_data
<LI><a href="#[88]">&gt;&gt;</a>&nbsp;&nbsp;&nbsp;i2c_add
<LI><a href="#[78]">&gt;&gt;</a>&nbsp;&nbsp;&nbsp;i2c_int
</UL>
<BR>[Called By]<UL><LI><a href="#[85]">&gt;&gt;</a>&nbsp;&nbsp;&nbsp;oled_pos
<LI><a href="#[5a]">&gt;&gt;</a>&nbsp;&nbsp;&nbsp;Display_control_Off
<LI><a href="#[79]">&gt;&gt;</a>&nbsp;&nbsp;&nbsp;oled_init
<LI><a href="#[70]">&gt;&gt;</a>&nbsp;&nbsp;&nbsp;oled_clear_area
<LI><a href="#[5c]">&gt;&gt;</a>&nbsp;&nbsp;&nbsp;Display_control_On
</UL>

<P><STRONG><a name="[8b]"></a>oled_cmd_2byte</STRONG> (Thumb, 50 bytes, Stack size 12 bytes, i2c.o(i.oled_cmd_2byte))
<BR><BR>[Stack]<UL><LI>Max Depth = 20<LI>Call Chain = oled_cmd_2byte &rArr; i2c_add
</UL>
<BR>[Calls]<UL><LI><a href="#[8a]">&gt;&gt;</a>&nbsp;&nbsp;&nbsp;i2c_stop
<LI><a href="#[87]">&gt;&gt;</a>&nbsp;&nbsp;&nbsp;i2c_start1
<LI><a href="#[89]">&gt;&gt;</a>&nbsp;&nbsp;&nbsp;i2c_data
<LI><a href="#[88]">&gt;&gt;</a>&nbsp;&nbsp;&nbsp;i2c_add
<LI><a href="#[78]">&gt;&gt;</a>&nbsp;&nbsp;&nbsp;i2c_int
</UL>
<BR>[Called By]<UL><LI><a href="#[79]">&gt;&gt;</a>&nbsp;&nbsp;&nbsp;oled_init
</UL>

<P><STRONG><a name="[86]"></a>oled_data</STRONG> (Thumb, 34 bytes, Stack size 8 bytes, i2c.o(i.oled_data))
<BR><BR>[Stack]<UL><LI>Max Depth = 16<LI>Call Chain = oled_data &rArr; i2c_add
</UL>
<BR>[Calls]<UL><LI><a href="#[8a]">&gt;&gt;</a>&nbsp;&nbsp;&nbsp;i2c_stop
<LI><a href="#[87]">&gt;&gt;</a>&nbsp;&nbsp;&nbsp;i2c_start1
<LI><a href="#[89]">&gt;&gt;</a>&nbsp;&nbsp;&nbsp;i2c_data
<LI><a href="#[88]">&gt;&gt;</a>&nbsp;&nbsp;&nbsp;i2c_add
</UL>
<BR>[Called By]<UL><LI><a href="#[6e]">&gt;&gt;</a>&nbsp;&nbsp;&nbsp;print_char
<LI><a href="#[64]">&gt;&gt;</a>&nbsp;&nbsp;&nbsp;oled_blank
</UL>

<P><STRONG><a name="[79]"></a>oled_init</STRONG> (Thumb, 194 bytes, Stack size 32 bytes, i2c.o(i.oled_init))
<BR><BR>[Stack]<UL><LI>Max Depth = 52<LI>Call Chain = oled_init &rArr; oled_cmd_2byte &rArr; i2c_add
</UL>
<BR>[Calls]<UL><LI><a href="#[8b]">&gt;&gt;</a>&nbsp;&nbsp;&nbsp;oled_cmd_2byte
<LI><a href="#[5b]">&gt;&gt;</a>&nbsp;&nbsp;&nbsp;oled_cmd_1byte
<LI><a href="#[67]">&gt;&gt;</a>&nbsp;&nbsp;&nbsp;Delay
</UL>
<BR>[Called By]<UL><LI><a href="#[46]">&gt;&gt;</a>&nbsp;&nbsp;&nbsp;main
</UL>

<P><STRONG><a name="[85]"></a>oled_pos</STRONG> (Thumb, 38 bytes, Stack size 12 bytes, i2c.o(i.oled_pos))
<BR><BR>[Stack]<UL><LI>Max Depth = 28<LI>Call Chain = oled_pos &rArr; oled_cmd_1byte &rArr; i2c_add
</UL>
<BR>[Calls]<UL><LI><a href="#[5b]">&gt;&gt;</a>&nbsp;&nbsp;&nbsp;oled_cmd_1byte
</UL>
<BR>[Called By]<UL><LI><a href="#[6e]">&gt;&gt;</a>&nbsp;&nbsp;&nbsp;print_char
<LI><a href="#[64]">&gt;&gt;</a>&nbsp;&nbsp;&nbsp;oled_blank
</UL>

<P><STRONG><a name="[6e]"></a>print_char</STRONG> (Thumb, 146 bytes, Stack size 36 bytes, i2c.o(i.print_char))
<BR><BR>[Stack]<UL><LI>Max Depth = 64<LI>Call Chain = print_char &rArr; oled_pos &rArr; oled_cmd_1byte &rArr; i2c_add
</UL>
<BR>[Calls]<UL><LI><a href="#[85]">&gt;&gt;</a>&nbsp;&nbsp;&nbsp;oled_pos
<LI><a href="#[86]">&gt;&gt;</a>&nbsp;&nbsp;&nbsp;oled_data
</UL>
<BR>[Called By]<UL><LI><a href="#[66]">&gt;&gt;</a>&nbsp;&nbsp;&nbsp;print_string
<LI><a href="#[72]">&gt;&gt;</a>&nbsp;&nbsp;&nbsp;load_pause_digits
<LI><a href="#[6f]">&gt;&gt;</a>&nbsp;&nbsp;&nbsp;display_pause_time
<LI><a href="#[6d]">&gt;&gt;</a>&nbsp;&nbsp;&nbsp;display_password_masked
</UL>

<P><STRONG><a name="[66]"></a>print_string</STRONG> (Thumb, 54 bytes, Stack size 36 bytes, i2c.o(i.print_string))
<BR><BR>[Stack]<UL><LI>Max Depth = 100<LI>Call Chain = print_string &rArr; print_char &rArr; oled_pos &rArr; oled_cmd_1byte &rArr; i2c_add
</UL>
<BR>[Calls]<UL><LI><a href="#[6e]">&gt;&gt;</a>&nbsp;&nbsp;&nbsp;print_char
</UL>
<BR>[Called By]<UL><LI><a href="#[6a]">&gt;&gt;</a>&nbsp;&nbsp;&nbsp;display_current_values
<LI><a href="#[6b]">&gt;&gt;</a>&nbsp;&nbsp;&nbsp;update_screen
<LI><a href="#[81]">&gt;&gt;</a>&nbsp;&nbsp;&nbsp;update_PT_display
<LI><a href="#[7a]">&gt;&gt;</a>&nbsp;&nbsp;&nbsp;show_mode_flicker
<LI><a href="#[7b]">&gt;&gt;</a>&nbsp;&nbsp;&nbsp;show_mode
<LI><a href="#[69]">&gt;&gt;</a>&nbsp;&nbsp;&nbsp;check_key1_abort
<LI><a href="#[62]">&gt;&gt;</a>&nbsp;&nbsp;&nbsp;PW_Validation
<LI><a href="#[46]">&gt;&gt;</a>&nbsp;&nbsp;&nbsp;main
</UL>

<P><STRONG><a name="[7f]"></a>ramp_down</STRONG> (Thumb, 142 bytes, Stack size 16 bytes, ftm.o(i.ramp_down))
<BR><BR>[Stack]<UL><LI>Max Depth = 16<LI>Call Chain = ramp_down
</UL>
<BR>[Calls]<UL><LI><a href="#[67]">&gt;&gt;</a>&nbsp;&nbsp;&nbsp;Delay
</UL>
<BR>[Called By]<UL><LI><a href="#[46]">&gt;&gt;</a>&nbsp;&nbsp;&nbsp;main
</UL>

<P><STRONG><a name="[7e]"></a>ramp_up</STRONG> (Thumb, 90 bytes, Stack size 16 bytes, ftm.o(i.ramp_up))
<BR><BR>[Stack]<UL><LI>Max Depth = 16<LI>Call Chain = ramp_up
</UL>
<BR>[Calls]<UL><LI><a href="#[67]">&gt;&gt;</a>&nbsp;&nbsp;&nbsp;Delay
</UL>
<BR>[Called By]<UL><LI><a href="#[46]">&gt;&gt;</a>&nbsp;&nbsp;&nbsp;main
</UL>

<P><STRONG><a name="[76]"></a>rtc_init</STRONG> (Thumb, 72 bytes, Stack size 8 bytes, main.o(i.rtc_init))
<BR><BR>[Stack]<UL><LI>Max Depth = 16<LI>Call Chain = rtc_init &rArr; __NVIC_SetPriority
</UL>
<BR>[Calls]<UL><LI><a href="#[74]">&gt;&gt;</a>&nbsp;&nbsp;&nbsp;__NVIC_SetPriority
</UL>
<BR>[Called By]<UL><LI><a href="#[46]">&gt;&gt;</a>&nbsp;&nbsp;&nbsp;main
</UL>

<P><STRONG><a name="[7d]"></a>shift_place</STRONG> (Thumb, 12 bytes, Stack size 0 bytes, password.o(i.shift_place))
<BR><BR>[Called By]<UL><LI><a href="#[46]">&gt;&gt;</a>&nbsp;&nbsp;&nbsp;main
</UL>

<P><STRONG><a name="[7b]"></a>show_mode</STRONG> (Thumb, 44 bytes, Stack size 16 bytes, display_support.o(i.show_mode))
<BR><BR>[Stack]<UL><LI>Max Depth = 116<LI>Call Chain = show_mode &rArr; print_string &rArr; print_char &rArr; oled_pos &rArr; oled_cmd_1byte &rArr; i2c_add
</UL>
<BR>[Calls]<UL><LI><a href="#[82]">&gt;&gt;</a>&nbsp;&nbsp;&nbsp;strlen
<LI><a href="#[66]">&gt;&gt;</a>&nbsp;&nbsp;&nbsp;print_string
<LI><a href="#[64]">&gt;&gt;</a>&nbsp;&nbsp;&nbsp;oled_blank
</UL>
<BR>[Called By]<UL><LI><a href="#[46]">&gt;&gt;</a>&nbsp;&nbsp;&nbsp;main
</UL>

<P><STRONG><a name="[7a]"></a>show_mode_flicker</STRONG> (Thumb, 118 bytes, Stack size 16 bytes, display_support.o(i.show_mode_flicker))
<BR><BR>[Stack]<UL><LI>Max Depth = 116<LI>Call Chain = show_mode_flicker &rArr; print_string &rArr; print_char &rArr; oled_pos &rArr; oled_cmd_1byte &rArr; i2c_add
</UL>
<BR>[Calls]<UL><LI><a href="#[82]">&gt;&gt;</a>&nbsp;&nbsp;&nbsp;strlen
<LI><a href="#[5a]">&gt;&gt;</a>&nbsp;&nbsp;&nbsp;Display_control_Off
<LI><a href="#[66]">&gt;&gt;</a>&nbsp;&nbsp;&nbsp;print_string
<LI><a href="#[64]">&gt;&gt;</a>&nbsp;&nbsp;&nbsp;oled_blank
<LI><a href="#[5c]">&gt;&gt;</a>&nbsp;&nbsp;&nbsp;Display_control_On
</UL>
<BR>[Called By]<UL><LI><a href="#[46]">&gt;&gt;</a>&nbsp;&nbsp;&nbsp;main
</UL>

<P><STRONG><a name="[81]"></a>update_PT_display</STRONG> (Thumb, 296 bytes, Stack size 40 bytes, display_support.o(i.update_PT_display))
<BR><BR>[Stack]<UL><LI>Max Depth = 168 + Unknown Stack Size
<LI>Call Chain = update_PT_display &rArr; __2sprintf &rArr; _printf_char_common &rArr; __printf
</UL>
<BR>[Calls]<UL><LI><a href="#[60]">&gt;&gt;</a>&nbsp;&nbsp;&nbsp;__aeabi_uidivmod
<LI><a href="#[4c]">&gt;&gt;</a>&nbsp;&nbsp;&nbsp;__2sprintf
<LI><a href="#[66]">&gt;&gt;</a>&nbsp;&nbsp;&nbsp;print_string
<LI><a href="#[70]">&gt;&gt;</a>&nbsp;&nbsp;&nbsp;oled_clear_area
</UL>
<BR>[Called By]<UL><LI><a href="#[46]">&gt;&gt;</a>&nbsp;&nbsp;&nbsp;main
</UL>

<P><STRONG><a name="[6b]"></a>update_screen</STRONG> (Thumb, 88 bytes, Stack size 24 bytes, display_support.o(i.update_screen))
<BR><BR>[Stack]<UL><LI>Max Depth = 152 + Unknown Stack Size
<LI>Call Chain = update_screen &rArr; __2sprintf &rArr; _printf_char_common &rArr; __printf
</UL>
<BR>[Calls]<UL><LI><a href="#[4c]">&gt;&gt;</a>&nbsp;&nbsp;&nbsp;__2sprintf
<LI><a href="#[66]">&gt;&gt;</a>&nbsp;&nbsp;&nbsp;print_string
<LI><a href="#[64]">&gt;&gt;</a>&nbsp;&nbsp;&nbsp;oled_blank
</UL>
<BR>[Called By]<UL><LI><a href="#[69]">&gt;&gt;</a>&nbsp;&nbsp;&nbsp;check_key1_abort
<LI><a href="#[46]">&gt;&gt;</a>&nbsp;&nbsp;&nbsp;main
</UL>
<P>
<H3>
Local Symbols
</H3>
<P><STRONG><a name="[74]"></a>__NVIC_SetPriority</STRONG> (Thumb, 110 bytes, Stack size 8 bytes, main.o(i.__NVIC_SetPriority))
<BR><BR>[Stack]<UL><LI>Max Depth = 8<LI>Call Chain = __NVIC_SetPriority
</UL>
<BR>[Called By]<UL><LI><a href="#[76]">&gt;&gt;</a>&nbsp;&nbsp;&nbsp;rtc_init
<LI><a href="#[46]">&gt;&gt;</a>&nbsp;&nbsp;&nbsp;main
</UL>

<P><STRONG><a name="[36]"></a>_printf_input_char</STRONG> (Thumb, 10 bytes, Stack size 0 bytes, _printf_char_common.o(.text))
<BR>[Address Reference Count : 1]<UL><LI> _printf_char_common.o(.text)
</UL><P>
<H3>
Undefined Global Symbols
</H3>
<P><STRONG><a name="[58]"></a>_call_atexit_fns</STRONG> (ARM, 0 bytes, Stack size 0 bytes, UNDEFINED)
<BR><BR>[Called By]<UL><LI><a href="#[47]">&gt;&gt;</a>&nbsp;&nbsp;&nbsp;exit
</UL>

<P><STRONG><a name="[4e]"></a>_printf_truncate_signed</STRONG> (ARM, 0 bytes, Stack size 0 bytes, UNDEFINED)
<BR><BR>[Called By]<UL><LI><a href="#[40]">&gt;&gt;</a>&nbsp;&nbsp;&nbsp;_printf_int_dec
</UL>

<P><STRONG><a name="[4f]"></a>_printf_truncate_unsigned</STRONG> (ARM, 0 bytes, Stack size 0 bytes, UNDEFINED)
<BR><BR>[Called By]<UL><LI><a href="#[40]">&gt;&gt;</a>&nbsp;&nbsp;&nbsp;_printf_int_dec
</UL>
<HR></body></html>
