<html>
<body>
<pre>
<h1>µVision Build Log</h1>
<h2>Tool Versions:</h2>
IDE-Version: µVision V5.34.0.0
Copyright (C) 2021 ARM Ltd and ARM Germany GmbH. All rights reserved.
License Information: bhanu bhanugowda@cepl-dev.com, cepl, LIC=----
 
Tool Versions:
Toolchain:       MDK-Lite  Version: 5.34.0.0
Toolchain Path:  C:\Keil_v5\ARM\ARMCC\Bin
C Compiler:      Armcc.exe V5.06 update 7 (build 960)
Assembler:       Armasm.exe V5.06 update 7 (build 960)
Linker/Locator:  ArmLink.exe V5.06 update 7 (build 960)
Library Manager: ArmAr.exe V5.06 update 7 (build 960)
Hex Converter:   FromElf.exe V5.06 update 7 (build 960)
CPU DLL:         SARMCM3.DLL V5.34.0.0
Dialog DLL:      DARMCM1.DLL V1.19.4.0
Target DLL:      Segger\JL2CM3.dll V2.99.38.0
Dialog DLL:      TARMCM1.DLL V1.14.3.0
 
<h2>Project:</h2>
D:\BEE\PW\main.uvprojx
Project File Date:  01/28/2026

<h2>Output:</h2>
*** Using Compiler 'V5.06 update 7 (build 960)', folder: 'C:\Keil_v5\ARM\ARMCC\Bin'
Rebuild target 'Target 1'
assembling startup_MKE02Z4.s...
compiling derivative.c...
compiling password.c...
compiling system_MKE02Z4.c...
compiling i2c.c...
compiling ftm.c...
compiling display_support.c...
compiling main.c...
compiling flash.c...
linking...
Program Size: Code=9376 RO-data=7380 RW-data=128 ZI-data=1136  
".\Objects\main.axf" - 0 Error(s), 0 Warning(s).

<h2>Software Packages used:</h2>

Package Vendor: ARM
                http://www.keil.com/pack/ARM.CMSIS.5.7.0.pack
                ARM.CMSIS.5.7.0
                CMSIS (Cortex Microcontroller Software Interface Standard)
   * Component: CORE Version: 5.4.0

Package Vendor: Keil
                http://www.keil.com/pack/Keil.Kinetis_KExx_DFP.1.8.1.pack
                Keil.Kinetis_KExx_DFP.1.8.1
                NXP Kinetis KExx Series Device Support
   * Component: Startup Version: 1.1.0

<h2>Collection of Component include folders:</h2>
  .\RTE\Device\MKE02Z64xxx4
  .\RTE\_Target_1
  C:\Users\bhanu\AppData\Local\Arm\Packs\ARM\CMSIS\5.7.0\CMSIS\Core\Include
  C:\Users\bhanu\AppData\Local\Arm\Packs\Keil\Kinetis_KExx_DFP\1.8.1\Device\Include

<h2>Collection of Component Files used:</h2>

   * Component: ARM::CMSIS:CORE:5.4.0

   * Component: Keil::Device:Startup:1.1.0
      Include file:  Device\Source\system_MKE02Z4.h
      Source file:   Device\Source\ARM\startup_MKE02Z4.s
      Source file:   Device\Source\system_MKE02Z4.c
Build Time Elapsed:  00:00:00
</pre>
</body>
</html>
