Component: ARM Compiler 5.06 update 7 (build 960) Tool: armlink [4d3601]

==============================================================================

Section Cross References

    main.o(i.Delay) refers to main.o(.data) for msTicks
    main.o(i.KBI0_IRQHandler) refers to main.o(.data) for Hom_sens_trig
    main.o(i.KBI1_IRQHandler) refers to main.o(.data) for ESTP_sens_trig
    main.o(i.SysTick_Handler) refers to main.o(.data) for msTicks
    main.o(i.adc_to_voltage) refers to fflti.o(.text) for __aeabi_ui2f
    main.o(i.adc_to_voltage) refers to fmul.o(x$fpl$fmul) for __aeabi_fmul
    main.o(i.adc_to_voltage) refers to f2d.o(.text) for __aeabi_f2d
    main.o(i.adc_to_voltage) refers to ddiv.o(.text) for __aeabi_ddiv
    main.o(i.adc_to_voltage) refers to d2f.o(.text) for __aeabi_d2f
    main.o(i.kbi_init) refers to main.o(i.__NVIC_SetPriority) for __NVIC_SetPriority
    main.o(i.kbi_init) refers to main.o(i.__NVIC_EnableIRQ) for __NVIC_EnableIRQ
    main.o(i.main) refers to _printf_percent.o(.ARM.Collect$$_printf_percent$$00000000) for _printf_percent
    main.o(i.main) refers to _printf_f.o(.ARM.Collect$$_printf_percent$$00000003) for _printf_f
    main.o(i.main) refers to printf1.o(x$fpl$printf1) for _printf_fp_dec
    main.o(i.main) refers to system_mke02z4.o(i.SystemCoreClockUpdate) for SystemCoreClockUpdate
    main.o(i.main) refers to aeabi_sdiv.o(.text) for __aeabi_uidivmod
    main.o(i.main) refers to main.o(i.__NVIC_SetPriority) for __NVIC_SetPriority
    main.o(i.main) refers to main.o(i.Delay) for Delay
    main.o(i.main) refers to main.o(i.mcu_init) for mcu_init
    main.o(i.main) refers to main.o(i.ftm_init) for ftm_init
    main.o(i.main) refers to main.o(i.kbi_init) for kbi_init
    main.o(i.main) refers to main.o(i.adc_init) for adc_init
    main.o(i.main) refers to i2c.o(i.i2c_int) for i2c_int
    main.o(i.main) refers to i2c.o(i.oled_init) for oled_init
    main.o(i.main) refers to i2c.o(i.oled_blank) for oled_blank
    main.o(i.main) refers to main.o(i.__ARM_common_switch8) for __ARM_common_switch8
    main.o(i.main) refers to i2c.o(i.print_string) for print_string
    main.o(i.main) refers to main.o(i.ramp_up) for ramp_up
    main.o(i.main) refers to main.o(i.ramp_down) for ramp_down
    main.o(i.main) refers to main.o(i.adc_read) for adc_read
    main.o(i.main) refers to main.o(i.adc_to_voltage) for adc_to_voltage
    main.o(i.main) refers to f2d.o(.text) for __aeabi_f2d
    main.o(i.main) refers to noretval__2sprintf.o(.text) for __2sprintf
    main.o(i.main) refers to system_mke02z4.o(.data) for SystemCoreClock
    main.o(i.main) refers to main.o(.data) for test_case
    main.o(i.main) refers to main.o(.bss) for buffer
    main.o(i.ramp_down) refers to main.o(i.Delay) for Delay
    main.o(i.ramp_down) refers to main.o(.data) for pwm
    main.o(i.ramp_up) refers to main.o(i.Delay) for Delay
    main.o(i.ramp_up) refers to main.o(.data) for pwm
    i2c.o(i.Display_control_Off) refers to i2c.o(i.oled_cmd_1byte) for oled_cmd_1byte
    i2c.o(i.Display_control_On) refers to i2c.o(i.oled_cmd_1byte) for oled_cmd_1byte
    i2c.o(i.draw_icon) refers to i2c.o(i.oled_pos) for oled_pos
    i2c.o(i.draw_icon) refers to i2c.o(i.oled_data) for oled_data
    i2c.o(i.i2c_start) refers to main.o(i.Delay) for Delay
    i2c.o(i.i2c_write) refers to i2c.o(i.i2c_start1) for i2c_start1
    i2c.o(i.i2c_write) refers to i2c.o(i.i2c_add) for i2c_add
    i2c.o(i.i2c_write) refers to i2c.o(i.i2c_data) for i2c_data
    i2c.o(i.i2c_write) refers to i2c.o(i.i2c_stop) for i2c_stop
    i2c.o(i.oled_blank) refers to i2c.o(i.oled_pos) for oled_pos
    i2c.o(i.oled_blank) refers to i2c.o(i.oled_data) for oled_data
    i2c.o(i.oled_blank) refers to main.o(i.Delay) for Delay
    i2c.o(i.oled_clear_area) refers to i2c.o(i.oled_cmd_1byte) for oled_cmd_1byte
    i2c.o(i.oled_clear_area) refers to i2c.o(i.i2c_start1) for i2c_start1
    i2c.o(i.oled_clear_area) refers to i2c.o(i.i2c_add) for i2c_add
    i2c.o(i.oled_clear_area) refers to i2c.o(i.i2c_data) for i2c_data
    i2c.o(i.oled_clear_area) refers to i2c.o(i.i2c_stop) for i2c_stop
    i2c.o(i.oled_cmd_1byte) refers to i2c.o(i.i2c_int) for i2c_int
    i2c.o(i.oled_cmd_1byte) refers to i2c.o(i.i2c_start1) for i2c_start1
    i2c.o(i.oled_cmd_1byte) refers to i2c.o(i.i2c_add) for i2c_add
    i2c.o(i.oled_cmd_1byte) refers to i2c.o(i.i2c_data) for i2c_data
    i2c.o(i.oled_cmd_1byte) refers to i2c.o(i.i2c_stop) for i2c_stop
    i2c.o(i.oled_cmd_2byte) refers to i2c.o(i.i2c_int) for i2c_int
    i2c.o(i.oled_cmd_2byte) refers to i2c.o(i.i2c_start1) for i2c_start1
    i2c.o(i.oled_cmd_2byte) refers to i2c.o(i.i2c_add) for i2c_add
    i2c.o(i.oled_cmd_2byte) refers to i2c.o(i.i2c_data) for i2c_data
    i2c.o(i.oled_cmd_2byte) refers to i2c.o(i.i2c_stop) for i2c_stop
    i2c.o(i.oled_data) refers to i2c.o(i.i2c_start1) for i2c_start1
    i2c.o(i.oled_data) refers to i2c.o(i.i2c_add) for i2c_add
    i2c.o(i.oled_data) refers to i2c.o(i.i2c_data) for i2c_data
    i2c.o(i.oled_data) refers to i2c.o(i.i2c_stop) for i2c_stop
    i2c.o(i.oled_init) refers to i2c.o(i.oled_cmd_1byte) for oled_cmd_1byte
    i2c.o(i.oled_init) refers to main.o(i.Delay) for Delay
    i2c.o(i.oled_init) refers to i2c.o(i.oled_cmd_2byte) for oled_cmd_2byte
    i2c.o(i.oled_pos) refers to i2c.o(i.oled_cmd_1byte) for oled_cmd_1byte
    i2c.o(i.print_char) refers to i2c.o(i.oled_pos) for oled_pos
    i2c.o(i.print_char) refers to i2c.o(i.oled_data) for oled_data
    i2c.o(i.print_char) refers to i2c.o(.constdata) for ASCII_16
    i2c.o(i.print_string) refers to i2c.o(i.print_char) for print_char
    startup_mke02z4.o(STACK) refers (Special) to heapauxi.o(.text) for __use_two_region_memory
    startup_mke02z4.o(HEAP) refers (Special) to heapauxi.o(.text) for __use_two_region_memory
    startup_mke02z4.o(RESET) refers (Special) to heapauxi.o(.text) for __use_two_region_memory
    startup_mke02z4.o(RESET) refers to startup_mke02z4.o(STACK) for __initial_sp
    startup_mke02z4.o(RESET) refers to startup_mke02z4.o(.text) for Reset_Handler
    startup_mke02z4.o(RESET) refers to main.o(i.SysTick_Handler) for SysTick_Handler
    startup_mke02z4.o(RESET) refers to main.o(i.KBI0_IRQHandler) for KBI0_IRQHandler
    startup_mke02z4.o(RESET) refers to main.o(i.KBI1_IRQHandler) for KBI1_IRQHandler
    startup_mke02z4.o(.ARM.__at_0x400) refers (Special) to heapauxi.o(.text) for __use_two_region_memory
    startup_mke02z4.o(.text) refers (Special) to heapauxi.o(.text) for __use_two_region_memory
    startup_mke02z4.o(.text) refers to startup_mke02z4.o(RESET) for __Vectors
    startup_mke02z4.o(.text) refers to system_mke02z4.o(i.SystemInit) for SystemInit
    startup_mke02z4.o(.text) refers to __main.o(!!!main) for __main
    startup_mke02z4.o(.text) refers to startup_mke02z4.o(HEAP) for Heap_Mem
    startup_mke02z4.o(.text) refers to startup_mke02z4.o(STACK) for Stack_Mem
    system_mke02z4.o(i.SystemCoreClockUpdate) refers to aeabi_sdiv.o(.text) for __aeabi_uidivmod
    system_mke02z4.o(i.SystemCoreClockUpdate) refers to system_mke02z4.o(.data) for SystemCoreClock
    __2sprintf.o(.text) refers to _printf_char_common.o(.text) for _printf_char_common
    __2sprintf.o(.text) refers to _sputc.o(.text) for _sputc
    noretval__2sprintf.o(.text) refers to _printf_char_common.o(.text) for _printf_char_common
    noretval__2sprintf.o(.text) refers to _sputc.o(.text) for _sputc
    __printf.o(.text) refers to _printf_percent.o(.ARM.Collect$$_printf_percent$$00000000) for _printf_percent
    __printf_flags.o(.text) refers to _printf_percent.o(.ARM.Collect$$_printf_percent$$00000000) for _printf_percent
    __printf_flags.o(.text) refers to __printf_flags.o(.constdata) for .constdata
    __printf_ss.o(.text) refers to _printf_percent.o(.ARM.Collect$$_printf_percent$$00000000) for _printf_percent
    __printf_flags_ss.o(.text) refers to _printf_percent.o(.ARM.Collect$$_printf_percent$$00000000) for _printf_percent
    __printf_flags_ss.o(.text) refers to __printf_flags_ss.o(.constdata) for .constdata
    __printf_wp.o(.text) refers to __printf_wp.o(i._is_digit) for _is_digit
    __printf_wp.o(.text) refers to _printf_percent.o(.ARM.Collect$$_printf_percent$$00000000) for _printf_percent
    __printf_flags_wp.o(.text) refers to __printf_wp.o(i._is_digit) for _is_digit
    __printf_flags_wp.o(.text) refers to _printf_percent.o(.ARM.Collect$$_printf_percent$$00000000) for _printf_percent
    __printf_flags_wp.o(.text) refers to __printf_flags_wp.o(.constdata) for .constdata
    __printf_ss_wp.o(.text) refers to __printf_wp.o(i._is_digit) for _is_digit
    __printf_ss_wp.o(.text) refers to _printf_percent.o(.ARM.Collect$$_printf_percent$$00000000) for _printf_percent
    __printf_flags_ss_wp.o(.text) refers to __printf_wp.o(i._is_digit) for _is_digit
    __printf_flags_ss_wp.o(.text) refers to _printf_percent.o(.ARM.Collect$$_printf_percent$$00000000) for _printf_percent
    __printf_flags_ss_wp.o(.text) refers to __printf_flags_ss_wp.o(.constdata) for .constdata
    _printf_f.o(.ARM.Collect$$_printf_percent$$00000003) refers (Weak) to printf1.o(x$fpl$printf1) for _printf_fp_dec
    _printf_percent.o(.ARM.Collect$$_printf_percent$$00000000) refers (Special) to _printf_percent_end.o(.ARM.Collect$$_printf_percent$$00000017) for _printf_percent_end
    __main.o(!!!main) refers to __rtentry.o(.ARM.Collect$$rtentry$$00000000) for __rt_entry
    d2f.o(.text) refers (Special) to usenofp.o(x$fpl$usenofp) for __I$use$fp
    ddiv.o(.text) refers (Special) to usenofp.o(x$fpl$usenofp) for __I$use$fp
    ddiv.o(.text) refers to ddiv.o(.constdata) for .constdata
    ddiv.o(.constdata) refers (Special) to usenofp.o(x$fpl$usenofp) for __I$use$fp
    f2d.o(.text) refers (Special) to usenofp.o(x$fpl$usenofp) for __I$use$fp
    fflti.o(.text) refers (Special) to usenofp.o(x$fpl$usenofp) for __I$use$fp
    fmul.o(x$fpl$fmul) refers (Special) to usenofp.o(x$fpl$usenofp) for __I$use$fp
    printf1.o(x$fpl$printf1) refers to _printf_fp_dec.o(.text) for _printf_fp_dec_real
    __rtentry.o(.ARM.Collect$$rtentry$$00000000) refers (Special) to __rtentry2.o(.ARM.Collect$$rtentry$$0000000A) for __rt_entry_li
    __rtentry.o(.ARM.Collect$$rtentry$$00000000) refers (Special) to __rtentry2.o(.ARM.Collect$$rtentry$$0000000D) for __rt_entry_main
    __rtentry.o(.ARM.Collect$$rtentry$$00000000) refers (Special) to __rtentry2.o(.ARM.Collect$$rtentry$$0000000C) for __rt_entry_postli_1
    __rtentry.o(.ARM.Collect$$rtentry$$00000000) refers (Special) to __rtentry2.o(.ARM.Collect$$rtentry$$00000009) for __rt_entry_postsh_1
    __rtentry.o(.ARM.Collect$$rtentry$$00000000) refers (Special) to __rtentry2.o(.ARM.Collect$$rtentry$$00000002) for __rt_entry_presh_1
    __rtentry.o(.ARM.Collect$$rtentry$$00000000) refers (Special) to __rtentry4.o(.ARM.Collect$$rtentry$$00000004) for __rt_entry_sh
    aeabi_idiv0_sigfpe.o(.text) refers to rt_div0.o(.text) for __rt_div0
    _printf_fp_dec.o(.text) refers (Special) to usenofp.o(x$fpl$usenofp) for __I$use$fp
    _printf_fp_dec.o(.text) refers (Special) to lc_numeric_c.o(locale$$code) for _get_lc_numeric
    _printf_fp_dec.o(.text) refers to bigflt0.o(.text) for _btod_etento
    _printf_fp_dec.o(.text) refers to btod.o(.text) for _btod_d2e
    _printf_fp_dec.o(.text) refers to lludiv10.o(.text) for _ll_udiv10
    _printf_fp_dec.o(.text) refers to fpclassify.o(i.__ARM_fpclassify) for __ARM_fpclassify
    _printf_fp_dec.o(.text) refers to _printf_fp_infnan.o(.text) for _printf_fp_infnan
    _printf_fp_dec.o(.text) refers to rtudiv10.o(.text) for __rt_udiv10
    _printf_fp_dec.o(.text) refers to rt_locale_intlibspace.o(.text) for __rt_locale
    _printf_char_common.o(.text) refers to __printf_wp.o(.text) for __printf
    __rtentry2.o(.ARM.Collect$$rtentry$$00000008) refers to boardinit2.o(.text) for _platform_post_stackheap_init
    __rtentry2.o(.ARM.Collect$$rtentry$$0000000A) refers to libinit.o(.ARM.Collect$$libinit$$00000000) for __rt_lib_init
    __rtentry2.o(.ARM.Collect$$rtentry$$0000000B) refers to boardinit3.o(.text) for _platform_post_lib_init
    __rtentry2.o(.ARM.Collect$$rtentry$$0000000D) refers to main.o(i.main) for main
    __rtentry2.o(.ARM.Collect$$rtentry$$0000000D) refers to exit.o(.text) for exit
    __rtentry2.o(.ARM.exidx) refers to __rtentry2.o(.ARM.Collect$$rtentry$$00000001) for .ARM.Collect$$rtentry$$00000001
    __rtentry2.o(.ARM.exidx) refers to __rtentry2.o(.ARM.Collect$$rtentry$$00000008) for .ARM.Collect$$rtentry$$00000008
    __rtentry2.o(.ARM.exidx) refers to __rtentry2.o(.ARM.Collect$$rtentry$$0000000A) for .ARM.Collect$$rtentry$$0000000A
    __rtentry2.o(.ARM.exidx) refers to __rtentry2.o(.ARM.Collect$$rtentry$$0000000B) for .ARM.Collect$$rtentry$$0000000B
    __rtentry2.o(.ARM.exidx) refers to __rtentry2.o(.ARM.Collect$$rtentry$$0000000D) for .ARM.Collect$$rtentry$$0000000D
    __rtentry4.o(.ARM.Collect$$rtentry$$00000004) refers to sys_stackheap_outer.o(.text) for __user_setup_stackheap
    __rtentry4.o(.ARM.exidx) refers to __rtentry4.o(.ARM.Collect$$rtentry$$00000004) for .ARM.Collect$$rtentry$$00000004
    rt_div0.o(.text) refers to defsig_fpe_outer.o(.text) for __rt_SIGFPE
    rt_locale.o(.text) refers to rt_locale.o(.bss) for __rt_locale_data
    rt_locale_intlibspace.o(.text) refers to libspace.o(.bss) for __libspace_start
    bigflt0.o(.text) refers (Special) to usenofp.o(x$fpl$usenofp) for __I$use$fp
    bigflt0.o(.text) refers to aeabi_sdiv.o(.text) for __aeabi_idivmod
    bigflt0.o(.text) refers to btod.o(.text) for _btod_emul
    bigflt0.o(.text) refers to bigflt0.o(.constdata) for .constdata
    bigflt0.o(.constdata) refers (Special) to usenofp.o(x$fpl$usenofp) for __I$use$fp
    btod.o(.text) refers to btod.o(i.__ARM_common_ll_muluu) for __ARM_common_ll_muluu
    lc_numeric_c.o(locale$$data) refers (Special) to libinit2.o(.ARM.Collect$$libinit$$00000016) for __rt_lib_init_lc_numeric_2
    lc_numeric_c.o(locale$$code) refers (Special) to libinit2.o(.ARM.Collect$$libinit$$00000016) for __rt_lib_init_lc_numeric_2
    lc_numeric_c.o(locale$$code) refers to strcmp.o(.text) for strcmp
    lc_numeric_c.o(locale$$code) refers to lc_numeric_c.o(locale$$data) for __lcnum_c_name
    ieee_status.o(.text) refers (Special) to usenofp.o(x$fpl$usenofp) for __I$use$fp
    fpclassify.o(i.__ARM_fpclassify) refers (Special) to usenofp.o(x$fpl$usenofp) for __I$use$fp
    libspace.o(.text) refers to libspace.o(.bss) for __libspace_start
    sys_stackheap_outer.o(.text) refers to libspace.o(.text) for __user_perproc_libspace
    sys_stackheap_outer.o(.text) refers to startup_mke02z4.o(.text) for __user_initial_stackheap
    sys_stackheap_outer.o(__vectab_stack_and_reset_area) refers to tempstk.o(.text) for __temporary_stack_top
    sys_stackheap_outer.o(__vectab_stack_and_reset_area) refers to __main.o(!!!main) for __main
    exit.o(.text) refers to rtexit.o(.ARM.Collect$$rtexit$$00000000) for __rt_exit
    defsig_fpe_outer.o(.text) refers to defsig_fpe_inner.o(.text) for __rt_SIGFPE_inner
    defsig_fpe_outer.o(.text) refers to defsig_exit.o(.text) for __sig_exit
    defsig_fpe_formal.o(.text) refers to rt_raise.o(.text) for __rt_raise
    libinit.o(.ARM.Collect$$libinit$$00000000) refers (Special) to libinit2.o(.ARM.Collect$$libinit$$0000002E) for __rt_lib_init_alloca_1
    libinit.o(.ARM.Collect$$libinit$$00000000) refers (Special) to libinit2.o(.ARM.Collect$$libinit$$0000002C) for __rt_lib_init_argv_1
    libinit.o(.ARM.Collect$$libinit$$00000000) refers (Special) to libinit2.o(.ARM.Collect$$libinit$$0000001B) for __rt_lib_init_atexit_1
    libinit.o(.ARM.Collect$$libinit$$00000000) refers (Special) to libinit2.o(.ARM.Collect$$libinit$$00000021) for __rt_lib_init_clock_1
    libinit.o(.ARM.Collect$$libinit$$00000000) refers (Special) to libinit2.o(.ARM.Collect$$libinit$$00000032) for __rt_lib_init_cpp_1
    libinit.o(.ARM.Collect$$libinit$$00000000) refers (Special) to libinit2.o(.ARM.Collect$$libinit$$00000030) for __rt_lib_init_exceptions_1
    libinit.o(.ARM.Collect$$libinit$$00000000) refers (Special) to libinit2.o(.ARM.Collect$$libinit$$00000002) for __rt_lib_init_fp_1
    libinit.o(.ARM.Collect$$libinit$$00000000) refers (Special) to libinit2.o(.ARM.Collect$$libinit$$0000001F) for __rt_lib_init_fp_trap_1
    libinit.o(.ARM.Collect$$libinit$$00000000) refers (Special) to libinit2.o(.ARM.Collect$$libinit$$00000023) for __rt_lib_init_getenv_1
    libinit.o(.ARM.Collect$$libinit$$00000000) refers (Special) to libinit2.o(.ARM.Collect$$libinit$$0000000A) for __rt_lib_init_heap_1
    libinit.o(.ARM.Collect$$libinit$$00000000) refers (Special) to libinit2.o(.ARM.Collect$$libinit$$00000011) for __rt_lib_init_lc_collate_1
    libinit.o(.ARM.Collect$$libinit$$00000000) refers (Special) to libinit2.o(.ARM.Collect$$libinit$$00000013) for __rt_lib_init_lc_ctype_1
    libinit.o(.ARM.Collect$$libinit$$00000000) refers (Special) to libinit2.o(.ARM.Collect$$libinit$$00000015) for __rt_lib_init_lc_monetary_1
    libinit.o(.ARM.Collect$$libinit$$00000000) refers (Special) to libinit2.o(.ARM.Collect$$libinit$$00000017) for __rt_lib_init_lc_numeric_1
    libinit.o(.ARM.Collect$$libinit$$00000000) refers (Special) to libinit2.o(.ARM.Collect$$libinit$$00000019) for __rt_lib_init_lc_time_1
    libinit.o(.ARM.Collect$$libinit$$00000000) refers (Special) to libinit2.o(.ARM.Collect$$libinit$$00000004) for __rt_lib_init_preinit_1
    libinit.o(.ARM.Collect$$libinit$$00000000) refers (Special) to libinit2.o(.ARM.Collect$$libinit$$0000000E) for __rt_lib_init_rand_1
    libinit.o(.ARM.Collect$$libinit$$00000000) refers (Special) to libinit2.o(.ARM.Collect$$libinit$$00000033) for __rt_lib_init_return
    libinit.o(.ARM.Collect$$libinit$$00000000) refers (Special) to libinit2.o(.ARM.Collect$$libinit$$0000001D) for __rt_lib_init_signal_1
    libinit.o(.ARM.Collect$$libinit$$00000000) refers (Special) to libinit2.o(.ARM.Collect$$libinit$$00000025) for __rt_lib_init_stdio_1
    libinit.o(.ARM.Collect$$libinit$$00000000) refers (Special) to libinit2.o(.ARM.Collect$$libinit$$0000000C) for __rt_lib_init_user_alloc_1
    libinit2.o(.ARM.Collect$$libinit$$0000000F) refers (Weak) to rt_locale_intlibspace.o(.text) for __rt_locale
    libinit2.o(.ARM.Collect$$libinit$$00000010) refers to libinit2.o(.ARM.Collect$$libinit$$0000000F) for .ARM.Collect$$libinit$$0000000F
    libinit2.o(.ARM.Collect$$libinit$$00000012) refers to libinit2.o(.ARM.Collect$$libinit$$0000000F) for .ARM.Collect$$libinit$$0000000F
    libinit2.o(.ARM.Collect$$libinit$$00000014) refers to libinit2.o(.ARM.Collect$$libinit$$0000000F) for .ARM.Collect$$libinit$$0000000F
    libinit2.o(.ARM.Collect$$libinit$$00000016) refers to libinit2.o(.ARM.Collect$$libinit$$0000000F) for .ARM.Collect$$libinit$$0000000F
    libinit2.o(.ARM.Collect$$libinit$$00000016) refers (Weak) to lc_numeric_c.o(locale$$code) for _get_lc_numeric
    libinit2.o(.ARM.Collect$$libinit$$00000018) refers to libinit2.o(.ARM.Collect$$libinit$$0000000F) for .ARM.Collect$$libinit$$0000000F
    libinit2.o(.ARM.Collect$$libinit$$00000026) refers to argv_veneer.o(.text) for __ARM_argv_veneer
    libinit2.o(.ARM.Collect$$libinit$$00000027) refers to argv_veneer.o(.text) for __ARM_argv_veneer
    rtexit.o(.ARM.Collect$$rtexit$$00000000) refers (Special) to rtexit2.o(.ARM.Collect$$rtexit$$00000004) for __rt_exit_exit
    rtexit.o(.ARM.Collect$$rtexit$$00000000) refers (Special) to rtexit2.o(.ARM.Collect$$rtexit$$00000003) for __rt_exit_ls
    rtexit.o(.ARM.Collect$$rtexit$$00000000) refers (Special) to rtexit2.o(.ARM.Collect$$rtexit$$00000002) for __rt_exit_prels_1
    rtexit.o(.ARM.exidx) refers (Special) to rtexit2.o(.ARM.Collect$$rtexit$$00000004) for __rt_exit_exit
    rtexit.o(.ARM.exidx) refers (Special) to rtexit2.o(.ARM.Collect$$rtexit$$00000003) for __rt_exit_ls
    rtexit.o(.ARM.exidx) refers (Special) to rtexit2.o(.ARM.Collect$$rtexit$$00000002) for __rt_exit_prels_1
    rtexit.o(.ARM.exidx) refers to rtexit.o(.ARM.Collect$$rtexit$$00000000) for .ARM.Collect$$rtexit$$00000000
    rt_raise.o(.text) refers to __raise.o(.text) for __raise
    rt_raise.o(.text) refers to sys_exit.o(.text) for _sys_exit
    defsig_exit.o(.text) refers to sys_exit.o(.text) for _sys_exit
    defsig_fpe_inner.o(.text) refers to defsig_general.o(.text) for __default_signal_display
    sys_exit.o(.text) refers (Special) to use_no_semi.o(.text) for __I$use$semihosting
    sys_exit.o(.text) refers (Special) to indicate_semi.o(.text) for __semihosting_library_function
    rtexit2.o(.ARM.Collect$$rtexit$$00000003) refers to libshutdown.o(.ARM.Collect$$libshutdown$$00000000) for __rt_lib_shutdown
    rtexit2.o(.ARM.Collect$$rtexit$$00000004) refers to sys_exit.o(.text) for _sys_exit
    rtexit2.o(.ARM.exidx) refers to rtexit2.o(.ARM.Collect$$rtexit$$00000001) for .ARM.Collect$$rtexit$$00000001
    rtexit2.o(.ARM.exidx) refers to rtexit2.o(.ARM.Collect$$rtexit$$00000003) for .ARM.Collect$$rtexit$$00000003
    rtexit2.o(.ARM.exidx) refers to rtexit2.o(.ARM.Collect$$rtexit$$00000004) for .ARM.Collect$$rtexit$$00000004
    __raise.o(.text) refers to defsig.o(CL$$defsig) for __default_signal_handler
    defsig_general.o(.text) refers to sys_wrch.o(.text) for _ttywrch
    _get_argv_nomalloc.o(.text) refers (Special) to hrguard.o(.text) for __heap_region$guard
    _get_argv_nomalloc.o(.text) refers to defsig_rtmem_outer.o(.text) for __rt_SIGRTMEM
    _get_argv_nomalloc.o(.text) refers to sys_command.o(.text) for _sys_command_string
    sys_wrch.o(.text) refers (Special) to use_no_semi.o(.text) for __I$use$semihosting
    sys_wrch.o(.text) refers (Special) to indicate_semi.o(.text) for __semihosting_library_function
    sys_command.o(.text) refers (Special) to use_no_semi.o(.text) for __I$use$semihosting
    sys_command.o(.text) refers (Special) to indicate_semi.o(.text) for __semihosting_library_function
    defsig_rtmem_outer.o(.text) refers to defsig_rtmem_inner.o(.text) for __rt_SIGRTMEM_inner
    defsig_rtmem_outer.o(.text) refers to defsig_exit.o(.text) for __sig_exit
    defsig_rtmem_formal.o(.text) refers to rt_raise.o(.text) for __rt_raise
    defsig.o(CL$$defsig) refers to defsig_fpe_inner.o(.text) for __rt_SIGFPE_inner
    defsig.o(CL$$defsig) refers to defsig_rtmem_inner.o(.text) for __rt_SIGRTMEM_inner
    libshutdown.o(.ARM.Collect$$libshutdown$$00000000) refers (Special) to libshutdown2.o(.ARM.Collect$$libshutdown$$00000004) for __rt_lib_shutdown_cpp_1
    libshutdown.o(.ARM.Collect$$libshutdown$$00000000) refers (Special) to libshutdown2.o(.ARM.Collect$$libshutdown$$00000002) for __rt_lib_shutdown_fini_1
    libshutdown.o(.ARM.Collect$$libshutdown$$00000000) refers (Special) to libshutdown2.o(.ARM.Collect$$libshutdown$$00000009) for __rt_lib_shutdown_fp_trap_1
    libshutdown.o(.ARM.Collect$$libshutdown$$00000000) refers (Special) to libshutdown2.o(.ARM.Collect$$libshutdown$$00000011) for __rt_lib_shutdown_heap_1
    libshutdown.o(.ARM.Collect$$libshutdown$$00000000) refers (Special) to libshutdown2.o(.ARM.Collect$$libshutdown$$00000012) for __rt_lib_shutdown_return
    libshutdown.o(.ARM.Collect$$libshutdown$$00000000) refers (Special) to libshutdown2.o(.ARM.Collect$$libshutdown$$0000000C) for __rt_lib_shutdown_signal_1
    libshutdown.o(.ARM.Collect$$libshutdown$$00000000) refers (Special) to libshutdown2.o(.ARM.Collect$$libshutdown$$00000006) for __rt_lib_shutdown_stdio_1
    libshutdown.o(.ARM.Collect$$libshutdown$$00000000) refers (Special) to libshutdown2.o(.ARM.Collect$$libshutdown$$0000000E) for __rt_lib_shutdown_user_alloc_1
    defsig_abrt_inner.o(.text) refers to defsig_general.o(.text) for __default_signal_display
    defsig_rtred_inner.o(.text) refers to defsig_general.o(.text) for __default_signal_display
    defsig_rtmem_inner.o(.text) refers to defsig_general.o(.text) for __default_signal_display
    defsig_stak_inner.o(.text) refers to defsig_general.o(.text) for __default_signal_display
    defsig_pvfn_inner.o(.text) refers to defsig_general.o(.text) for __default_signal_display
    defsig_cppl_inner.o(.text) refers to defsig_general.o(.text) for __default_signal_display
    defsig_segv_inner.o(.text) refers to defsig_general.o(.text) for __default_signal_display
    defsig_other.o(.text) refers to defsig_general.o(.text) for __default_signal_display


==============================================================================

Removing Unused input sections from the image.

    Removing main.o(.rev16_text), (4 bytes).
    Removing main.o(.revsh_text), (4 bytes).
    Removing i2c.o(.rev16_text), (4 bytes).
    Removing i2c.o(.revsh_text), (4 bytes).
    Removing i2c.o(i.Display_control_Off), (22 bytes).
    Removing i2c.o(i.Display_control_On), (22 bytes).
    Removing i2c.o(i.draw_icon), (62 bytes).
    Removing i2c.o(i.i2c_start), (64 bytes).
    Removing i2c.o(i.i2c_write), (44 bytes).
    Removing i2c.o(i.oled_clear_area), (98 bytes).
    Removing i2c.o(.data), (4 bytes).
    Removing system_mke02z4.o(.rev16_text), (4 bytes).
    Removing system_mke02z4.o(.revsh_text), (4 bytes).

13 unused section(s) (total 340 bytes) removed from the image.

==============================================================================

Image Symbol Table

    Local Symbols

    Symbol Name                              Value     Ov Type        Size  Object(Section)

    RESET                                    0x00000000   Section      192  startup_mke02z4.o(RESET)
    ../clib/angel/boardlib.s                 0x00000000   Number         0  boardinit2.o ABSOLUTE
    ../clib/angel/boardlib.s                 0x00000000   Number         0  boardinit1.o ABSOLUTE
    ../clib/angel/boardlib.s                 0x00000000   Number         0  boardshut.o ABSOLUTE
    ../clib/angel/boardlib.s                 0x00000000   Number         0  boardinit3.o ABSOLUTE
    ../clib/angel/handlers.s                 0x00000000   Number         0  __scatter_zi.o ABSOLUTE
    ../clib/angel/handlers.s                 0x00000000   Number         0  __scatter_copy.o ABSOLUTE
    ../clib/angel/kernel.s                   0x00000000   Number         0  rtexit.o ABSOLUTE
    ../clib/angel/kernel.s                   0x00000000   Number         0  __rtentry.o ABSOLUTE
    ../clib/angel/kernel.s                   0x00000000   Number         0  __rtentry4.o ABSOLUTE
    ../clib/angel/kernel.s                   0x00000000   Number         0  __rtentry2.o ABSOLUTE
    ../clib/angel/kernel.s                   0x00000000   Number         0  rtexit2.o ABSOLUTE
    ../clib/angel/rt.s                       0x00000000   Number         0  rt_raise.o ABSOLUTE
    ../clib/angel/rt.s                       0x00000000   Number         0  rt_locale_intlibspace.o ABSOLUTE
    ../clib/angel/rt.s                       0x00000000   Number         0  rt_locale.o ABSOLUTE
    ../clib/angel/rt.s                       0x00000000   Number         0  rt_div0.o ABSOLUTE
    ../clib/angel/rt.s                       0x00000000   Number         0  aeabi_idiv0_sigfpe.o ABSOLUTE
    ../clib/angel/rt.s                       0x00000000   Number         0  aeabi_idiv0.o ABSOLUTE
    ../clib/angel/scatterp.s                 0x00000000   Number         0  __scatter.o ABSOLUTE
    ../clib/angel/startup.s                  0x00000000   Number         0  __main.o ABSOLUTE
    ../clib/angel/sys.s                      0x00000000   Number         0  tempstk.o ABSOLUTE
    ../clib/angel/sys.s                      0x00000000   Number         0  libspace.o ABSOLUTE
    ../clib/angel/sys.s                      0x00000000   Number         0  sys_stackheap_outer.o ABSOLUTE
    ../clib/angel/sys.s                      0x00000000   Number         0  indicate_semi.o ABSOLUTE
    ../clib/angel/sys.s                      0x00000000   Number         0  use_no_semi.o ABSOLUTE
    ../clib/angel/sysapp.c                   0x00000000   Number         0  sys_command.o ABSOLUTE
    ../clib/angel/sysapp.c                   0x00000000   Number         0  sys_wrch.o ABSOLUTE
    ../clib/angel/sysapp.c                   0x00000000   Number         0  sys_exit.o ABSOLUTE
    ../clib/armsys.c                         0x00000000   Number         0  argv_veneer.o ABSOLUTE
    ../clib/armsys.c                         0x00000000   Number         0  no_argv.o ABSOLUTE
    ../clib/armsys.c                         0x00000000   Number         0  _get_argv_nomalloc.o ABSOLUTE
    ../clib/bigflt.c                         0x00000000   Number         0  bigflt0.o ABSOLUTE
    ../clib/btod.c                           0x00000000   Number         0  btod.o ABSOLUTE
    ../clib/division.c                       0x00000000   Number         0  rtudiv10.o ABSOLUTE
    ../clib/division.c                       0x00000000   Number         0  lludiv10.o ABSOLUTE
    ../clib/division.s                       0x00000000   Number         0  aeabi_sdiv_div0.o ABSOLUTE
    ../clib/division.s                       0x00000000   Number         0  aeabi_sdiv.o ABSOLUTE
    ../clib/heapalloc.c                      0x00000000   Number         0  hrguard.o ABSOLUTE
    ../clib/heapaux.c                        0x00000000   Number         0  heapauxi.o ABSOLUTE
    ../clib/libinit.s                        0x00000000   Number         0  libinit2.o ABSOLUTE
    ../clib/libinit.s                        0x00000000   Number         0  libshutdown2.o ABSOLUTE
    ../clib/libinit.s                        0x00000000   Number         0  libinit.o ABSOLUTE
    ../clib/libinit.s                        0x00000000   Number         0  libshutdown.o ABSOLUTE
    ../clib/locale.s                         0x00000000   Number         0  lc_numeric_c.o ABSOLUTE
    ../clib/misc.s                           0x00000000   Number         0  printf_stubs.o ABSOLUTE
    ../clib/printf.c                         0x00000000   Number         0  _printf_char_common.o ABSOLUTE
    ../clib/printf.c                         0x00000000   Number         0  _sputc.o ABSOLUTE
    ../clib/printf.c                         0x00000000   Number         0  __printf_wp.o ABSOLUTE
    ../clib/printf.c                         0x00000000   Number         0  __printf_nopercent.o ABSOLUTE
    ../clib/printf.c                         0x00000000   Number         0  __printf_ss_wp.o ABSOLUTE
    ../clib/printf.c                         0x00000000   Number         0  _printf_fp_infnan.o ABSOLUTE
    ../clib/printf.c                         0x00000000   Number         0  _printf_fp_dec.o ABSOLUTE
    ../clib/printf.c                         0x00000000   Number         0  __printf.o ABSOLUTE
    ../clib/printf.c                         0x00000000   Number         0  __2sprintf.o ABSOLUTE
    ../clib/printf.c                         0x00000000   Number         0  noretval__2sprintf.o ABSOLUTE
    ../clib/printf.c                         0x00000000   Number         0  __printf_flags_ss_wp.o ABSOLUTE
    ../clib/printf.c                         0x00000000   Number         0  __printf_flags_wp.o ABSOLUTE
    ../clib/printf.c                         0x00000000   Number         0  __printf_flags.o ABSOLUTE
    ../clib/printf.c                         0x00000000   Number         0  __printf_ss.o ABSOLUTE
    ../clib/printf.c                         0x00000000   Number         0  __printf_flags_ss.o ABSOLUTE
    ../clib/printf_percent.s                 0x00000000   Number         0  _printf_percent_end.o ABSOLUTE
    ../clib/printf_percent.s                 0x00000000   Number         0  _printf_f.o ABSOLUTE
    ../clib/printf_percent.s                 0x00000000   Number         0  _printf_percent.o ABSOLUTE
    ../clib/signal.c                         0x00000000   Number         0  defsig_fpe_outer.o ABSOLUTE
    ../clib/signal.c                         0x00000000   Number         0  defsig_fpe_formal.o ABSOLUTE
    ../clib/signal.c                         0x00000000   Number         0  defsig_other.o ABSOLUTE
    ../clib/signal.c                         0x00000000   Number         0  defsig_cppl_inner.o ABSOLUTE
    ../clib/signal.c                         0x00000000   Number         0  defsig_exit.o ABSOLUTE
    ../clib/signal.c                         0x00000000   Number         0  defsig_fpe_inner.o ABSOLUTE
    ../clib/signal.c                         0x00000000   Number         0  defsig_general.o ABSOLUTE
    ../clib/signal.c                         0x00000000   Number         0  defsig_stak_inner.o ABSOLUTE
    ../clib/signal.c                         0x00000000   Number         0  defsig_segv_inner.o ABSOLUTE
    ../clib/signal.c                         0x00000000   Number         0  defsig_abrt_inner.o ABSOLUTE
    ../clib/signal.c                         0x00000000   Number         0  defsig_rtmem_outer.o ABSOLUTE
    ../clib/signal.c                         0x00000000   Number         0  defsig_rtmem_inner.o ABSOLUTE
    ../clib/signal.c                         0x00000000   Number         0  defsig_pvfn_inner.o ABSOLUTE
    ../clib/signal.c                         0x00000000   Number         0  defsig_rtmem_formal.o ABSOLUTE
    ../clib/signal.c                         0x00000000   Number         0  __raise.o ABSOLUTE
    ../clib/signal.c                         0x00000000   Number         0  defsig_rtred_inner.o ABSOLUTE
    ../clib/signal.s                         0x00000000   Number         0  defsig.o ABSOLUTE
    ../clib/stdlib.c                         0x00000000   Number         0  exit.o ABSOLUTE
    ../clib/string.c                         0x00000000   Number         0  strcmp.o ABSOLUTE
    ../fplib/cfplib/d2f.c                    0x00000000   Number         0  d2f.o ABSOLUTE
    ../fplib/cfplib/ddiv.c                   0x00000000   Number         0  ddiv.o ABSOLUTE
    ../fplib/cfplib/f2d.c                    0x00000000   Number         0  f2d.o ABSOLUTE
    ../fplib/cfplib/fflt.c                   0x00000000   Number         0  fflti.o ABSOLUTE
    ../fplib/cfplib/fpinit.c                 0x00000000   Number         0  fpinit.o ABSOLUTE
    ../fplib/cfplib/ieee_status.c            0x00000000   Number         0  ieee_status.o ABSOLUTE
    ../fplib/fmul6m.s                        0x00000000   Number         0  fmul.o ABSOLUTE
    ../fplib/printf1.s                       0x00000000   Number         0  printf1.o ABSOLUTE
    ../fplib/usenofp.s                       0x00000000   Number         0  usenofp.o ABSOLUTE
    ../mathlib/fpclassify.c                  0x00000000   Number         0  fpclassify.o ABSOLUTE
    RTE\Device\MKE02Z64xxx4\startup_MKE02Z4.s 0x00000000   Number         0  startup_mke02z4.o ABSOLUTE
    RTE\Device\MKE02Z64xxx4\system_MKE02Z4.c 0x00000000   Number         0  system_mke02z4.o ABSOLUTE
    RTE\\Device\\MKE02Z64xxx4\\system_MKE02Z4.c 0x00000000   Number         0  system_mke02z4.o ABSOLUTE
    dc.s                                     0x00000000   Number         0  dc.o ABSOLUTE
    i2c.c                                    0x00000000   Number         0  i2c.o ABSOLUTE
    i2c.c                                    0x00000000   Number         0  i2c.o ABSOLUTE
    main.c                                   0x00000000   Number         0  main.o ABSOLUTE
    main.c                                   0x00000000   Number         0  main.o ABSOLUTE
    !!!main                                  0x000000c0   Section        8  __main.o(!!!main)
    !!!scatter                               0x000000c8   Section       60  __scatter.o(!!!scatter)
    !!handler_copy                           0x00000104   Section       26  __scatter_copy.o(!!handler_copy)
    !!handler_zi                             0x00000120   Section       28  __scatter_zi.o(!!handler_zi)
    .ARM.Collect$$_printf_percent$$00000000  0x0000013c   Section        2  _printf_percent.o(.ARM.Collect$$_printf_percent$$00000000)
    .ARM.Collect$$_printf_percent$$00000003  0x0000013e   Section       10  _printf_f.o(.ARM.Collect$$_printf_percent$$00000003)
    .ARM.Collect$$_printf_percent$$00000017  0x00000148   Section        4  _printf_percent_end.o(.ARM.Collect$$_printf_percent$$00000017)
    .ARM.Collect$$libinit$$00000000          0x0000014c   Section        2  libinit.o(.ARM.Collect$$libinit$$00000000)
    .ARM.Collect$$libinit$$00000002          0x0000014e   Section        0  libinit2.o(.ARM.Collect$$libinit$$00000002)
    .ARM.Collect$$libinit$$00000004          0x0000014e   Section        0  libinit2.o(.ARM.Collect$$libinit$$00000004)
    .ARM.Collect$$libinit$$0000000A          0x0000014e   Section        0  libinit2.o(.ARM.Collect$$libinit$$0000000A)
    .ARM.Collect$$libinit$$0000000C          0x0000014e   Section        0  libinit2.o(.ARM.Collect$$libinit$$0000000C)
    .ARM.Collect$$libinit$$0000000E          0x0000014e   Section        0  libinit2.o(.ARM.Collect$$libinit$$0000000E)
    .ARM.Collect$$libinit$$0000000F          0x0000014e   Section        6  libinit2.o(.ARM.Collect$$libinit$$0000000F)
    .ARM.Collect$$libinit$$00000011          0x00000154   Section        0  libinit2.o(.ARM.Collect$$libinit$$00000011)
    .ARM.Collect$$libinit$$00000013          0x00000154   Section        0  libinit2.o(.ARM.Collect$$libinit$$00000013)
    .ARM.Collect$$libinit$$00000015          0x00000154   Section        0  libinit2.o(.ARM.Collect$$libinit$$00000015)
    .ARM.Collect$$libinit$$00000016          0x00000154   Section       10  libinit2.o(.ARM.Collect$$libinit$$00000016)
    .ARM.Collect$$libinit$$00000017          0x0000015e   Section        0  libinit2.o(.ARM.Collect$$libinit$$00000017)
    .ARM.Collect$$libinit$$00000019          0x0000015e   Section        0  libinit2.o(.ARM.Collect$$libinit$$00000019)
    .ARM.Collect$$libinit$$0000001B          0x0000015e   Section        0  libinit2.o(.ARM.Collect$$libinit$$0000001B)
    .ARM.Collect$$libinit$$0000001D          0x0000015e   Section        0  libinit2.o(.ARM.Collect$$libinit$$0000001D)
    .ARM.Collect$$libinit$$0000001F          0x0000015e   Section        0  libinit2.o(.ARM.Collect$$libinit$$0000001F)
    .ARM.Collect$$libinit$$00000021          0x0000015e   Section        0  libinit2.o(.ARM.Collect$$libinit$$00000021)
    .ARM.Collect$$libinit$$00000023          0x0000015e   Section        0  libinit2.o(.ARM.Collect$$libinit$$00000023)
    .ARM.Collect$$libinit$$00000025          0x0000015e   Section        0  libinit2.o(.ARM.Collect$$libinit$$00000025)
    .ARM.Collect$$libinit$$0000002C          0x0000015e   Section        0  libinit2.o(.ARM.Collect$$libinit$$0000002C)
    .ARM.Collect$$libinit$$0000002E          0x0000015e   Section        0  libinit2.o(.ARM.Collect$$libinit$$0000002E)
    .ARM.Collect$$libinit$$00000030          0x0000015e   Section        0  libinit2.o(.ARM.Collect$$libinit$$00000030)
    .ARM.Collect$$libinit$$00000032          0x0000015e   Section        0  libinit2.o(.ARM.Collect$$libinit$$00000032)
    .ARM.Collect$$libinit$$00000033          0x0000015e   Section        2  libinit2.o(.ARM.Collect$$libinit$$00000033)
    .ARM.Collect$$libshutdown$$00000000      0x00000160   Section        2  libshutdown.o(.ARM.Collect$$libshutdown$$00000000)
    .ARM.Collect$$libshutdown$$00000002      0x00000162   Section        0  libshutdown2.o(.ARM.Collect$$libshutdown$$00000002)
    .ARM.Collect$$libshutdown$$00000004      0x00000162   Section        0  libshutdown2.o(.ARM.Collect$$libshutdown$$00000004)
    .ARM.Collect$$libshutdown$$00000006      0x00000162   Section        0  libshutdown2.o(.ARM.Collect$$libshutdown$$00000006)
    .ARM.Collect$$libshutdown$$00000009      0x00000162   Section        0  libshutdown2.o(.ARM.Collect$$libshutdown$$00000009)
    .ARM.Collect$$libshutdown$$0000000C      0x00000162   Section        0  libshutdown2.o(.ARM.Collect$$libshutdown$$0000000C)
    .ARM.Collect$$libshutdown$$0000000E      0x00000162   Section        0  libshutdown2.o(.ARM.Collect$$libshutdown$$0000000E)
    .ARM.Collect$$libshutdown$$00000011      0x00000162   Section        0  libshutdown2.o(.ARM.Collect$$libshutdown$$00000011)
    .ARM.Collect$$libshutdown$$00000012      0x00000162   Section        2  libshutdown2.o(.ARM.Collect$$libshutdown$$00000012)
    .ARM.Collect$$rtentry$$00000000          0x00000164   Section        0  __rtentry.o(.ARM.Collect$$rtentry$$00000000)
    .ARM.Collect$$rtentry$$00000002          0x00000164   Section        0  __rtentry2.o(.ARM.Collect$$rtentry$$00000002)
    .ARM.Collect$$rtentry$$00000004          0x00000164   Section        6  __rtentry4.o(.ARM.Collect$$rtentry$$00000004)
    .ARM.Collect$$rtentry$$00000009          0x0000016a   Section        0  __rtentry2.o(.ARM.Collect$$rtentry$$00000009)
    .ARM.Collect$$rtentry$$0000000A          0x0000016a   Section        4  __rtentry2.o(.ARM.Collect$$rtentry$$0000000A)
    .ARM.Collect$$rtentry$$0000000C          0x0000016e   Section        0  __rtentry2.o(.ARM.Collect$$rtentry$$0000000C)
    .ARM.Collect$$rtentry$$0000000D          0x0000016e   Section        8  __rtentry2.o(.ARM.Collect$$rtentry$$0000000D)
    .ARM.Collect$$rtexit$$00000000           0x00000176   Section        2  rtexit.o(.ARM.Collect$$rtexit$$00000000)
    .ARM.Collect$$rtexit$$00000002           0x00000178   Section        0  rtexit2.o(.ARM.Collect$$rtexit$$00000002)
    .ARM.Collect$$rtexit$$00000003           0x00000178   Section        4  rtexit2.o(.ARM.Collect$$rtexit$$00000003)
    .ARM.Collect$$rtexit$$00000004           0x0000017c   Section        6  rtexit2.o(.ARM.Collect$$rtexit$$00000004)
    .text                                    0x00000184   Section      132  startup_mke02z4.o(.text)
    .text                                    0x00000208   Section        0  noretval__2sprintf.o(.text)
    .text                                    0x00000230   Section        0  __printf_wp.o(.text)
    .text                                    0x0000033e   Section        0  heapauxi.o(.text)
    .text                                    0x00000344   Section        0  d2f.o(.text)
    .text                                    0x000003c0   Section        0  _printf_char_common.o(.text)
    _printf_input_char                       0x000003c1   Thumb Code    10  _printf_char_common.o(.text)
    .text                                    0x000003f0   Section        0  _sputc.o(.text)
    .text                                    0x000003fa   Section        2  use_no_semi.o(.text)
    .text                                    0x000003fc   Section        0  indicate_semi.o(.text)
    x$fpl$usenofp                            0x000003fc   Section        0  usenofp.o(x$fpl$usenofp)
    .ARM.__at_0x400                          0x00000400   Section       16  startup_mke02z4.o(.ARM.__at_0x400)
    .text                                    0x00000410   Section      346  aeabi_sdiv.o(.text)
    .text                                    0x0000056c   Section        0  ddiv.o(.text)
    .text                                    0x000009b4   Section        0  f2d.o(.text)
    .text                                    0x00000a08   Section        0  fflti.o(.text)
    .text                                    0x00000a68   Section        0  _printf_fp_dec.o(.text)
    _fp_digits                               0x00000a6b   Thumb Code   412  _printf_fp_dec.o(.text)
    .text                                    0x00000e80   Section        8  rt_locale_intlibspace.o(.text)
    .text                                    0x00000e88   Section        0  lludiv10.o(.text)
    .text                                    0x00000f04   Section        0  _printf_fp_infnan.o(.text)
    .text                                    0x00000f8c   Section        0  bigflt0.o(.text)
    .text                                    0x00001064   Section        0  btod.o(.text)
    btod_internal_mul                        0x000010a5   Thumb Code   492  btod.o(.text)
    btod_internal_div                        0x00001291   Thumb Code   520  btod.o(.text)
    .text                                    0x000015e4   Section        0  rtudiv10.o(.text)
    .text                                    0x0000160c   Section        8  libspace.o(.text)
    .text                                    0x00001614   Section       62  sys_stackheap_outer.o(.text)
    .text                                    0x00001652   Section        0  exit.o(.text)
    .text                                    0x00001664   Section        0  strcmp.o(.text)
    .text                                    0x000016ec   Section        0  sys_exit.o(.text)
    i.Delay                                  0x000016f8   Section        0  main.o(i.Delay)
    i.KBI0_IRQHandler                        0x0000171c   Section        0  main.o(i.KBI0_IRQHandler)
    i.KBI1_IRQHandler                        0x00001754   Section        0  main.o(i.KBI1_IRQHandler)
    i.SysTick_Handler                        0x000017a4   Section        0  main.o(i.SysTick_Handler)
    i.SystemCoreClockUpdate                  0x000017b4   Section        0  system_mke02z4.o(i.SystemCoreClockUpdate)
    i.SystemInit                             0x0000184c   Section        0  system_mke02z4.o(i.SystemInit)
    i.__ARM_common_ll_muluu                  0x00001880   Section        0  btod.o(i.__ARM_common_ll_muluu)
    i.__ARM_common_switch8                   0x000018b0   Section        0  main.o(i.__ARM_common_switch8)
    i.__ARM_fpclassify                       0x000018cc   Section        0  fpclassify.o(i.__ARM_fpclassify)
    i.__NVIC_EnableIRQ                       0x000018f8   Section        0  main.o(i.__NVIC_EnableIRQ)
    __NVIC_EnableIRQ                         0x000018f9   Thumb Code    26  main.o(i.__NVIC_EnableIRQ)
    i.__NVIC_SetPriority                     0x00001918   Section        0  main.o(i.__NVIC_SetPriority)
    __NVIC_SetPriority                       0x00001919   Thumb Code   110  main.o(i.__NVIC_SetPriority)
    i._is_digit                              0x00001990   Section        0  __printf_wp.o(i._is_digit)
    i.adc_init                               0x000019a0   Section        0  main.o(i.adc_init)
    i.adc_read                               0x000019e4   Section        0  main.o(i.adc_read)
    i.adc_to_voltage                         0x00001a04   Section        0  main.o(i.adc_to_voltage)
    i.ftm_init                               0x00001a3c   Section        0  main.o(i.ftm_init)
    i.i2c_add                                0x00001aa0   Section        0  i2c.o(i.i2c_add)
    i.i2c_data                               0x00001af4   Section        0  i2c.o(i.i2c_data)
    i.i2c_int                                0x00001b28   Section        0  i2c.o(i.i2c_int)
    i.i2c_start1                             0x00001b60   Section        0  i2c.o(i.i2c_start1)
    i.i2c_stop                               0x00001b9c   Section        0  i2c.o(i.i2c_stop)
    i.kbi_init                               0x00001bb0   Section        0  main.o(i.kbi_init)
    i.main                                   0x00001c68   Section        0  main.o(i.main)
    i.mcu_init                               0x00001f54   Section        0  main.o(i.mcu_init)
    i.oled_blank                             0x00001f8c   Section        0  i2c.o(i.oled_blank)
    i.oled_cmd_1byte                         0x00001fc0   Section        0  i2c.o(i.oled_cmd_1byte)
    i.oled_cmd_2byte                         0x00001fe6   Section        0  i2c.o(i.oled_cmd_2byte)
    i.oled_data                              0x00002018   Section        0  i2c.o(i.oled_data)
    i.oled_init                              0x0000203c   Section        0  i2c.o(i.oled_init)
    i.oled_pos                               0x00002118   Section        0  i2c.o(i.oled_pos)
    i.print_char                             0x00002140   Section        0  i2c.o(i.print_char)
    i.print_string                           0x000021d8   Section        0  i2c.o(i.print_string)
    i.ramp_down                              0x00002210   Section        0  main.o(i.ramp_down)
    i.ramp_up                                0x00002284   Section        0  main.o(i.ramp_up)
    locale$$code                             0x000022e8   Section       44  lc_numeric_c.o(locale$$code)
    x$fpl$fmul                               0x00002314   Section      176  fmul.o(x$fpl$fmul)
    x$fpl$printf1                            0x000023c4   Section       16  printf1.o(x$fpl$printf1)
    .constdata                               0x000023d4   Section     7136  i2c.o(.constdata)
    .constdata                               0x00003fb4   Section      128  ddiv.o(.constdata)
    ddiv_reciptbl                            0x00003fb4   Data         128  ddiv.o(.constdata)
    .constdata                               0x00004034   Section      148  bigflt0.o(.constdata)
    tenpwrs_x                                0x00004034   Data          60  bigflt0.o(.constdata)
    tenpwrs_i                                0x00004070   Data          64  bigflt0.o(.constdata)
    locale$$data                             0x000040e8   Section       28  lc_numeric_c.o(locale$$data)
    __lcnum_c_name                           0x000040ec   Data           2  lc_numeric_c.o(locale$$data)
    __lcnum_c_start                          0x000040f4   Data           0  lc_numeric_c.o(locale$$data)
    __lcnum_c_point                          0x00004100   Data           0  lc_numeric_c.o(locale$$data)
    __lcnum_c_thousands                      0x00004102   Data           0  lc_numeric_c.o(locale$$data)
    __lcnum_c_grouping                       0x00004103   Data           0  lc_numeric_c.o(locale$$data)
    __lcnum_c_end                            0x00004104   Data           0  lc_numeric_c.o(locale$$data)
    .data                                    0x1ffffc00   Section       24  main.o(.data)
    .data                                    0x1ffffc18   Section        4  system_mke02z4.o(.data)
    .bss                                     0x1ffffc1c   Section       20  main.o(.bss)
    .bss                                     0x1ffffc30   Section       96  libspace.o(.bss)
    HEAP                                     0x1ffffc90   Section        0  startup_mke02z4.o(HEAP)
    STACK                                    0x1ffffc90   Section     1024  startup_mke02z4.o(STACK)
    Heap_Mem                                 0x1ffffc90   Data           0  startup_mke02z4.o(HEAP)
    Stack_Mem                                0x1ffffc90   Data        1024  startup_mke02z4.o(STACK)
    __initial_sp                             0x20000090   Data           0  startup_mke02z4.o(STACK)

    Global Symbols

    Symbol Name                              Value     Ov Type        Size  Object(Section)

    BuildAttributes$$THM_ISAv3M$S$PE$A:L22$X:L11$S22$IEEE1$IW$USESV6$~STKCKD$USESV7$~SHL$OTIME$ROPI$IEEEJ$EBA8$UX$STANDARDLIB$REQ8$PRES8$EABIv2 0x00000000   Number         0  anon$$obj.o ABSOLUTE
    __ARM_use_no_argv                        0x00000000   Number         0  main.o ABSOLUTE
    __Vectors                                0x00000000   Data           4  startup_mke02z4.o(RESET)
    _printf_flags                            0x00000000   Number         0  printf_stubs.o ABSOLUTE
    _printf_return_value                     0x00000000   Number         0  printf_stubs.o ABSOLUTE
    _printf_sizespec                         0x00000000   Number         0  printf_stubs.o ABSOLUTE
    _printf_widthprec                        0x00000000   Number         0  printf_stubs.o ABSOLUTE
    __ARM_exceptions_init                     - Undefined Weak Reference
    __alloca_initialize                       - Undefined Weak Reference
    __arm_fini_                               - Undefined Weak Reference
    __arm_preinit_                            - Undefined Weak Reference
    __cpp_initialize__aeabi_                  - Undefined Weak Reference
    __cxa_finalize                            - Undefined Weak Reference
    __sigvec_lookup                           - Undefined Weak Reference
    _atexit_init                              - Undefined Weak Reference
    _call_atexit_fns                          - Undefined Weak Reference
    _clock_init                               - Undefined Weak Reference
    _fp_trap_init                             - Undefined Weak Reference
    _fp_trap_shutdown                         - Undefined Weak Reference
    _get_lc_collate                           - Undefined Weak Reference
    _get_lc_ctype                             - Undefined Weak Reference
    _get_lc_monetary                          - Undefined Weak Reference
    _get_lc_time                              - Undefined Weak Reference
    _getenv_init                              - Undefined Weak Reference
    _handle_redirection                       - Undefined Weak Reference
    _init_alloc                               - Undefined Weak Reference
    _init_user_alloc                          - Undefined Weak Reference
    _initio                                   - Undefined Weak Reference
    _printf_post_padding                      - Undefined Weak Reference
    _printf_pre_padding                       - Undefined Weak Reference
    _rand_init                                - Undefined Weak Reference
    _signal_finish                            - Undefined Weak Reference
    _signal_init                              - Undefined Weak Reference
    _terminate_alloc                          - Undefined Weak Reference
    _terminate_user_alloc                     - Undefined Weak Reference
    _terminateio                              - Undefined Weak Reference
    __Vectors_End                            0x000000c0   Data           0  startup_mke02z4.o(RESET)
    __Vectors_Size                           0x000000c0   Number         0  startup_mke02z4.o ABSOLUTE
    __main                                   0x000000c1   Thumb Code     8  __main.o(!!!main)
    __scatterload                            0x000000c9   Thumb Code     0  __scatter.o(!!!scatter)
    __scatterload_rt2                        0x000000c9   Thumb Code    52  __scatter.o(!!!scatter)
    __scatterload_rt2_thumb_only             0x000000c9   Thumb Code     0  __scatter.o(!!!scatter)
    __scatterload_null                       0x000000d9   Thumb Code     0  __scatter.o(!!!scatter)
    __scatterload_copy                       0x00000105   Thumb Code    26  __scatter_copy.o(!!handler_copy)
    __scatterload_zeroinit                   0x00000121   Thumb Code    28  __scatter_zi.o(!!handler_zi)
    _printf_percent                          0x0000013d   Thumb Code     0  _printf_percent.o(.ARM.Collect$$_printf_percent$$00000000)
    _printf_f                                0x0000013f   Thumb Code     0  _printf_f.o(.ARM.Collect$$_printf_percent$$00000003)
    _printf_percent_end                      0x00000149   Thumb Code     0  _printf_percent_end.o(.ARM.Collect$$_printf_percent$$00000017)
    __rt_lib_init                            0x0000014d   Thumb Code     0  libinit.o(.ARM.Collect$$libinit$$00000000)
    __rt_lib_init_fp_1                       0x0000014f   Thumb Code     0  libinit2.o(.ARM.Collect$$libinit$$00000002)
    __rt_lib_init_heap_1                     0x0000014f   Thumb Code     0  libinit2.o(.ARM.Collect$$libinit$$0000000A)
    __rt_lib_init_lc_common                  0x0000014f   Thumb Code     0  libinit2.o(.ARM.Collect$$libinit$$0000000F)
    __rt_lib_init_preinit_1                  0x0000014f   Thumb Code     0  libinit2.o(.ARM.Collect$$libinit$$00000004)
    __rt_lib_init_rand_1                     0x0000014f   Thumb Code     0  libinit2.o(.ARM.Collect$$libinit$$0000000E)
    __rt_lib_init_user_alloc_1               0x0000014f   Thumb Code     0  libinit2.o(.ARM.Collect$$libinit$$0000000C)
    __rt_lib_init_lc_collate_1               0x00000155   Thumb Code     0  libinit2.o(.ARM.Collect$$libinit$$00000011)
    __rt_lib_init_lc_ctype_1                 0x00000155   Thumb Code     0  libinit2.o(.ARM.Collect$$libinit$$00000013)
    __rt_lib_init_lc_monetary_1              0x00000155   Thumb Code     0  libinit2.o(.ARM.Collect$$libinit$$00000015)
    __rt_lib_init_lc_numeric_2               0x00000155   Thumb Code     0  libinit2.o(.ARM.Collect$$libinit$$00000016)
    __rt_lib_init_alloca_1                   0x0000015f   Thumb Code     0  libinit2.o(.ARM.Collect$$libinit$$0000002E)
    __rt_lib_init_argv_1                     0x0000015f   Thumb Code     0  libinit2.o(.ARM.Collect$$libinit$$0000002C)
    __rt_lib_init_atexit_1                   0x0000015f   Thumb Code     0  libinit2.o(.ARM.Collect$$libinit$$0000001B)
    __rt_lib_init_clock_1                    0x0000015f   Thumb Code     0  libinit2.o(.ARM.Collect$$libinit$$00000021)
    __rt_lib_init_cpp_1                      0x0000015f   Thumb Code     0  libinit2.o(.ARM.Collect$$libinit$$00000032)
    __rt_lib_init_exceptions_1               0x0000015f   Thumb Code     0  libinit2.o(.ARM.Collect$$libinit$$00000030)
    __rt_lib_init_fp_trap_1                  0x0000015f   Thumb Code     0  libinit2.o(.ARM.Collect$$libinit$$0000001F)
    __rt_lib_init_getenv_1                   0x0000015f   Thumb Code     0  libinit2.o(.ARM.Collect$$libinit$$00000023)
    __rt_lib_init_lc_numeric_1               0x0000015f   Thumb Code     0  libinit2.o(.ARM.Collect$$libinit$$00000017)
    __rt_lib_init_lc_time_1                  0x0000015f   Thumb Code     0  libinit2.o(.ARM.Collect$$libinit$$00000019)
    __rt_lib_init_return                     0x0000015f   Thumb Code     0  libinit2.o(.ARM.Collect$$libinit$$00000033)
    __rt_lib_init_signal_1                   0x0000015f   Thumb Code     0  libinit2.o(.ARM.Collect$$libinit$$0000001D)
    __rt_lib_init_stdio_1                    0x0000015f   Thumb Code     0  libinit2.o(.ARM.Collect$$libinit$$00000025)
    __rt_lib_shutdown                        0x00000161   Thumb Code     0  libshutdown.o(.ARM.Collect$$libshutdown$$00000000)
    __rt_lib_shutdown_cpp_1                  0x00000163   Thumb Code     0  libshutdown2.o(.ARM.Collect$$libshutdown$$00000004)
    __rt_lib_shutdown_fini_1                 0x00000163   Thumb Code     0  libshutdown2.o(.ARM.Collect$$libshutdown$$00000002)
    __rt_lib_shutdown_fp_trap_1              0x00000163   Thumb Code     0  libshutdown2.o(.ARM.Collect$$libshutdown$$00000009)
    __rt_lib_shutdown_heap_1                 0x00000163   Thumb Code     0  libshutdown2.o(.ARM.Collect$$libshutdown$$00000011)
    __rt_lib_shutdown_return                 0x00000163   Thumb Code     0  libshutdown2.o(.ARM.Collect$$libshutdown$$00000012)
    __rt_lib_shutdown_signal_1               0x00000163   Thumb Code     0  libshutdown2.o(.ARM.Collect$$libshutdown$$0000000C)
    __rt_lib_shutdown_stdio_1                0x00000163   Thumb Code     0  libshutdown2.o(.ARM.Collect$$libshutdown$$00000006)
    __rt_lib_shutdown_user_alloc_1           0x00000163   Thumb Code     0  libshutdown2.o(.ARM.Collect$$libshutdown$$0000000E)
    __rt_entry                               0x00000165   Thumb Code     0  __rtentry.o(.ARM.Collect$$rtentry$$00000000)
    __rt_entry_presh_1                       0x00000165   Thumb Code     0  __rtentry2.o(.ARM.Collect$$rtentry$$00000002)
    __rt_entry_sh                            0x00000165   Thumb Code     0  __rtentry4.o(.ARM.Collect$$rtentry$$00000004)
    __rt_entry_li                            0x0000016b   Thumb Code     0  __rtentry2.o(.ARM.Collect$$rtentry$$0000000A)
    __rt_entry_postsh_1                      0x0000016b   Thumb Code     0  __rtentry2.o(.ARM.Collect$$rtentry$$00000009)
    __rt_entry_main                          0x0000016f   Thumb Code     0  __rtentry2.o(.ARM.Collect$$rtentry$$0000000D)
    __rt_entry_postli_1                      0x0000016f   Thumb Code     0  __rtentry2.o(.ARM.Collect$$rtentry$$0000000C)
    __rt_exit                                0x00000177   Thumb Code     0  rtexit.o(.ARM.Collect$$rtexit$$00000000)
    __rt_exit_ls                             0x00000179   Thumb Code     0  rtexit2.o(.ARM.Collect$$rtexit$$00000003)
    __rt_exit_prels_1                        0x00000179   Thumb Code     0  rtexit2.o(.ARM.Collect$$rtexit$$00000002)
    __rt_exit_exit                           0x0000017d   Thumb Code     0  rtexit2.o(.ARM.Collect$$rtexit$$00000004)
    Reset_Handler                            0x00000185   Thumb Code    24  startup_mke02z4.o(.text)
    NMI_Handler                              0x0000019d   Thumb Code     2  startup_mke02z4.o(.text)
    HardFault_Handler                        0x0000019f   Thumb Code     2  startup_mke02z4.o(.text)
    SVC_Handler                              0x000001a1   Thumb Code     2  startup_mke02z4.o(.text)
    PendSV_Handler                           0x000001a3   Thumb Code     2  startup_mke02z4.o(.text)
    I2C0_IRQHandler                          0x000001a7   Thumb Code     4  startup_mke02z4.o(.text)
    SPI0_IRQHandler                          0x000001ab   Thumb Code     4  startup_mke02z4.o(.text)
    SPI1_IRQHandler                          0x000001af   Thumb Code     4  startup_mke02z4.o(.text)
    UART0_IRQHandler                         0x000001b3   Thumb Code     4  startup_mke02z4.o(.text)
    UART1_IRQHandler                         0x000001b7   Thumb Code     4  startup_mke02z4.o(.text)
    UART2_IRQHandler                         0x000001bb   Thumb Code     4  startup_mke02z4.o(.text)
    ACMP0_IRQHandler                         0x000001bf   Thumb Code     0  startup_mke02z4.o(.text)
    ACMP1_IRQHandler                         0x000001bf   Thumb Code     0  startup_mke02z4.o(.text)
    ADC_IRQHandler                           0x000001bf   Thumb Code     0  startup_mke02z4.o(.text)
    DefaultISR                               0x000001bf   Thumb Code     0  startup_mke02z4.o(.text)
    FTM0_IRQHandler                          0x000001bf   Thumb Code     0  startup_mke02z4.o(.text)
    FTM1_IRQHandler                          0x000001bf   Thumb Code     0  startup_mke02z4.o(.text)
    FTM2_IRQHandler                          0x000001bf   Thumb Code     0  startup_mke02z4.o(.text)
    FTMRH_IRQHandler                         0x000001bf   Thumb Code     0  startup_mke02z4.o(.text)
    I2C0_DriverIRQHandler                    0x000001bf   Thumb Code     0  startup_mke02z4.o(.text)
    ICS_IRQHandler                           0x000001bf   Thumb Code     0  startup_mke02z4.o(.text)
    IRQ_IRQHandler                           0x000001bf   Thumb Code     0  startup_mke02z4.o(.text)
    PIT_CH0_IRQHandler                       0x000001bf   Thumb Code     0  startup_mke02z4.o(.text)
    PIT_CH1_IRQHandler                       0x000001bf   Thumb Code     0  startup_mke02z4.o(.text)
    PMC_IRQHandler                           0x000001bf   Thumb Code     0  startup_mke02z4.o(.text)
    RTC_IRQHandler                           0x000001bf   Thumb Code     0  startup_mke02z4.o(.text)
    Reserved16_IRQHandler                    0x000001bf   Thumb Code     0  startup_mke02z4.o(.text)
    Reserved17_IRQHandler                    0x000001bf   Thumb Code     0  startup_mke02z4.o(.text)
    Reserved18_IRQHandler                    0x000001bf   Thumb Code     0  startup_mke02z4.o(.text)
    Reserved19_IRQHandler                    0x000001bf   Thumb Code     0  startup_mke02z4.o(.text)
    Reserved20_IRQHandler                    0x000001bf   Thumb Code     0  startup_mke02z4.o(.text)
    Reserved25_IRQHandler                    0x000001bf   Thumb Code     0  startup_mke02z4.o(.text)
    Reserved42_IRQHandler                    0x000001bf   Thumb Code     0  startup_mke02z4.o(.text)
    Reserved45_IRQHandler                    0x000001bf   Thumb Code     0  startup_mke02z4.o(.text)
    Reserved46_IRQHandler                    0x000001bf   Thumb Code     0  startup_mke02z4.o(.text)
    Reserved47_IRQHandler                    0x000001bf   Thumb Code     0  startup_mke02z4.o(.text)
    SPI0_DriverIRQHandler                    0x000001bf   Thumb Code     0  startup_mke02z4.o(.text)
    SPI1_DriverIRQHandler                    0x000001bf   Thumb Code     0  startup_mke02z4.o(.text)
    UART0_DriverIRQHandler                   0x000001bf   Thumb Code     0  startup_mke02z4.o(.text)
    UART1_DriverIRQHandler                   0x000001bf   Thumb Code     0  startup_mke02z4.o(.text)
    UART2_DriverIRQHandler                   0x000001bf   Thumb Code     0  startup_mke02z4.o(.text)
    WDOG_IRQHandler                          0x000001bf   Thumb Code     0  startup_mke02z4.o(.text)
    __user_initial_stackheap                 0x000001c5   Thumb Code     0  startup_mke02z4.o(.text)
    __2sprintf                               0x00000209   Thumb Code    36  noretval__2sprintf.o(.text)
    __printf                                 0x00000231   Thumb Code   270  __printf_wp.o(.text)
    __use_two_region_memory                  0x0000033f   Thumb Code     2  heapauxi.o(.text)
    __rt_heap_escrow$2region                 0x00000341   Thumb Code     2  heapauxi.o(.text)
    __rt_heap_expand$2region                 0x00000343   Thumb Code     2  heapauxi.o(.text)
    __aeabi_d2f                              0x00000345   Thumb Code     0  d2f.o(.text)
    _d2f                                     0x00000345   Thumb Code   120  d2f.o(.text)
    _printf_char_common                      0x000003cb   Thumb Code    32  _printf_char_common.o(.text)
    _sputc                                   0x000003f1   Thumb Code    10  _sputc.o(.text)
    __I$use$semihosting                      0x000003fb   Thumb Code     0  use_no_semi.o(.text)
    __use_no_semihosting_swi                 0x000003fb   Thumb Code     2  use_no_semi.o(.text)
    __I$use$fp                               0x000003fc   Number         0  usenofp.o(x$fpl$usenofp)
    __semihosting_library_function           0x000003fd   Thumb Code     0  indicate_semi.o(.text)
    __aeabi_uidiv                            0x00000411   Thumb Code     0  aeabi_sdiv.o(.text)
    __aeabi_uidivmod                         0x00000411   Thumb Code    20  aeabi_sdiv.o(.text)
    __aeabi_idiv                             0x00000425   Thumb Code     0  aeabi_sdiv.o(.text)
    __aeabi_idivmod                          0x00000425   Thumb Code   326  aeabi_sdiv.o(.text)
    __aeabi_ddiv                             0x0000056d   Thumb Code     0  ddiv.o(.text)
    _ddiv                                    0x0000056d   Thumb Code  1072  ddiv.o(.text)
    _drdiv                                   0x0000099d   Thumb Code    20  ddiv.o(.text)
    __aeabi_f2d                              0x000009b5   Thumb Code     0  f2d.o(.text)
    _f2d                                     0x000009b5   Thumb Code    80  f2d.o(.text)
    __aeabi_i2f_normalise                    0x00000a09   Thumb Code    72  fflti.o(.text)
    __aeabi_i2f                              0x00000a51   Thumb Code    16  fflti.o(.text)
    _fflt                                    0x00000a51   Thumb Code     0  fflti.o(.text)
    __aeabi_ui2f                             0x00000a61   Thumb Code     6  fflti.o(.text)
    _ffltu                                   0x00000a61   Thumb Code     0  fflti.o(.text)
    __lib_sel_fp_printf                      0x00000a69   Thumb Code     2  _printf_fp_dec.o(.text)
    _printf_fp_dec_real                      0x00000c07   Thumb Code   620  _printf_fp_dec.o(.text)
    __rt_locale                              0x00000e81   Thumb Code     8  rt_locale_intlibspace.o(.text)
    _ll_udiv10                               0x00000e89   Thumb Code   122  lludiv10.o(.text)
    _printf_fp_infnan                        0x00000f05   Thumb Code   120  _printf_fp_infnan.o(.text)
    _btod_etento                             0x00000f8d   Thumb Code   210  bigflt0.o(.text)
    _btod_d2e                                0x00001065   Thumb Code    64  btod.o(.text)
    _btod_emul                               0x00001499   Thumb Code    28  btod.o(.text)
    _btod_emuld                              0x000014b5   Thumb Code   144  btod.o(.text)
    _btod_ediv                               0x00001545   Thumb Code    26  btod.o(.text)
    _btod_edivd                              0x0000155f   Thumb Code   124  btod.o(.text)
    __rt_udiv10                              0x000015e5   Thumb Code    40  rtudiv10.o(.text)
    __user_libspace                          0x0000160d   Thumb Code     8  libspace.o(.text)
    __user_perproc_libspace                  0x0000160d   Thumb Code     0  libspace.o(.text)
    __user_perthread_libspace                0x0000160d   Thumb Code     0  libspace.o(.text)
    __user_setup_stackheap                   0x00001615   Thumb Code    62  sys_stackheap_outer.o(.text)
    exit                                     0x00001653   Thumb Code    16  exit.o(.text)
    strcmp                                   0x00001665   Thumb Code   132  strcmp.o(.text)
    _sys_exit                                0x000016ed   Thumb Code     8  sys_exit.o(.text)
    Delay                                    0x000016f9   Thumb Code    26  main.o(i.Delay)
    KBI0_IRQHandler                          0x0000171d   Thumb Code    44  main.o(i.KBI0_IRQHandler)
    KBI1_IRQHandler                          0x00001755   Thumb Code    62  main.o(i.KBI1_IRQHandler)
    SysTick_Handler                          0x000017a5   Thumb Code    12  main.o(i.SysTick_Handler)
    SystemCoreClockUpdate                    0x000017b5   Thumb Code   134  system_mke02z4.o(i.SystemCoreClockUpdate)
    SystemInit                               0x0000184d   Thumb Code    40  system_mke02z4.o(i.SystemInit)
    __ARM_common_ll_muluu                    0x00001881   Thumb Code    48  btod.o(i.__ARM_common_ll_muluu)
    __ARM_common_switch8                     0x000018b1   Thumb Code    28  main.o(i.__ARM_common_switch8)
    __ARM_fpclassify                         0x000018cd   Thumb Code    40  fpclassify.o(i.__ARM_fpclassify)
    _is_digit                                0x00001991   Thumb Code    14  __printf_wp.o(i._is_digit)
    adc_init                                 0x000019a1   Thumb Code    58  main.o(i.adc_init)
    adc_read                                 0x000019e5   Thumb Code    28  main.o(i.adc_read)
    adc_to_voltage                           0x00001a05   Thumb Code    48  main.o(i.adc_to_voltage)
    ftm_init                                 0x00001a3d   Thumb Code    90  main.o(i.ftm_init)
    i2c_add                                  0x00001aa1   Thumb Code    78  i2c.o(i.i2c_add)
    i2c_data                                 0x00001af5   Thumb Code    48  i2c.o(i.i2c_data)
    i2c_int                                  0x00001b29   Thumb Code    48  i2c.o(i.i2c_int)
    i2c_start1                               0x00001b61   Thumb Code    54  i2c.o(i.i2c_start1)
    i2c_stop                                 0x00001b9d   Thumb Code    14  i2c.o(i.i2c_stop)
    kbi_init                                 0x00001bb1   Thumb Code   168  main.o(i.kbi_init)
    main                                     0x00001c69   Thumb Code   638  main.o(i.main)
    mcu_init                                 0x00001f55   Thumb Code    40  main.o(i.mcu_init)
    oled_blank                               0x00001f8d   Thumb Code    52  i2c.o(i.oled_blank)
    oled_cmd_1byte                           0x00001fc1   Thumb Code    38  i2c.o(i.oled_cmd_1byte)
    oled_cmd_2byte                           0x00001fe7   Thumb Code    50  i2c.o(i.oled_cmd_2byte)
    oled_data                                0x00002019   Thumb Code    34  i2c.o(i.oled_data)
    oled_init                                0x0000203d   Thumb Code   194  i2c.o(i.oled_init)
    oled_pos                                 0x00002119   Thumb Code    38  i2c.o(i.oled_pos)
    print_char                               0x00002141   Thumb Code   146  i2c.o(i.print_char)
    print_string                             0x000021d9   Thumb Code    54  i2c.o(i.print_string)
    ramp_down                                0x00002211   Thumb Code   106  main.o(i.ramp_down)
    ramp_up                                  0x00002285   Thumb Code    90  main.o(i.ramp_up)
    _get_lc_numeric                          0x000022e9   Thumb Code    44  lc_numeric_c.o(locale$$code)
    __aeabi_fmul                             0x00002315   Thumb Code     0  fmul.o(x$fpl$fmul)
    _fmul                                    0x00002315   Thumb Code   172  fmul.o(x$fpl$fmul)
    _printf_fp_dec                           0x000023c5   Thumb Code    16  printf1.o(x$fpl$printf1)
    hom                                      0x000023d4   Data         128  i2c.o(.constdata)
    ASCII_16                                 0x00002454   Data        7008  i2c.o(.constdata)
    Region$$Table$$Base                      0x000040c8   Number         0  anon$$obj.o(Region$$Table)
    Region$$Table$$Limit                     0x000040e8   Number         0  anon$$obj.o(Region$$Table)
    test_case                                0x1ffffc00   Data           1  main.o(.data)
    flt_count                                0x1ffffc01   Data           1  main.o(.data)
    adc_val                                  0x1ffffc02   Data           2  main.o(.data)
    voltage                                  0x1ffffc04   Data           4  main.o(.data)
    Hom_sens_trig                            0x1ffffc08   Data           1  main.o(.data)
    ESTP_sens_trig                           0x1ffffc09   Data           1  main.o(.data)
    STP_sens_trig                            0x1ffffc0a   Data           1  main.o(.data)
    msTicks                                  0x1ffffc0c   Data           4  main.o(.data)
    curTicks                                 0x1ffffc10   Data           4  main.o(.data)
    pwm                                      0x1ffffc14   Data           4  main.o(.data)
    SystemCoreClock                          0x1ffffc18   Data           4  system_mke02z4.o(.data)
    buffer                                   0x1ffffc1c   Data          20  main.o(.bss)
    __libspace_start                         0x1ffffc30   Data          96  libspace.o(.bss)
    __temporary_stack_top$libspace           0x1ffffc90   Data           0  libspace.o(.bss)



==============================================================================

Memory Map of the image

  Image Entry point : 0x00000185

  Load Region LR_1 (Base: 0x00000000, Size: 0x00004120, Max: 0xffffffff, ABSOLUTE)

    Execution Region ER_RO (Exec base: 0x00000000, Load base: 0x00000000, Size: 0x00004104, Max: 0xffffffff, ABSOLUTE)

    Exec Addr    Load Addr    Size         Type   Attr      Idx    E Section Name        Object

    0x00000000   0x00000000   0x000000c0   Data   RO          289    RESET               startup_mke02z4.o
    0x000000c0   0x000000c0   0x00000008   Code   RO          365  * !!!main             c_p.l(__main.o)
    0x000000c8   0x000000c8   0x0000003c   Code   RO          586    !!!scatter          c_p.l(__scatter.o)
    0x00000104   0x00000104   0x0000001a   Code   RO          588    !!handler_copy      c_p.l(__scatter_copy.o)
    0x0000011e   0x0000011e   0x00000002   PAD
    0x00000120   0x00000120   0x0000001c   Code   RO          590    !!handler_zi        c_p.l(__scatter_zi.o)
    0x0000013c   0x0000013c   0x00000002   Code   RO          358    .ARM.Collect$$_printf_percent$$00000000  c_p.l(_printf_percent.o)
    0x0000013e   0x0000013e   0x0000000a   Code   RO          357    .ARM.Collect$$_printf_percent$$00000003  c_p.l(_printf_f.o)
    0x00000148   0x00000148   0x00000004   Code   RO          391    .ARM.Collect$$_printf_percent$$00000017  c_p.l(_printf_percent_end.o)
    0x0000014c   0x0000014c   0x00000002   Code   RO          456    .ARM.Collect$$libinit$$00000000  c_p.l(libinit.o)
    0x0000014e   0x0000014e   0x00000000   Code   RO          458    .ARM.Collect$$libinit$$00000002  c_p.l(libinit2.o)
    0x0000014e   0x0000014e   0x00000000   Code   RO          460    .ARM.Collect$$libinit$$00000004  c_p.l(libinit2.o)
    0x0000014e   0x0000014e   0x00000000   Code   RO          463    .ARM.Collect$$libinit$$0000000A  c_p.l(libinit2.o)
    0x0000014e   0x0000014e   0x00000000   Code   RO          465    .ARM.Collect$$libinit$$0000000C  c_p.l(libinit2.o)
    0x0000014e   0x0000014e   0x00000000   Code   RO          467    .ARM.Collect$$libinit$$0000000E  c_p.l(libinit2.o)
    0x0000014e   0x0000014e   0x00000006   Code   RO          468    .ARM.Collect$$libinit$$0000000F  c_p.l(libinit2.o)
    0x00000154   0x00000154   0x00000000   Code   RO          470    .ARM.Collect$$libinit$$00000011  c_p.l(libinit2.o)
    0x00000154   0x00000154   0x00000000   Code   RO          472    .ARM.Collect$$libinit$$00000013  c_p.l(libinit2.o)
    0x00000154   0x00000154   0x00000000   Code   RO          474    .ARM.Collect$$libinit$$00000015  c_p.l(libinit2.o)
    0x00000154   0x00000154   0x0000000a   Code   RO          475    .ARM.Collect$$libinit$$00000016  c_p.l(libinit2.o)
    0x0000015e   0x0000015e   0x00000000   Code   RO          476    .ARM.Collect$$libinit$$00000017  c_p.l(libinit2.o)
    0x0000015e   0x0000015e   0x00000000   Code   RO          478    .ARM.Collect$$libinit$$00000019  c_p.l(libinit2.o)
    0x0000015e   0x0000015e   0x00000000   Code   RO          480    .ARM.Collect$$libinit$$0000001B  c_p.l(libinit2.o)
    0x0000015e   0x0000015e   0x00000000   Code   RO          482    .ARM.Collect$$libinit$$0000001D  c_p.l(libinit2.o)
    0x0000015e   0x0000015e   0x00000000   Code   RO          484    .ARM.Collect$$libinit$$0000001F  c_p.l(libinit2.o)
    0x0000015e   0x0000015e   0x00000000   Code   RO          486    .ARM.Collect$$libinit$$00000021  c_p.l(libinit2.o)
    0x0000015e   0x0000015e   0x00000000   Code   RO          488    .ARM.Collect$$libinit$$00000023  c_p.l(libinit2.o)
    0x0000015e   0x0000015e   0x00000000   Code   RO          490    .ARM.Collect$$libinit$$00000025  c_p.l(libinit2.o)
    0x0000015e   0x0000015e   0x00000000   Code   RO          494    .ARM.Collect$$libinit$$0000002C  c_p.l(libinit2.o)
    0x0000015e   0x0000015e   0x00000000   Code   RO          496    .ARM.Collect$$libinit$$0000002E  c_p.l(libinit2.o)
    0x0000015e   0x0000015e   0x00000000   Code   RO          498    .ARM.Collect$$libinit$$00000030  c_p.l(libinit2.o)
    0x0000015e   0x0000015e   0x00000000   Code   RO          500    .ARM.Collect$$libinit$$00000032  c_p.l(libinit2.o)
    0x0000015e   0x0000015e   0x00000002   Code   RO          501    .ARM.Collect$$libinit$$00000033  c_p.l(libinit2.o)
    0x00000160   0x00000160   0x00000002   Code   RO          549    .ARM.Collect$$libshutdown$$00000000  c_p.l(libshutdown.o)
    0x00000162   0x00000162   0x00000000   Code   RO          567    .ARM.Collect$$libshutdown$$00000002  c_p.l(libshutdown2.o)
    0x00000162   0x00000162   0x00000000   Code   RO          569    .ARM.Collect$$libshutdown$$00000004  c_p.l(libshutdown2.o)
    0x00000162   0x00000162   0x00000000   Code   RO          571    .ARM.Collect$$libshutdown$$00000006  c_p.l(libshutdown2.o)
    0x00000162   0x00000162   0x00000000   Code   RO          574    .ARM.Collect$$libshutdown$$00000009  c_p.l(libshutdown2.o)
    0x00000162   0x00000162   0x00000000   Code   RO          577    .ARM.Collect$$libshutdown$$0000000C  c_p.l(libshutdown2.o)
    0x00000162   0x00000162   0x00000000   Code   RO          579    .ARM.Collect$$libshutdown$$0000000E  c_p.l(libshutdown2.o)
    0x00000162   0x00000162   0x00000000   Code   RO          582    .ARM.Collect$$libshutdown$$00000011  c_p.l(libshutdown2.o)
    0x00000162   0x00000162   0x00000002   Code   RO          583    .ARM.Collect$$libshutdown$$00000012  c_p.l(libshutdown2.o)
    0x00000164   0x00000164   0x00000000   Code   RO          380    .ARM.Collect$$rtentry$$00000000  c_p.l(__rtentry.o)
    0x00000164   0x00000164   0x00000000   Code   RO          394    .ARM.Collect$$rtentry$$00000002  c_p.l(__rtentry2.o)
    0x00000164   0x00000164   0x00000006   Code   RO          406    .ARM.Collect$$rtentry$$00000004  c_p.l(__rtentry4.o)
    0x0000016a   0x0000016a   0x00000000   Code   RO          396    .ARM.Collect$$rtentry$$00000009  c_p.l(__rtentry2.o)
    0x0000016a   0x0000016a   0x00000004   Code   RO          397    .ARM.Collect$$rtentry$$0000000A  c_p.l(__rtentry2.o)
    0x0000016e   0x0000016e   0x00000000   Code   RO          399    .ARM.Collect$$rtentry$$0000000C  c_p.l(__rtentry2.o)
    0x0000016e   0x0000016e   0x00000008   Code   RO          400    .ARM.Collect$$rtentry$$0000000D  c_p.l(__rtentry2.o)
    0x00000176   0x00000176   0x00000002   Code   RO          503    .ARM.Collect$$rtexit$$00000000  c_p.l(rtexit.o)
    0x00000178   0x00000178   0x00000000   Code   RO          518    .ARM.Collect$$rtexit$$00000002  c_p.l(rtexit2.o)
    0x00000178   0x00000178   0x00000004   Code   RO          519    .ARM.Collect$$rtexit$$00000003  c_p.l(rtexit2.o)
    0x0000017c   0x0000017c   0x00000006   Code   RO          520    .ARM.Collect$$rtexit$$00000004  c_p.l(rtexit2.o)
    0x00000182   0x00000182   0x00000002   PAD
    0x00000184   0x00000184   0x00000084   Code   RO          291  * .text               startup_mke02z4.o
    0x00000208   0x00000208   0x00000028   Code   RO          333    .text               c_p.l(noretval__2sprintf.o)
    0x00000230   0x00000230   0x0000010e   Code   RO          345    .text               c_p.l(__printf_wp.o)
    0x0000033e   0x0000033e   0x00000006   Code   RO          363    .text               c_p.l(heapauxi.o)
    0x00000344   0x00000344   0x0000007c   Code   RO          367    .text               fz_ps.l(d2f.o)
    0x000003c0   0x000003c0   0x00000030   Code   RO          387    .text               c_p.l(_printf_char_common.o)
    0x000003f0   0x000003f0   0x0000000a   Code   RO          389    .text               c_p.l(_sputc.o)
    0x000003fa   0x000003fa   0x00000002   Code   RO          536    .text               c_p.l(use_no_semi.o)
    0x000003fc   0x000003fc   0x00000000   Code   RO          538    .text               c_p.l(indicate_semi.o)
    0x000003fc   0x000003fc   0x00000000   Code   RO          392    x$fpl$usenofp       fz_ps.l(usenofp.o)
    0x000003fc   0x000003fc   0x00000004   PAD
    0x00000400   0x00000400   0x00000010   Code   RO          290    .ARM.__at_0x400     startup_mke02z4.o
    0x00000410   0x00000410   0x0000015a   Code   RO          359    .text               c_p.l(aeabi_sdiv.o)
    0x0000056a   0x0000056a   0x00000002   PAD
    0x0000056c   0x0000056c   0x00000448   Code   RO          369    .text               fz_ps.l(ddiv.o)
    0x000009b4   0x000009b4   0x00000054   Code   RO          372    .text               fz_ps.l(f2d.o)
    0x00000a08   0x00000a08   0x0000005e   Code   RO          374    .text               fz_ps.l(fflti.o)
    0x00000a66   0x00000a66   0x00000002   PAD
    0x00000a68   0x00000a68   0x00000418   Code   RO          385    .text               c_p.l(_printf_fp_dec.o)
    0x00000e80   0x00000e80   0x00000008   Code   RO          413    .text               c_p.l(rt_locale_intlibspace.o)
    0x00000e88   0x00000e88   0x0000007a   Code   RO          415    .text               c_p.l(lludiv10.o)
    0x00000f02   0x00000f02   0x00000002   PAD
    0x00000f04   0x00000f04   0x00000088   Code   RO          417    .text               c_p.l(_printf_fp_infnan.o)
    0x00000f8c   0x00000f8c   0x000000d8   Code   RO          421    .text               c_p.l(bigflt0.o)
    0x00001064   0x00001064   0x00000580   Code   RO          424    .text               c_p.l(btod.o)
    0x000015e4   0x000015e4   0x00000028   Code   RO          431    .text               c_p.l(rtudiv10.o)
    0x0000160c   0x0000160c   0x00000008   Code   RO          437    .text               c_p.l(libspace.o)
    0x00001614   0x00001614   0x0000003e   Code   RO          440    .text               c_p.l(sys_stackheap_outer.o)
    0x00001652   0x00001652   0x00000010   Code   RO          443    .text               c_p.l(exit.o)
    0x00001662   0x00001662   0x00000002   PAD
    0x00001664   0x00001664   0x00000088   Code   RO          449    .text               c_p.l(strcmp.o)
    0x000016ec   0x000016ec   0x0000000c   Code   RO          515    .text               c_p.l(sys_exit.o)
    0x000016f8   0x000016f8   0x00000024   Code   RO            3    i.Delay             main.o
    0x0000171c   0x0000171c   0x00000038   Code   RO            4    i.KBI0_IRQHandler   main.o
    0x00001754   0x00001754   0x00000050   Code   RO            5    i.KBI1_IRQHandler   main.o
    0x000017a4   0x000017a4   0x00000010   Code   RO            6    i.SysTick_Handler   main.o
    0x000017b4   0x000017b4   0x00000098   Code   RO          299    i.SystemCoreClockUpdate  system_mke02z4.o
    0x0000184c   0x0000184c   0x00000034   Code   RO          300    i.SystemInit        system_mke02z4.o
    0x00001880   0x00001880   0x00000030   Code   RO          426    i.__ARM_common_ll_muluu  c_p.l(btod.o)
    0x000018b0   0x000018b0   0x0000001c   Code   RO          105    i.__ARM_common_switch8  main.o
    0x000018cc   0x000018cc   0x0000002c   Code   RO          435    i.__ARM_fpclassify  m_ps.l(fpclassify.o)
    0x000018f8   0x000018f8   0x00000020   Code   RO            7    i.__NVIC_EnableIRQ  main.o
    0x00001918   0x00001918   0x00000078   Code   RO            8    i.__NVIC_SetPriority  main.o
    0x00001990   0x00001990   0x0000000e   Code   RO          347    i._is_digit         c_p.l(__printf_wp.o)
    0x0000199e   0x0000199e   0x00000002   PAD
    0x000019a0   0x000019a0   0x00000044   Code   RO            9    i.adc_init          main.o
    0x000019e4   0x000019e4   0x00000020   Code   RO           10    i.adc_read          main.o
    0x00001a04   0x00001a04   0x00000038   Code   RO           11    i.adc_to_voltage    main.o
    0x00001a3c   0x00001a3c   0x00000064   Code   RO           12    i.ftm_init          main.o
    0x00001aa0   0x00001aa0   0x00000054   Code   RO          153    i.i2c_add           i2c.o
    0x00001af4   0x00001af4   0x00000034   Code   RO          154    i.i2c_data          i2c.o
    0x00001b28   0x00001b28   0x00000038   Code   RO          155    i.i2c_int           i2c.o
    0x00001b60   0x00001b60   0x0000003c   Code   RO          157    i.i2c_start1        i2c.o
    0x00001b9c   0x00001b9c   0x00000014   Code   RO          158    i.i2c_stop          i2c.o
    0x00001bb0   0x00001bb0   0x000000b8   Code   RO           13    i.kbi_init          main.o
    0x00001c68   0x00001c68   0x000002ec   Code   RO           14    i.main              main.o
    0x00001f54   0x00001f54   0x00000038   Code   RO           15    i.mcu_init          main.o
    0x00001f8c   0x00001f8c   0x00000034   Code   RO          160    i.oled_blank        i2c.o
    0x00001fc0   0x00001fc0   0x00000026   Code   RO          162    i.oled_cmd_1byte    i2c.o
    0x00001fe6   0x00001fe6   0x00000032   Code   RO          163    i.oled_cmd_2byte    i2c.o
    0x00002018   0x00002018   0x00000022   Code   RO          164    i.oled_data         i2c.o
    0x0000203a   0x0000203a   0x00000002   PAD
    0x0000203c   0x0000203c   0x000000dc   Code   RO          165    i.oled_init         i2c.o
    0x00002118   0x00002118   0x00000026   Code   RO          166    i.oled_pos          i2c.o
    0x0000213e   0x0000213e   0x00000002   PAD
    0x00002140   0x00002140   0x00000098   Code   RO          167    i.print_char        i2c.o
    0x000021d8   0x000021d8   0x00000036   Code   RO          168    i.print_string      i2c.o
    0x0000220e   0x0000220e   0x00000002   PAD
    0x00002210   0x00002210   0x00000074   Code   RO           16    i.ramp_down         main.o
    0x00002284   0x00002284   0x00000064   Code   RO           17    i.ramp_up           main.o
    0x000022e8   0x000022e8   0x0000002c   Code   RO          429    locale$$code        c_p.l(lc_numeric_c.o)
    0x00002314   0x00002314   0x000000b0   Code   RO          376    x$fpl$fmul          fz_ps.l(fmul.o)
    0x000023c4   0x000023c4   0x00000010   Code   RO          378    x$fpl$printf1       fz_ps.l(printf1.o)
    0x000023d4   0x000023d4   0x00001be0   Data   RO          169    .constdata          i2c.o
    0x00003fb4   0x00003fb4   0x00000080   Data   RO          370    .constdata          fz_ps.l(ddiv.o)
    0x00004034   0x00004034   0x00000094   Data   RO          422    .constdata          c_p.l(bigflt0.o)
    0x000040c8   0x000040c8   0x00000020   Data   RO          584    Region$$Table       anon$$obj.o
    0x000040e8   0x000040e8   0x0000001c   Data   RO          428    locale$$data        c_p.l(lc_numeric_c.o)


    Execution Region ER_RW (Exec base: 0x1ffffc00, Load base: 0x00004104, Size: 0x0000001c, Max: 0xffffffff, ABSOLUTE)

    Exec Addr    Load Addr    Size         Type   Attr      Idx    E Section Name        Object

    0x1ffffc00   0x00004104   0x00000018   Data   RW           19    .data               main.o
    0x1ffffc18   0x0000411c   0x00000004   Data   RW          301    .data               system_mke02z4.o


    Execution Region ER_ZI (Exec base: 0x1ffffc1c, Load base: 0x00004120, Size: 0x00000474, Max: 0xffffffff, ABSOLUTE)

    Exec Addr    Load Addr    Size         Type   Attr      Idx    E Section Name        Object

    0x1ffffc1c        -       0x00000014   Zero   RW           18    .bss                main.o
    0x1ffffc30        -       0x00000060   Zero   RW          438    .bss                c_p.l(libspace.o)
    0x1ffffc90        -       0x00000000   Zero   RW          288    HEAP                startup_mke02z4.o
    0x1ffffc90        -       0x00000400   Zero   RW          287    STACK               startup_mke02z4.o


==============================================================================

Image component sizes


      Code (inc. data)   RO Data    RW Data    ZI Data      Debug   Object Name

       910         62       7136          0          0       7078   i2c.o
      1828        262          0         24         20     132208   main.o
       148         76        192          0       1024       1088   startup_mke02z4.o
       204         30          0          4          0       1287   system_mke02z4.o

    ----------------------------------------------------------------------
      3096        430       7360         28       1044     141661   Object Totals
         0          0         32          0          0          0   (incl. Generated)
         6          0          0          0          0          0   (incl. Padding)

    ----------------------------------------------------------------------

      Code (inc. data)   RO Data    RW Data    ZI Data      Debug   Library Member Name

         8          0          0          0          0         68   __main.o
       284          0          0          0          0        136   __printf_wp.o
         0          0          0          0          0          0   __rtentry.o
        12          0          0          0          0          0   __rtentry2.o
         6          0          0          0          0          0   __rtentry4.o
        60          8          0          0          0          0   __scatter.o
        26          0          0          0          0          0   __scatter_copy.o
        28          0          0          0          0          0   __scatter_zi.o
        48          6          0          0          0         88   _printf_char_common.o
        10          0          0          0          0          0   _printf_f.o
      1048         14          0          0          0        176   _printf_fp_dec.o
       136         16          0          0          0         76   _printf_fp_infnan.o
         2          0          0          0          0          0   _printf_percent.o
         4          0          0          0          0          0   _printf_percent_end.o
        10          0          0          0          0         60   _sputc.o
       346          0          0          0          0         92   aeabi_sdiv.o
       216          6        148          0          0         80   bigflt0.o
      1456         30          0          0          0        336   btod.o
        16          0          0          0          0         68   exit.o
         6          0          0          0          0        136   heapauxi.o
         0          0          0          0          0          0   indicate_semi.o
        44         10         28          0          0         76   lc_numeric_c.o
         2          0          0          0          0          0   libinit.o
        18          0          0          0          0          0   libinit2.o
         2          0          0          0          0          0   libshutdown.o
         2          0          0          0          0          0   libshutdown2.o
         8          4          0          0         96         68   libspace.o
       122          0          0          0          0         72   lludiv10.o
        40          4          0          0          0         84   noretval__2sprintf.o
         8          4          0          0          0         68   rt_locale_intlibspace.o
         2          0          0          0          0          0   rtexit.o
        10          0          0          0          0          0   rtexit2.o
        40          0          0          0          0         60   rtudiv10.o
       136          4          0          0          0         72   strcmp.o
        12          4          0          0          0         60   sys_exit.o
        62          0          0          0          0         80   sys_stackheap_outer.o
         2          0          0          0          0         68   use_no_semi.o
       124          4          0          0          0         72   d2f.o
      1096         26        128          0          0        112   ddiv.o
        84          4          0          0          0         60   f2d.o
        94          0          0          0          0         92   fflti.o
       176          4          0          0          0         80   fmul.o
        16          4          0          0          0         76   printf1.o
         0          0          0          0          0          0   usenofp.o
        44          4          0          0          0         60   fpclassify.o

    ----------------------------------------------------------------------
      5884        156        304          0         96       2576   Library Totals
        18          0          0          0          0          0   (incl. Padding)

    ----------------------------------------------------------------------

      Code (inc. data)   RO Data    RW Data    ZI Data      Debug   Library Name

      4232        110        176          0         96       2024   c_p.l
      1590         42        128          0          0        492   fz_ps.l
        44          4          0          0          0         60   m_ps.l

    ----------------------------------------------------------------------
      5884        156        304          0         96       2576   Library Totals

    ----------------------------------------------------------------------

==============================================================================


      Code (inc. data)   RO Data    RW Data    ZI Data      Debug   

      8980        586       7664         28       1140     141773   Grand Totals
      8980        586       7664         28       1140     141773   ELF Image Totals
      8980        586       7664         28          0          0   ROM Totals

==============================================================================

    Total RO  Size (Code + RO Data)                16644 (  16.25kB)
    Total RW  Size (RW Data + ZI Data)              1168 (   1.14kB)
    Total ROM Size (Code + RO Data + RW Data)      16672 (  16.28kB)

==============================================================================

