Component: ARM Compiler 5.06 update 7 (build 960) Tool: armlink [4d3601]

==============================================================================

Section Cross References

    main.o(i.Delay) refers to main.o(.data) for msTicks
    main.o(i.RTC_IRQHandler) refers to main.o(.data) for timer
    main.o(i.RTC_IRQHandler) refers to display_support.o(.data) for key_delay
    main.o(i.SysTick_Handler) refers to main.o(.data) for msTicks
    main.o(i.main) refers to _printf_pad.o(.text) for _printf_pre_padding
    main.o(i.main) refers to _printf_percent.o(.ARM.Collect$$_printf_percent$$00000000) for _printf_percent
    main.o(i.main) refers to _printf_d.o(.ARM.Collect$$_printf_percent$$00000009) for _printf_d
    main.o(i.main) refers to _printf_dec.o(.text) for _printf_int_dec
    main.o(i.main) refers to system_mke02z4.o(i.SystemCoreClockUpdate) for SystemCoreClockUpdate
    main.o(i.main) refers to aeabi_sdiv.o(.text) for __aeabi_uidivmod
    main.o(i.main) refers to main.o(i.__NVIC_SetPriority) for __NVIC_SetPriority
    main.o(i.main) refers to main.o(i.mcu_init) for mcu_init
    main.o(i.main) refers to main.o(i.rtc_init) for rtc_init
    main.o(i.main) refers to ftm.o(i.ftm_init) for ftm_init
    main.o(i.main) refers to i2c.o(i.i2c_int) for i2c_int
    main.o(i.main) refers to i2c.o(i.oled_init) for oled_init
    main.o(i.main) refers to main.o(i.Delay) for Delay
    main.o(i.main) refers to i2c.o(i.oled_blank) for oled_blank
    main.o(i.main) refers to password.o(i.flashReadPassword) for flashReadPassword
    main.o(i.main) refers to ftm.o(i.ramp_up) for ramp_up
    main.o(i.main) refers to i2c.o(i.draw_icon) for draw_icon
    main.o(i.main) refers to ftm.o(i.ramp_down) for ramp_down
    main.o(i.main) refers to i2c.o(i.Display_control_On) for Display_control_On
    main.o(i.main) refers to i2c.o(i.print_string) for print_string
    main.o(i.main) refers to display_support.o(i.show_mode_flicker) for show_mode_flicker
    main.o(i.main) refers to password.o(i.display_password_masked) for display_password_masked
    main.o(i.main) refers to password.o(i.shift_place) for shift_place
    main.o(i.main) refers to system_mke02z4.o(.data) for SystemCoreClock
    main.o(i.main) refers to main.o(.data) for stroke
    main.o(i.main) refers to i2c.o(.constdata) for hom
    main.o(i.main) refers to display_support.o(.data) for initialized
    main.o(i.main) refers to password.o(.data) for show_cursor
    main.o(i.main) refers to password.o(i.PW_Validation) for PW_Validation
    main.o(i.main) refers to display_support.o(i.show_mode) for show_mode
    main.o(i.main) refers to password.o(i.Password_StartEntry) for Password_StartEntry
    main.o(i.main) refers to display_support.o(i.update_screen) for update_screen
    main.o(i.main) refers to display_support.o(i.pw_reset_check) for pw_reset_check
    main.o(i.main) refers to display_support.o(i.fact_set_check) for fact_set_check
    main.o(i.main) refers to display_support.o(i.check_key1_abort) for check_key1_abort
    main.o(i.main) refers to display_support.o(i.low_lvl_indic) for low_lvl_indic
    main.o(i.main) refers to display_support.o(i.itrip_indic) for itrip_indic
    main.o(i.main) refers to llmul.o(.text) for __aeabi_lmul
    main.o(i.main) refers to display_support.o(i.update_PT_display) for update_PT_display
    main.o(i.main) refers to display_support.o(i.exit_setting_mode) for exit_setting_mode
    main.o(i.main) refers to i2c.o(i.oled_clear_area) for oled_clear_area
    main.o(i.main) refers to noretval__2sprintf.o(.text) for __2sprintf
    main.o(i.main) refers to strlen.o(.text) for strlen
    main.o(i.main) refers to display_support.o(i.load_pause_digits) for load_pause_digits
    main.o(i.main) refers to display_support.o(i.display_pause_time) for display_pause_time
    main.o(i.main) refers to main.o(.bss) for dis_str
    main.o(i.main) refers to display_support.o(i.increment_pt_digit) for increment_pt_digit
    main.o(i.main) refers to display_support.o(i.next_pt_digit) for next_pt_digit
    main.o(i.main) refers to display_support.o(i.get_pause_minutes) for get_pause_minutes
    main.o(i.main) refers to display_support.o(i.plc_fault_clr) for plc_fault_clr
    main.o(i.mcu_init) refers to flash.o(i.FLASH_Init) for FLASH_Init
    main.o(i.rtc_init) refers to main.o(i.__NVIC_SetPriority) for __NVIC_SetPriority
    main.o(.data) refers to main.o(.conststring) for .conststring
    i2c.o(i.Display_control_Off) refers to i2c.o(i.oled_cmd_1byte) for oled_cmd_1byte
    i2c.o(i.Display_control_On) refers to i2c.o(i.oled_cmd_1byte) for oled_cmd_1byte
    i2c.o(i.draw_icon) refers to i2c.o(i.oled_pos) for oled_pos
    i2c.o(i.draw_icon) refers to i2c.o(i.oled_data) for oled_data
    i2c.o(i.i2c_start) refers to main.o(i.Delay) for Delay
    i2c.o(i.i2c_write) refers to i2c.o(i.i2c_start1) for i2c_start1
    i2c.o(i.i2c_write) refers to i2c.o(i.i2c_add) for i2c_add
    i2c.o(i.i2c_write) refers to i2c.o(i.i2c_data) for i2c_data
[...]
    system_mke02z4.o(i.SystemCoreClockUpdate) refers to aeabi_sdiv.o(.text) for __aeabi_uidivmod
    system_mke02z4.o(i.SystemCoreClockUpdate) refers to system_mke02z4.o(.data) for SystemCoreClock
    __2sprintf.o(.text) refers to _printf_char_common.o(.text) for _printf_char_common
    __2sprintf.o(.text) refers to _sputc.o(.text) for _sputc
    noretval__2sprintf.o(.text) refers to _printf_char_common.o(.text) for _printf_char_common
    noretval__2sprintf.o(.text) refers to _sputc.o(.text) for _sputc
    __printf.o(.text) refers to _printf_percent.o(.ARM.Collect$$_printf_percent$$00000000) for _printf_percent
    _printf_dec.o(.text) refers to rtudiv10.o(.text) for __rt_udiv10
    _printf_dec.o(.text) refers to _printf_intcommon.o(.text) for _printf_int_common
    __printf_flags.o(.text) refers to _printf_percent.o(.ARM.Collect$$_printf_percent$$00000000) for _printf_percent
    __printf_flags.o(.text) refers to __printf_flags.o(.constdata) for .constdata
    __printf_ss.o(.text) refers to _printf_percent.o(.ARM.Collect$$_printf_percent$$00000000) for _printf_percent
    __printf_flags_ss.o(.text) refers to _printf_percent.o(.ARM.Collect$$_printf_percent$$00000000) for _printf_percent
    __printf_flags_ss.o(.text) refers to __printf_flags_ss.o(.constdata) for .constdata
    __printf_wp.o(.text) refers to __printf_wp.o(i._is_digit) for _is_digit
    __printf_wp.o(.text) refers to _printf_percent.o(.ARM.Collect$$_printf_percent$$00000000) for _printf_percent
    __printf_flags_wp.o(.text) refers to __printf_wp.o(i._is_digit) for _is_digit
    __printf_flags_wp.o(.text) refers to _printf_percent.o(.ARM.Collect$$_printf_percent$$00000000) for _printf_percent
    __printf_flags_wp.o(.text) refers to __printf_flags_wp.o(.constdata) for .constdata
    __printf_ss_wp.o(.text) refers to __printf_wp.o(i._is_digit) for _is_digit
    __printf_ss_wp.o(.text) refers to _printf_percent.o(.ARM.Collect$$_printf_percent$$00000000) for _printf_percent
    __printf_flags_ss_wp.o(.text) refers to __printf_wp.o(i._is_digit) for _is_digit
    __printf_flags_ss_wp.o(.text) refers to _printf_percent.o(.ARM.Collect$$_printf_percent$$00000000) for _printf_percent
    __printf_flags_ss_wp.o(.text) refers to __printf_flags_ss_wp.o(.constdata) for .constdata
    _printf_d.o(.ARM.Collect$$_printf_percent$$00000009) refers (Weak) to _printf_dec.o(.text) for _printf_int_dec
    _printf_percent.o(.ARM.Collect$$_printf_percent$$00000000) refers (Special) to _printf_percent_end.o(.ARM.Collect$$_printf_percent$$00000017) for _printf_percent_end
    __main.o(!!!main) refers to __rtentry.o(.ARM.Collect$$rtentry$$00000000) for __rt_entry
    __rtentry.o(.ARM.Collect$$rtentry$$00000000) refers (Special) to __rtentry2.o(.ARM.Collect$$rtentry$$0000000A) for __rt_entry_li
    __rtentry.o(.ARM.Collect$$rtentry$$00000000) refers (Special) to __rtentry2.o(.ARM.Collect$$rtentry$$0000000D) for __rt_entry_main
    __rtentry.o(.ARM.Collect$$rtentry$$00000000) refers (Special) to __rtentry2.o(.ARM.Collect$$rtentry$$0000000C) for __rt_entry_postli_1
    __rtentry.o(.ARM.Collect$$rtentry$$00000000) refers (Special) to __rtentry2.o(.ARM.Collect$$rtentry$$00000009) for __rt_entry_postsh_1
    __rtentry.o(.ARM.Collect$$rtentry$$00000000) refers (Special) to __rtentry2.o(.ARM.Collect$$rtentry$$00000002) for __rt_entry_presh_1
    __rtentry.o(.ARM.Collect$$rtentry$$00000000) refers (Special) to __rtentry4.o(.ARM.Collect$$rtentry$$00000004) for __rt_entry_sh
    aeabi_idiv0_sigfpe.o(.text) refers to rt_div0.o(.text) for __rt_div0
    aeabi_ldiv0_sigfpe.o(.text) refers to rt_div0.o(.text) for __rt_div0
    _printf_intcommon.o(.text) refers (Weak) to _printf_pad.o(.text) for _printf_pre_padding
    _printf_intcommon.o(.text) refers (Weak) to _printf_pad.o(.text) for _printf_pre_padding
    _printf_intcommon.o(.text) refers (Weak) to _printf_pad.o(.text) for _printf_post_padding
    _printf_char_common.o(.text) refers to __printf_flags_ss_wp.o(.text) for __printf
    __rtentry2.o(.ARM.Collect$$rtentry$$00000008) refers to boardinit2.o(.text) for _platform_post_stackheap_init
    __rtentry2.o(.ARM.Collect$$rtentry$$0000000A) refers to libinit.o(.ARM.Collect$$libinit$$00000000) for __rt_lib_init
    __rtentry2.o(.ARM.Collect$$rtentry$$0000000B) refers to boardinit3.o(.text) for _platform_post_lib_init
    __rtentry2.o(.ARM.Collect$$rtentry$$0000000D) refers to main.o(i.main) for main
    __rtentry2.o(.ARM.Collect$$rtentry$$0000000D) refers to exit.o(.text) for exit
    __rtentry2.o(.ARM.exidx) refers to __rtentry2.o(.ARM.Collect$$rtentry$$00000001) for .ARM.Collect$$rtentry$$00000001
    __rtentry2.o(.ARM.exidx) refers to __rtentry2.o(.ARM.Collect$$rtentry$$00000008) for .ARM.Collect$$rtentry$$00000008
    __rtentry2.o(.ARM.exidx) refers to __rtentry2.o(.ARM.Collect$$rtentry$$0000000A) for .ARM.Collect$$rtentry$$0000000A
    __rtentry2.o(.ARM.exidx) refers to __rtentry2.o(.ARM.Collect$$rtentry$$0000000B) for .ARM.Collect$$rtentry$$0000000B
    __rtentry2.o(.ARM.exidx) refers to __rtentry2.o(.ARM.Collect$$rtentry$$0000000D) for .ARM.Collect$$rtentry$$0000000D
    __rtentry4.o(.ARM.Collect$$rtentry$$00000004) refers to sys_stackheap_outer.o(.text) for __user_setup_stackheap
    __rtentry4.o(.ARM.exidx) refers to __rtentry4.o(.ARM.Collect$$rtentry$$00000004) for .ARM.Collect$$rtentry$$00000004
    rt_div0.o(.text) refers to defsig_fpe_outer.o(.text) for __rt_SIGFPE
    sys_stackheap_outer.o(.text) refers to libspace.o(.text) for __user_perproc_libspace
    sys_stackheap_outer.o(.text) refers to startup_mke02z4.o(.text) for __user_initial_stackheap
    sys_stackheap_outer.o(__vectab_stack_and_reset_area) refers to tempstk.o(.text) for __temporary_stack_top
    sys_stackheap_outer.o(__vectab_stack_and_reset_area) refers to __main.o(!!!main) for __main
    exit.o(.text) refers to rtexit.o(.ARM.Collect$$rtexit$$00000000) for __rt_exit
    defsig_fpe_outer.o(.text) refers to defsig_fpe_inner.o(.text) for __rt_SIGFPE_inner
    defsig_fpe_outer.o(.text) refers to defsig_exit.o(.text) for __sig_exit
    defsig_fpe_formal.o(.text) refers to rt_raise.o(.text) for __rt_raise
    libinit.o(.ARM.Collect$$libinit$$00000000) refers (Special) to libinit2.o(.ARM.Collect$$libinit$$0000002E) for __rt_lib_init_alloca_1
    libinit.o(.ARM.Collect$$libinit$$00000000) refers (Special) to libinit2.o(.ARM.Collect$$libinit$$0000002C) for __rt_lib_init_argv_1
    libinit.o(.ARM.Collect$$libinit$$00000000) refers (Special) to libinit2.o(.ARM.Collect$$libinit$$0000001B) for __rt_lib_init_atexit_1
    libinit.o(.ARM.Collect$$libinit$$00000000) refers (Special) to libinit2.o(.ARM.Collect$$libinit$$00000021) for __rt_lib_init_clock_1
    libinit.o(.ARM.Collect$$libinit$$00000000) refers (Special) to libinit2.o(.ARM.Collect$$libinit$$00000032) for __rt_lib_init_cpp_1
    libinit.o(.ARM.Collect$$libinit$$00000000) refers (Special) to libinit2.o(.ARM.Collect$$libinit$$00000030) for __rt_lib_init_exceptions_1
    libinit.o(.ARM.Collect$$libinit$$00000000) refers (Special) to libinit2.o(.ARM.Collect$$libinit$$00000002) for __rt_lib_init_fp_1
    libinit.o(.ARM.Collect$$libinit$$00000000) refers (Special) to libinit2.o(.ARM.Collect$$libinit$$0000001F) for __rt_lib_init_fp_trap_1
    libinit.o(.ARM.Collect$$libinit$$00000000) refers (Special) to libinit2.o(.ARM.Collect$$libinit$$00000023) for __rt_lib_init_getenv_1
    libinit.o(.ARM.Collect$$libinit$$00000000) refers (Special) to libinit2.o(.ARM.Collect$$libinit$$0000000A) for __rt_lib_init_heap_1
    libinit.o(.ARM.Collect$$libinit$$00000000) refers (Special) to libinit2.o(.ARM.Collect$$libinit$$00000011) for __rt_lib_init_lc_collate_1
    libinit.o(.ARM.Collect$$libinit$$00000000) refers (Special) to libinit2.o(.ARM.Collect$$libinit$$00000013) for __rt_lib_init_lc_ctype_1
    libinit.o(.ARM.Collect$$libinit$$00000000) refers (Special) to libinit2.o(.ARM.Collect$$libinit$$00000015) for __rt_lib_init_lc_monetary_1
    libinit.o(.ARM.Collect$$libinit$$00000000) refers (Special) to libinit2.o(.ARM.Collect$$libinit$$00000017) for __rt_lib_init_lc_numeric_1
    libinit.o(.ARM.Collect$$libinit$$00000000) refers (Special) to libinit2.o(.ARM.Collect$$libinit$$00000019) for __rt_lib_init_lc_time_1
    libinit.o(.ARM.Collect$$libinit$$00000000) refers (Special) to libinit2.o(.ARM.Collect$$libinit$$00000004) for __rt_lib_init_preinit_1
    libinit.o(.ARM.Collect$$libinit$$00000000) refers (Special) to libinit2.o(.ARM.Collect$$libinit$$0000000E) for __rt_lib_init_rand_1
    libinit.o(.ARM.Collect$$libinit$$00000000) refers (Special) to libinit2.o(.ARM.Collect$$libinit$$00000033) for __rt_lib_init_return
    libinit.o(.ARM.Collect$$libinit$$00000000) refers (Special) to libinit2.o(.ARM.Collect$$libinit$$0000001D) for __rt_lib_init_signal_1
    libinit.o(.ARM.Collect$$libinit$$00000000) refers (Special) to libinit2.o(.ARM.Collect$$libinit$$00000025) for __rt_lib_init_stdio_1
    libinit.o(.ARM.Collect$$libinit$$00000000) refers (Special) to libinit2.o(.ARM.Collect$$libinit$$0000000C) for __rt_lib_init_user_alloc_1
    libspace.o(.text) refers to libspace.o(.bss) for __libspace_start
    rtexit.o(.ARM.Collect$$rtexit$$00000000) refers (Special) to rtexit2.o(.ARM.Collect$$rtexit$$00000004) for __rt_exit_exit
    rtexit.o(.ARM.Collect$$rtexit$$00000000) refers (Special) to rtexit2.o(.ARM.Collect$$rtexit$$00000003) for __rt_exit_ls
    rtexit.o(.ARM.Collect$$rtexit$$00000000) refers (Special) to rtexit2.o(.ARM.Collect$$rtexit$$00000002) for __rt_exit_prels_1
    rtexit.o(.ARM.exidx) refers (Special) to rtexit2.o(.ARM.Collect$$rtexit$$00000004) for __rt_exit_exit
    rtexit.o(.ARM.exidx) refers (Special) to rtexit2.o(.ARM.Collect$$rtexit$$00000003) for __rt_exit_ls
    rtexit.o(.ARM.exidx) refers (Special) to rtexit2.o(.ARM.Collect$$rtexit$$00000002) for __rt_exit_prels_1
    rtexit.o(.ARM.exidx) refers to rtexit.o(.ARM.Collect$$rtexit$$00000000) for .ARM.Collect$$rtexit$$00000000
    rt_raise.o(.text) refers to __raise.o(.text) for __raise
    rt_raise.o(.text) refers to sys_exit.o(.text) for _sys_exit
    defsig_exit.o(.text) refers to sys_exit.o(.text) for _sys_exit
    defsig_fpe_inner.o(.text) refers to defsig_general.o(.text) for __default_signal_display
    libinit2.o(.ARM.Collect$$libinit$$00000010) refers to libinit2.o(.ARM.Collect$$libinit$$0000000F) for .ARM.Collect$$libinit$$0000000F
    libinit2.o(.ARM.Collect$$libinit$$00000012) refers to libinit2.o(.ARM.Collect$$libinit$$0000000F) for .ARM.Collect$$libinit$$0000000F
    libinit2.o(.ARM.Collect$$libinit$$00000014) refers to libinit2.o(.ARM.Collect$$libinit$$0000000F) for .ARM.Collect$$libinit$$0000000F
    libinit2.o(.ARM.Collect$$libinit$$00000016) refers to libinit2.o(.ARM.Collect$$libinit$$0000000F) for .ARM.Collect$$libinit$$0000000F
    libinit2.o(.ARM.Collect$$libinit$$00000018) refers to libinit2.o(.ARM.Collect$$libinit$$0000000F) for .ARM.Collect$$libinit$$0000000F
    libinit2.o(.ARM.Collect$$libinit$$00000026) refers to argv_veneer.o(.text) for __ARM_argv_veneer
    libinit2.o(.ARM.Collect$$libinit$$00000027) refers to argv_veneer.o(.text) for __ARM_argv_veneer
    sys_exit.o(.text) refers (Special) to use_no_semi.o(.text) for __I$use$semihosting
    sys_exit.o(.text) refers (Special) to indicate_semi.o(.text) for __semihosting_library_function
    rtexit2.o(.ARM.Collect$$rtexit$$00000003) refers to libshutdown.o(.ARM.Collect$$libshutdown$$00000000) for __rt_lib_shutdown
    rtexit2.o(.ARM.Collect$$rtexit$$00000004) refers to sys_exit.o(.text) for _sys_exit
    rtexit2.o(.ARM.exidx) refers to rtexit2.o(.ARM.Collect$$rtexit$$00000001) for .ARM.Collect$$rtexit$$00000001
    rtexit2.o(.ARM.exidx) refers to rtexit2.o(.ARM.Collect$$rtexit$$00000003) for .ARM.Collect$$rtexit$$00000003
    rtexit2.o(.ARM.exidx) refers to rtexit2.o(.ARM.Collect$$rtexit$$00000004) for .ARM.Collect$$rtexit$$00000004
    __raise.o(.text) refers to defsig.o(CL$$defsig) for __default_signal_handler
    defsig_general.o(.text) refers to sys_wrch.o(.text) for _ttywrch
    sys_wrch.o(.text) refers (Special) to use_no_semi.o(.text) for __I$use$semihosting
    sys_wrch.o(.text) refers (Special) to indicate_semi.o(.text) for __semihosting_library_function
    defsig.o(CL$$defsig) refers to defsig_fpe_inner.o(.text) for __rt_SIGFPE_inner
    defsig.o(CL$$defsig) refers to defsig_rtmem_inner.o(.text) for __rt_SIGRTMEM_inner
    _get_argv_nomalloc.o(.text) refers (Special) to hrguard.o(.text) for __heap_region$guard
    _get_argv_nomalloc.o(.text) refers to defsig_rtmem_outer.o(.text) for __rt_SIGRTMEM
    _get_argv_nomalloc.o(.text) refers to sys_command.o(.text) for _sys_command_string
    libshutdown.o(.ARM.Collect$$libshutdown$$00000000) refers (Special) to libshutdown2.o(.ARM.Collect$$libshutdown$$00000004) for __rt_lib_shutdown_cpp_1
    libshutdown.o(.ARM.Collect$$libshutdown$$00000000) refers (Special) to libshutdown2.o(.ARM.Collect$$libshutdown$$00000002) for __rt_lib_shutdown_fini_1
    libshutdown.o(.ARM.Collect$$libshutdown$$00000000) refers (Special) to libshutdown2.o(.ARM.Collect$$libshutdown$$00000009) for __rt_lib_shutdown_fp_trap_1
    libshutdown.o(.ARM.Collect$$libshutdown$$00000000) refers (Special) to libshutdown2.o(.ARM.Collect$$libshutdown$$00000011) for __rt_lib_shutdown_heap_1
    libshutdown.o(.ARM.Collect$$libshutdown$$00000000) refers (Special) to libshutdown2.o(.ARM.Collect$$libshutdown$$00000012) for __rt_lib_shutdown_return
    libshutdown.o(.ARM.Collect$$libshutdown$$00000000) refers (Special) to libshutdown2.o(.ARM.Collect$$libshutdown$$0000000C) for __rt_lib_shutdown_signal_1
    libshutdown.o(.ARM.Collect$$libshutdown$$00000000) refers (Special) to libshutdown2.o(.ARM.Collect$$libshutdown$$00000006) for __rt_lib_shutdown_stdio_1
    libshutdown.o(.ARM.Collect$$libshutdown$$00000000) refers (Special) to libshutdown2.o(.ARM.Collect$$libshutdown$$0000000E) for __rt_lib_shutdown_user_alloc_1
    sys_command.o(.text) refers (Special) to use_no_semi.o(.text) for __I$use$semihosting
    sys_command.o(.text) refers (Special) to indicate_semi.o(.text) for __semihosting_library_function
    defsig_abrt_inner.o(.text) refers to defsig_general.o(.text) for __default_signal_display
    defsig_rtred_inner.o(.text) refers to defsig_general.o(.text) for __default_signal_display
    defsig_rtmem_inner.o(.text) refers to defsig_general.o(.text) for __default_signal_display
    defsig_rtmem_outer.o(.text) refers to defsig_rtmem_inner.o(.text) for __rt_SIGRTMEM_inner
    defsig_rtmem_outer.o(.text) refers to defsig_exit.o(.text) for __sig_exit
    defsig_rtmem_formal.o(.text) refers to rt_raise.o(.text) for __rt_raise
    defsig_stak_inner.o(.text) refers to defsig_general.o(.text) for __default_signal_display
    defsig_pvfn_inner.o(.text) refers to defsig_general.o(.text) for __default_signal_display
    defsig_cppl_inner.o(.text) refers to defsig_general.o(.text) for __default_signal_display
    defsig_segv_inner.o(.text) refers to defsig_general.o(.text) for __default_signal_display
    defsig_other.o(.text) refers to defsig_general.o(.text) for __default_signal_display


==============================================================================

Removing Unused input sections from the image.

    Removing main.o(.rev16_text), (4 bytes).
    Removing main.o(.revsh_text), (4 bytes).
    Removing i2c.o(.rev16_text), (4 bytes).
    Removing i2c.o(.revsh_text), (4 bytes).
    Removing i2c.o(i.i2c_start), (64 bytes).
    Removing i2c.o(i.i2c_write), (44 bytes).
    Removing i2c.o(.data), (4 bytes).
    Removing flash.o(.rev16_text), (4 bytes).
    Removing flash.o(.revsh_text), (4 bytes).
    Removing flash.o(i.FLASH_CheckErrStatus), (84 bytes).
    Removing flash.o(i.FLASH_EraseAll), (108 bytes).
    Removing flash.o(i.FLASH_EraseBlock), (148 bytes).
    Removing flash.o(i.FLASH_EraseBlock_NoWait), (68 bytes).
    Removing flash.o(i.FLASH_EraseVerifyAll), (88 bytes).
    Removing flash.o(i.FLASH_EraseVerifyBlock), (128 bytes).
    Removing flash.o(i.FLASH_EraseVerifySection), (136 bytes).
    Removing flash.o(i.FLASH_Program), (212 bytes).
    Removing flash.o(i.FLASH_Program2LongWords), (200 bytes).
    Removing flash.o(i.FLASH_ProgramOnce), (168 bytes).
    Removing flash.o(i.FLASH_ReadOnce), (172 bytes).
    Removing flash.o(i.FLASH_SetUserMarginLevel), (152 bytes).
    Removing flash.o(i.FLASH_Unsecure), (112 bytes).
    Removing flash.o(i.FLASH_VerifyBackdoorKey), (124 bytes).
    Removing password.o(.rev16_text), (4 bytes).
    Removing password.o(.revsh_text), (4 bytes).
    Removing password.o(i.updat_password), (32 bytes).
    Removing display_support.o(.rev16_text), (4 bytes).
    Removing display_support.o(.revsh_text), (4 bytes).
    Removing display_support.o(i.display_reset_flicker), (20 bytes).
    Removing ftm.o(.rev16_text), (4 bytes).
    Removing ftm.o(.revsh_text), (4 bytes).
    Removing system_mke02z4.o(.rev16_text), (4 bytes).
    Removing system_mke02z4.o(.revsh_text), (4 bytes).

33 unused section(s) (total 2120 bytes) removed from the image.

==============================================================================

Image Symbol Table

    Local Symbols

    Symbol Name                              Value     Ov Type        Size  Object(Section)

    RESET                                    0x00000000   Section      192  startup_mke02z4.o(RESET)
    ../clib/angel/boardlib.s                 0x00000000   Number         0  boardshut.o ABSOLUTE
    ../clib/angel/boardlib.s                 0x00000000   Number         0  boardinit2.o ABSOLUTE
    ../clib/angel/boardlib.s                 0x00000000   Number         0  boardinit3.o ABSOLUTE
    ../clib/angel/boardlib.s                 0x00000000   Number         0  boardinit1.o ABSOLUTE
    ../clib/angel/handlers.s                 0x00000000   Number         0  __scatter_copy.o ABSOLUTE
    ../clib/angel/handlers.s                 0x00000000   Number         0  __scatter_zi.o ABSOLUTE
    ../clib/angel/kernel.s                   0x00000000   Number         0  __rtentry2.o ABSOLUTE
    ../clib/angel/kernel.s                   0x00000000   Number         0  rtexit.o ABSOLUTE
    ../clib/angel/kernel.s                   0x00000000   Number         0  __rtentry.o ABSOLUTE
    ../clib/angel/kernel.s                   0x00000000   Number         0  __rtentry4.o ABSOLUTE
    ../clib/angel/kernel.s                   0x00000000   Number         0  rtexit2.o ABSOLUTE
    ../clib/angel/rt.s                       0x00000000   Number         0  aeabi_ldiv0.o ABSOLUTE
    ../clib/angel/rt.s                       0x00000000   Number         0  aeabi_idiv0_sigfpe.o ABSOLUTE
    ../clib/angel/rt.s                       0x00000000   Number         0  aeabi_idiv0.o ABSOLUTE
    ../clib/angel/rt.s                       0x00000000   Number         0  aeabi_ldiv0_sigfpe.o ABSOLUTE
    ../clib/angel/rt.s                       0x00000000   Number         0  rt_raise.o ABSOLUTE
    ../clib/angel/rt.s                       0x00000000   Number         0  rt_div0.o ABSOLUTE
    ../clib/angel/scatterp.s                 0x00000000   Number         0  __scatter.o ABSOLUTE
    ../clib/angel/startup.s                  0x00000000   Number         0  __main.o ABSOLUTE
    ../clib/angel/sys.s                      0x00000000   Number         0  use_no_semi.o ABSOLUTE
    ../clib/angel/sys.s                      0x00000000   Number         0  indicate_semi.o ABSOLUTE
    ../clib/angel/sys.s                      0x00000000   Number         0  libspace.o ABSOLUTE
    ../clib/angel/sys.s                      0x00000000   Number         0  tempstk.o ABSOLUTE
    ../clib/angel/sys.s                      0x00000000   Number         0  sys_stackheap_outer.o ABSOLUTE
    ../clib/angel/sysapp.c                   0x00000000   Number         0  sys_exit.o ABSOLUTE
    ../clib/angel/sysapp.c                   0x00000000   Number         0  sys_command.o ABSOLUTE
    ../clib/angel/sysapp.c                   0x00000000   Number         0  sys_wrch.o ABSOLUTE
    ../clib/armsys.c                         0x00000000   Number         0  _get_argv_nomalloc.o ABSOLUTE
    ../clib/armsys.c                         0x00000000   Number         0  no_argv.o ABSOLUTE
    ../clib/armsys.c                         0x00000000   Number         0  argv_veneer.o ABSOLUTE
    ../clib/division.c                       0x00000000   Number         0  rtudiv10.o ABSOLUTE
    ../clib/division.c                       0x00000000   Number         0  lludiv.o ABSOLUTE
    ../clib/division.s                       0x00000000   Number         0  aeabi_sdiv_div0.o ABSOLUTE
    ../clib/division.s                       0x00000000   Number         0  aeabi_sdiv.o ABSOLUTE
    ../clib/heapalloc.c                      0x00000000   Number         0  hrguard.o ABSOLUTE
    ../clib/heapaux.c                        0x00000000   Number         0  heapauxi.o ABSOLUTE
    ../clib/libinit.s                        0x00000000   Number         0  libshutdown.o ABSOLUTE
    ../clib/libinit.s                        0x00000000   Number         0  libinit2.o ABSOLUTE
    ../clib/libinit.s                        0x00000000   Number         0  libshutdown2.o ABSOLUTE
    ../clib/libinit.s                        0x00000000   Number         0  libinit.o ABSOLUTE
    ../clib/longlong.c                       0x00000000   Number         0  llmul.o ABSOLUTE
    ../clib/misc.s                           0x00000000   Number         0  printf_stubs.o ABSOLUTE
    ../clib/printf.c                         0x00000000   Number         0  __printf_flags_wp.o ABSOLUTE
    ../clib/printf.c                         0x00000000   Number         0  __printf.o ABSOLUTE
    ../clib/printf.c                         0x00000000   Number         0  _printf_pad.o ABSOLUTE
    ../clib/printf.c                         0x00000000   Number         0  _printf_dec.o ABSOLUTE
    ../clib/printf.c                         0x00000000   Number         0  __printf_flags.o ABSOLUTE
    ../clib/printf.c                         0x00000000   Number         0  __printf_ss.o ABSOLUTE
    ../clib/printf.c                         0x00000000   Number         0  __printf_flags_ss.o ABSOLUTE
    ../clib/printf.c                         0x00000000   Number         0  __printf_ss_wp.o ABSOLUTE
    ../clib/printf.c                         0x00000000   Number         0  __printf_flags_ss_wp.o ABSOLUTE
    ../clib/printf.c                         0x00000000   Number         0  _sputc.o ABSOLUTE
    ../clib/printf.c                         0x00000000   Number         0  __printf_wp.o ABSOLUTE
    ../clib/printf.c                         0x00000000   Number         0  noretval__2sprintf.o ABSOLUTE
    ../clib/printf.c                         0x00000000   Number         0  __printf_nopercent.o ABSOLUTE
    ../clib/printf.c                         0x00000000   Number         0  _printf_char_common.o ABSOLUTE
    ../clib/printf.c                         0x00000000   Number         0  _printf_intcommon.o ABSOLUTE
    ../clib/printf.c                         0x00000000   Number         0  __2sprintf.o ABSOLUTE
    ../clib/printf_percent.s                 0x00000000   Number         0  _printf_d.o ABSOLUTE
    ../clib/printf_percent.s                 0x00000000   Number         0  _printf_percent_end.o ABSOLUTE
    ../clib/printf_percent.s                 0x00000000   Number         0  _printf_percent.o ABSOLUTE
    ../clib/signal.c                         0x00000000   Number         0  defsig_fpe_formal.o ABSOLUTE
    ../clib/signal.c                         0x00000000   Number         0  defsig_fpe_outer.o ABSOLUTE
    ../clib/signal.c                         0x00000000   Number         0  defsig_abrt_inner.o ABSOLUTE
    ../clib/signal.c                         0x00000000   Number         0  defsig_rtred_inner.o ABSOLUTE
    ../clib/signal.c                         0x00000000   Number         0  defsig_rtmem_inner.o ABSOLUTE
    ../clib/signal.c                         0x00000000   Number         0  defsig_other.o ABSOLUTE
    ../clib/signal.c                         0x00000000   Number         0  defsig_rtmem_outer.o ABSOLUTE
    ../clib/signal.c                         0x00000000   Number         0  defsig_rtmem_formal.o ABSOLUTE
    ../clib/signal.c                         0x00000000   Number         0  defsig_stak_inner.o ABSOLUTE
    ../clib/signal.c                         0x00000000   Number         0  defsig_pvfn_inner.o ABSOLUTE
    ../clib/signal.c                         0x00000000   Number         0  __raise.o ABSOLUTE
    ../clib/signal.c                         0x00000000   Number         0  defsig_cppl_inner.o ABSOLUTE
    ../clib/signal.c                         0x00000000   Number         0  defsig_exit.o ABSOLUTE
    ../clib/signal.c                         0x00000000   Number         0  defsig_fpe_inner.o ABSOLUTE
    ../clib/signal.c                         0x00000000   Number         0  defsig_segv_inner.o ABSOLUTE
    ../clib/signal.c                         0x00000000   Number         0  defsig_general.o ABSOLUTE
    ../clib/signal.s                         0x00000000   Number         0  defsig.o ABSOLUTE
    ../clib/stdlib.c                         0x00000000   Number         0  exit.o ABSOLUTE
    ../clib/string.c                         0x00000000   Number         0  strlen.o ABSOLUTE
    ../fplib/cfplib/fpinit.c                 0x00000000   Number         0  fpinit.o ABSOLUTE
    RTE\Device\MKE02Z64xxx4\startup_MKE02Z4.s 0x00000000   Number         0  startup_mke02z4.o ABSOLUTE
    RTE\Device\MKE02Z64xxx4\system_MKE02Z4.c 0x00000000   Number         0  system_mke02z4.o ABSOLUTE
    RTE\\Device\\MKE02Z64xxx4\\system_MKE02Z4.c 0x00000000   Number         0  system_mke02z4.o ABSOLUTE
    dc.s                                     0x00000000   Number         0  dc.o ABSOLUTE
    derivative.c                             0x00000000   Number         0  derivative.o ABSOLUTE
    display_support.c                        0x00000000   Number         0  display_support.o ABSOLUTE
    display_support.c                        0x00000000   Number         0  display_support.o ABSOLUTE
    flash.c                                  0x00000000   Number         0  flash.o ABSOLUTE
    flash.c                                  0x00000000   Number         0  flash.o ABSOLUTE
    ftm.c                                    0x00000000   Number         0  ftm.o ABSOLUTE
    ftm.c                                    0x00000000   Number         0  ftm.o ABSOLUTE
    i2c.c                                    0x00000000   Number         0  i2c.o ABSOLUTE
    i2c.c                                    0x00000000   Number         0  i2c.o ABSOLUTE
    main.c                                   0x00000000   Number         0  main.o ABSOLUTE
    main.c                                   0x00000000   Number         0  main.o ABSOLUTE
    password.c                               0x00000000   Number         0  password.o ABSOLUTE
    password.c                               0x00000000   Number         0  password.o ABSOLUTE
    !!!main                                  0x000000c0   Section        8  __main.o(!!!main)
    !!!scatter                               0x000000c8   Section       60  __scatter.o(!!!scatter)
    !!handler_copy                           0x00000104   Section       26  __scatter_copy.o(!!handler_copy)
    !!handler_zi                             0x00000120   Section       28  __scatter_zi.o(!!handler_zi)
    .ARM.Collect$$_printf_percent$$00000000  0x0000013c   Section        2  _printf_percent.o(.ARM.Collect$$_printf_percent$$00000000)
    .ARM.Collect$$_printf_percent$$00000009  0x0000013e   Section       10  _printf_d.o(.ARM.Collect$$_printf_percent$$00000009)
    .ARM.Collect$$_printf_percent$$00000017  0x00000148   Section        4  _printf_percent_end.o(.ARM.Collect$$_printf_percent$$00000017)
    .ARM.Collect$$libinit$$00000000          0x0000014c   Section        2  libinit.o(.ARM.Collect$$libinit$$00000000)
    .ARM.Collect$$libinit$$00000002          0x0000014e   Section        0  libinit2.o(.ARM.Collect$$libinit$$00000002)
    .ARM.Collect$$libinit$$00000004          0x0000014e   Section        0  libinit2.o(.ARM.Collect$$libinit$$00000004)
    .ARM.Collect$$libinit$$0000000A          0x0000014e   Section        0  libinit2.o(.ARM.Collect$$libinit$$0000000A)
    .ARM.Collect$$libinit$$0000000C          0x0000014e   Section        0  libinit2.o(.ARM.Collect$$libinit$$0000000C)
    .ARM.Collect$$libinit$$0000000E          0x0000014e   Section        0  libinit2.o(.ARM.Collect$$libinit$$0000000E)
    .ARM.Collect$$libinit$$00000011          0x0000014e   Section        0  libinit2.o(.ARM.Collect$$libinit$$00000011)
    .ARM.Collect$$libinit$$00000013          0x0000014e   Section        0  libinit2.o(.ARM.Collect$$libinit$$00000013)
    .ARM.Collect$$libinit$$00000015          0x0000014e   Section        0  libinit2.o(.ARM.Collect$$libinit$$00000015)
    .ARM.Collect$$libinit$$00000017          0x0000014e   Section        0  libinit2.o(.ARM.Collect$$libinit$$00000017)
    .ARM.Collect$$libinit$$00000019          0x0000014e   Section        0  libinit2.o(.ARM.Collect$$libinit$$00000019)
    .ARM.Collect$$libinit$$0000001B          0x0000014e   Section        0  libinit2.o(.ARM.Collect$$libinit$$0000001B)
    .ARM.Collect$$libinit$$0000001D          0x0000014e   Section        0  libinit2.o(.ARM.Collect$$libinit$$0000001D)
    .ARM.Collect$$libinit$$0000001F          0x0000014e   Section        0  libinit2.o(.ARM.Collect$$libinit$$0000001F)
    .ARM.Collect$$libinit$$00000021          0x0000014e   Section        0  libinit2.o(.ARM.Collect$$libinit$$00000021)
    .ARM.Collect$$libinit$$00000023          0x0000014e   Section        0  libinit2.o(.ARM.Collect$$libinit$$00000023)
    .ARM.Collect$$libinit$$00000025          0x0000014e   Section        0  libinit2.o(.ARM.Collect$$libinit$$00000025)
    .ARM.Collect$$libinit$$0000002C          0x0000014e   Section        0  libinit2.o(.ARM.Collect$$libinit$$0000002C)
    .ARM.Collect$$libinit$$0000002E          0x0000014e   Section        0  libinit2.o(.ARM.Collect$$libinit$$0000002E)
    .ARM.Collect$$libinit$$00000030          0x0000014e   Section        0  libinit2.o(.ARM.Collect$$libinit$$00000030)
    .ARM.Collect$$libinit$$00000032          0x0000014e   Section        0  libinit2.o(.ARM.Collect$$libinit$$00000032)
    .ARM.Collect$$libinit$$00000033          0x0000014e   Section        2  libinit2.o(.ARM.Collect$$libinit$$00000033)
    .ARM.Collect$$libshutdown$$00000000      0x00000150   Section        2  libshutdown.o(.ARM.Collect$$libshutdown$$00000000)
    .ARM.Collect$$libshutdown$$00000002      0x00000152   Section        0  libshutdown2.o(.ARM.Collect$$libshutdown$$00000002)
    .ARM.Collect$$libshutdown$$00000004      0x00000152   Section        0  libshutdown2.o(.ARM.Collect$$libshutdown$$00000004)
    .ARM.Collect$$libshutdown$$00000006      0x00000152   Section        0  libshutdown2.o(.ARM.Collect$$libshutdown$$00000006)
    .ARM.Collect$$libshutdown$$00000009      0x00000152   Section        0  libshutdown2.o(.ARM.Collect$$libshutdown$$00000009)
    .ARM.Collect$$libshutdown$$0000000C      0x00000152   Section        0  libshutdown2.o(.ARM.Collect$$libshutdown$$0000000C)
    .ARM.Collect$$libshutdown$$0000000E      0x00000152   Section        0  libshutdown2.o(.ARM.Collect$$libshutdown$$0000000E)
    .ARM.Collect$$libshutdown$$00000011      0x00000152   Section        0  libshutdown2.o(.ARM.Collect$$libshutdown$$00000011)
    .ARM.Collect$$libshutdown$$00000012      0x00000152   Section        2  libshutdown2.o(.ARM.Collect$$libshutdown$$00000012)
    .ARM.Collect$$rtentry$$00000000          0x00000154   Section        0  __rtentry.o(.ARM.Collect$$rtentry$$00000000)
    .ARM.Collect$$rtentry$$00000002          0x00000154   Section        0  __rtentry2.o(.ARM.Collect$$rtentry$$00000002)
    .ARM.Collect$$rtentry$$00000004          0x00000154   Section        6  __rtentry4.o(.ARM.Collect$$rtentry$$00000004)
    .ARM.Collect$$rtentry$$00000009          0x0000015a   Section        0  __rtentry2.o(.ARM.Collect$$rtentry$$00000009)
    .ARM.Collect$$rtentry$$0000000A          0x0000015a   Section        4  __rtentry2.o(.ARM.Collect$$rtentry$$0000000A)
    .ARM.Collect$$rtentry$$0000000C          0x0000015e   Section        0  __rtentry2.o(.ARM.Collect$$rtentry$$0000000C)
    .ARM.Collect$$rtentry$$0000000D          0x0000015e   Section        8  __rtentry2.o(.ARM.Collect$$rtentry$$0000000D)
    .ARM.Collect$$rtexit$$00000000           0x00000166   Section        2  rtexit.o(.ARM.Collect$$rtexit$$00000000)
    .ARM.Collect$$rtexit$$00000002           0x00000168   Section        0  rtexit2.o(.ARM.Collect$$rtexit$$00000002)
    .ARM.Collect$$rtexit$$00000003           0x00000168   Section        4  rtexit2.o(.ARM.Collect$$rtexit$$00000003)
    .ARM.Collect$$rtexit$$00000004           0x0000016c   Section        6  rtexit2.o(.ARM.Collect$$rtexit$$00000004)
    .text                                    0x00000174   Section      132  startup_mke02z4.o(.text)
    .text                                    0x000001f8   Section        0  llmul.o(.text)
    .text                                    0x00000228   Section        0  lludiv.o(.text)
    .text                                    0x0000032c   Section        0  noretval__2sprintf.o(.text)
    .text                                    0x00000354   Section        0  _printf_pad.o(.text)
    .text                                    0x000003a4   Section        0  strlen.o(.text)
    .text                                    0x000003e8   Section        0  heapauxi.o(.text)
    .text                                    0x000003ee   Section        0  _sputc.o(.text)
    .text                                    0x000003f8   Section        8  libspace.o(.text)
    .ARM.__at_0x400                          0x00000400   Section       16  startup_mke02z4.o(.ARM.__at_0x400)
    .text                                    0x00000410   Section        0  _printf_dec.o(.text)
    .text                                    0x0000047c   Section        0  __printf_flags_ss_wp.o(.text)
    .text                                    0x00000604   Section      346  aeabi_sdiv.o(.text)
    .text                                    0x0000075e   Section        0  _printf_intcommon.o(.text)
    .text                                    0x00000810   Section        0  _printf_char_common.o(.text)
    _printf_input_char                       0x00000811   Thumb Code    10  _printf_char_common.o(.text)
    .text                                    0x00000840   Section        0  rtudiv10.o(.text)
    .text                                    0x00000868   Section       62  sys_stackheap_outer.o(.text)
    .text                                    0x000008a6   Section        0  exit.o(.text)
    .text                                    0x000008b8   Section        0  sys_exit.o(.text)
    .text                                    0x000008c4   Section        2  use_no_semi.o(.text)
    .text                                    0x000008c6   Section        0  indicate_semi.o(.text)
    i.Delay                                  0x000008c8   Section        0  main.o(i.Delay)
    i.Display_control_Off                    0x000008ec   Section        0  i2c.o(i.Display_control_Off)
    i.Display_control_On                     0x00000902   Section        0  i2c.o(i.Display_control_On)
    i.FLASH_EraseSector                      0x00000918   Section        0  flash.o(i.FLASH_EraseSector)
    i.FLASH_Init                             0x000009a8   Section        0  flash.o(i.FLASH_Init)
    i.FLASH_LaunchCMD                        0x00000a3c   Section        0  flash.o(i.FLASH_LaunchCMD)
    i.FLASH_Program1LongWord                 0x00000a6c   Section        0  flash.o(i.FLASH_Program1LongWord)
    i.PW_Validation                          0x00000b18   Section        0  password.o(i.PW_Validation)
    i.Password_StartEntry                    0x00000c70   Section        0  password.o(i.Password_StartEntry)
    i.RTC_IRQHandler                         0x00000c9c   Section        0  main.o(i.RTC_IRQHandler)
    i.SysTick_Handler                        0x00000ce0   Section        0  main.o(i.SysTick_Handler)
    i.SystemCoreClockUpdate                  0x00000cf0   Section        0  system_mke02z4.o(i.SystemCoreClockUpdate)
    i.SystemInit                             0x00000d88   Section        0  system_mke02z4.o(i.SystemInit)
    i.__NVIC_SetPriority                     0x00000dbc   Section        0  main.o(i.__NVIC_SetPriority)
    __NVIC_SetPriority                       0x00000dbd   Thumb Code   110  main.o(i.__NVIC_SetPriority)
    i._is_digit                              0x00000e34   Section        0  __printf_wp.o(i._is_digit)
    i.check_key1_abort                       0x00000e44   Section        0  display_support.o(i.check_key1_abort)
    i.display_current_values                 0x00000f84   Section        0  display_support.o(i.display_current_values)
    i.display_password_masked                0x00001028   Section        0  password.o(i.display_password_masked)
    i.display_pause_time                     0x000010a8   Section        0  display_support.o(i.display_pause_time)
    i.draw_icon                              0x00001110   Section        0  i2c.o(i.draw_icon)
    i.exit_setting_mode                      0x00001150   Section        0  display_support.o(i.exit_setting_mode)
    i.fact_set_check                         0x000011dc   Section        0  display_support.o(i.fact_set_check)
    i.fault_plc_action                       0x000012b0   Section        0  display_support.o(i.fault_plc_action)
    i.flashReadPassword                      0x00001300   Section        0  password.o(i.flashReadPassword)
    i.flashWritePassword                     0x00001340   Section        0  password.o(i.flashWritePassword)
    i.ftm_init                               0x00001388   Section        0  ftm.o(i.ftm_init)
    i.get_pause_minutes                      0x000013ec   Section        0  display_support.o(i.get_pause_minutes)
    i.i2c_add                                0x00001414   Section        0  i2c.o(i.i2c_add)
    i.i2c_data                               0x00001468   Section        0  i2c.o(i.i2c_data)
    i.i2c_int                                0x0000149c   Section        0  i2c.o(i.i2c_int)
    i.i2c_start1                             0x000014d4   Section        0  i2c.o(i.i2c_start1)
    i.i2c_stop                               0x00001510   Section        0  i2c.o(i.i2c_stop)
    i.increment_pt_digit                     0x00001524   Section        0  display_support.o(i.increment_pt_digit)
    i.itrip_indic                            0x0000155c   Section        0  display_support.o(i.itrip_indic)
    i.load_pause_digits                      0x00001580   Section        0  display_support.o(i.load_pause_digits)
    i.low_lvl_indic                          0x000015fc   Section        0  display_support.o(i.low_lvl_indic)
    i.main                                   0x00001650   Section        0  main.o(i.main)
    i.mcu_init                               0x000025c8   Section        0  main.o(i.mcu_init)
    i.next_pt_digit                          0x00002620   Section        0  display_support.o(i.next_pt_digit)
    i.oled_blank                             0x00002654   Section        0  i2c.o(i.oled_blank)
    i.oled_clear_area                        0x00002688   Section        0  i2c.o(i.oled_clear_area)
    i.oled_cmd_1byte                         0x000026ea   Section        0  i2c.o(i.oled_cmd_1byte)
    i.oled_cmd_2byte                         0x00002710   Section        0  i2c.o(i.oled_cmd_2byte)
    i.oled_data                              0x00002742   Section        0  i2c.o(i.oled_data)
    i.oled_init                              0x00002764   Section        0  i2c.o(i.oled_init)
    i.oled_pos                               0x00002840   Section        0  i2c.o(i.oled_pos)
    i.plc_fault_clr                          0x00002868   Section        0  display_support.o(i.plc_fault_clr)
    i.print_char                             0x000028b8   Section        0  i2c.o(i.print_char)
    i.print_string                           0x00002950   Section        0  i2c.o(i.print_string)
    i.pw_reset_check                         0x00002988   Section        0  display_support.o(i.pw_reset_check)
    i.ramp_down                              0x00002a4c   Section        0  ftm.o(i.ramp_down)
    i.ramp_up                                0x00002ae8   Section        0  ftm.o(i.ramp_up)
    i.rtc_init                               0x00002b4c   Section        0  main.o(i.rtc_init)
    i.run_check                              0x00002ba4   Section        0  password.o(i.run_check)
    i.shift_place                            0x00002bd4   Section        0  password.o(i.shift_place)
    i.show_mode                              0x00002be4   Section        0  display_support.o(i.show_mode)
    i.show_mode_flicker                      0x00002c14   Section        0  display_support.o(i.show_mode_flicker)
    i.update_PT_display                      0x00002cac   Section        0  display_support.o(i.update_PT_display)
    i.update_screen                          0x00002df0   Section        0  display_support.o(i.update_screen)
    .constdata                               0x00002e64   Section     7136  i2c.o(.constdata)
    .constdata                               0x00004a44   Section       17  __printf_flags_ss_wp.o(.constdata)
    maptable                                 0x00004a44   Data          17  __printf_flags_ss_wp.o(.constdata)
    .conststring                             0x00004a58   Section       57  main.o(.conststring)
    .data                                    0x1ffffc00   Section      140  main.o(.data)
    .data                                    0x1ffffc8c   Section       19  password.o(.data)
    .data                                    0x1ffffca0   Section       33  display_support.o(.data)
    last_shown_mode                          0x1ffffca0   Data           1  display_support.o(.data)
    last_tick                                0x1ffffcbc   Data           4  display_support.o(.data)
    flicker_state                            0x1ffffcc0   Data           1  display_support.o(.data)
    .data                                    0x1ffffcc4   Section        4  ftm.o(.data)
    .data                                    0x1ffffcc8   Section        4  system_mke02z4.o(.data)
    .bss                                     0x1ffffccc   Section       10  main.o(.bss)
    .bss                                     0x1ffffcd8   Section       96  libspace.o(.bss)
    HEAP                                     0x1ffffd38   Section        0  startup_mke02z4.o(HEAP)
    STACK                                    0x1ffffd38   Section     1024  startup_mke02z4.o(STACK)
    Heap_Mem                                 0x1ffffd38   Data           0  startup_mke02z4.o(HEAP)
    Stack_Mem                                0x1ffffd38   Data        1024  startup_mke02z4.o(STACK)
    __initial_sp                             0x20000138   Data           0  startup_mke02z4.o(STACK)

    Global Symbols

    Symbol Name                              Value     Ov Type        Size  Object(Section)

    BuildAttributes$$THM_ISAv3M$S$PE$A:L22$X:L11$S22$IEEE1$IW$USESV6$~STKCKD$USESV7$~SHL$OSPACE$ROPI$EBA8$UX$STANDARDLIB$REQ8$PRES8$EABIv2 0x00000000   Number         0  anon$$obj.o ABSOLUTE
    __ARM_use_no_argv                        0x00000000   Number         0  main.o ABSOLUTE
    __Vectors                                0x00000000   Data           4  startup_mke02z4.o(RESET)
    _printf_flags                            0x00000000   Number         0  printf_stubs.o ABSOLUTE
    _printf_return_value                     0x00000000   Number         0  printf_stubs.o ABSOLUTE
    _printf_sizespec                         0x00000000   Number         0  printf_stubs.o ABSOLUTE
    _printf_widthprec                        0x00000000   Number         0  printf_stubs.o ABSOLUTE
    __ARM_exceptions_init                     - Undefined Weak Reference
    __alloca_initialize                       - Undefined Weak Reference
    __arm_fini_                               - Undefined Weak Reference
    __arm_preinit_                            - Undefined Weak Reference
    __cpp_initialize__aeabi_                  - Undefined Weak Reference
    __cxa_finalize                            - Undefined Weak Reference
    __rt_locale                               - Undefined Weak Reference
    __sigvec_lookup                           - Undefined Weak Reference
    _atexit_init                              - Undefined Weak Reference
    _call_atexit_fns                          - Undefined Weak Reference
    _clock_init                               - Undefined Weak Reference
    _fp_trap_init                             - Undefined Weak Reference
    _fp_trap_shutdown                         - Undefined Weak Reference
    _get_lc_collate                           - Undefined Weak Reference
    _get_lc_ctype                             - Undefined Weak Reference
    _get_lc_monetary                          - Undefined Weak Reference
    _get_lc_numeric                           - Undefined Weak Reference
    _get_lc_time                              - Undefined Weak Reference
    _getenv_init                              - Undefined Weak Reference
    _handle_redirection                       - Undefined Weak Reference
    _init_alloc                               - Undefined Weak Reference
    _init_user_alloc                          - Undefined Weak Reference
    _initio                                   - Undefined Weak Reference
    _printf_truncate_signed                   - Undefined Weak Reference
    _printf_truncate_unsigned                 - Undefined Weak Reference
    _rand_init                                - Undefined Weak Reference
    _signal_finish                            - Undefined Weak Reference
    _signal_init                              - Undefined Weak Reference
    _terminate_alloc                          - Undefined Weak Reference
    _terminate_user_alloc                     - Undefined Weak Reference
    _terminateio                              - Undefined Weak Reference
    __Vectors_End                            0x000000c0   Data           0  startup_mke02z4.o(RESET)
    __Vectors_Size                           0x000000c0   Number         0  startup_mke02z4.o ABSOLUTE
    __main                                   0x000000c1   Thumb Code     8  __main.o(!!!main)
    __scatterload                            0x000000c9   Thumb Code     0  __scatter.o(!!!scatter)
    __scatterload_rt2                        0x000000c9   Thumb Code    52  __scatter.o(!!!scatter)
    __scatterload_rt2_thumb_only             0x000000c9   Thumb Code     0  __scatter.o(!!!scatter)
    __scatterload_null                       0x000000d9   Thumb Code     0  __scatter.o(!!!scatter)
    __scatterload_copy                       0x00000105   Thumb Code    26  __scatter_copy.o(!!handler_copy)
    __scatterload_zeroinit                   0x00000121   Thumb Code    28  __scatter_zi.o(!!handler_zi)
    _printf_percent                          0x0000013d   Thumb Code     0  _printf_percent.o(.ARM.Collect$$_printf_percent$$00000000)
    _printf_d                                0x0000013f   Thumb Code     0  _printf_d.o(.ARM.Collect$$_printf_percent$$00000009)
    _printf_percent_end                      0x00000149   Thumb Code     0  _printf_percent_end.o(.ARM.Collect$$_printf_percent$$00000017)
    __rt_lib_init                            0x0000014d   Thumb Code     0  libinit.o(.ARM.Collect$$libinit$$00000000)
    __rt_lib_init_alloca_1                   0x0000014f   Thumb Code     0  libinit2.o(.ARM.Collect$$libinit$$0000002E)
    __rt_lib_init_argv_1                     0x0000014f   Thumb Code     0  libinit2.o(.ARM.Collect$$libinit$$0000002C)
    __rt_lib_init_atexit_1                   0x0000014f   Thumb Code     0  libinit2.o(.ARM.Collect$$libinit$$0000001B)
    __rt_lib_init_clock_1                    0x0000014f   Thumb Code     0  libinit2.o(.ARM.Collect$$libinit$$00000021)
    __rt_lib_init_cpp_1                      0x0000014f   Thumb Code     0  libinit2.o(.ARM.Collect$$libinit$$00000032)
    __rt_lib_init_exceptions_1               0x0000014f   Thumb Code     0  libinit2.o(.ARM.Collect$$libinit$$00000030)
    __rt_lib_init_fp_1                       0x0000014f   Thumb Code     0  libinit2.o(.ARM.Collect$$libinit$$00000002)
    __rt_lib_init_fp_trap_1                  0x0000014f   Thumb Code     0  libinit2.o(.ARM.Collect$$libinit$$0000001F)
    __rt_lib_init_getenv_1                   0x0000014f   Thumb Code     0  libinit2.o(.ARM.Collect$$libinit$$00000023)
    __rt_lib_init_heap_1                     0x0000014f   Thumb Code     0  libinit2.o(.ARM.Collect$$libinit$$0000000A)
    __rt_lib_init_lc_collate_1               0x0000014f   Thumb Code     0  libinit2.o(.ARM.Collect$$libinit$$00000011)
    __rt_lib_init_lc_ctype_1                 0x0000014f   Thumb Code     0  libinit2.o(.ARM.Collect$$libinit$$00000013)
    __rt_lib_init_lc_monetary_1              0x0000014f   Thumb Code     0  libinit2.o(.ARM.Collect$$libinit$$00000015)
    __rt_lib_init_lc_numeric_1               0x0000014f   Thumb Code     0  libinit2.o(.ARM.Collect$$libinit$$00000017)
    __rt_lib_init_lc_time_1                  0x0000014f   Thumb Code     0  libinit2.o(.ARM.Collect$$libinit$$00000019)
    __rt_lib_init_preinit_1                  0x0000014f   Thumb Code     0  libinit2.o(.ARM.Collect$$libinit$$00000004)
    __rt_lib_init_rand_1                     0x0000014f   Thumb Code     0  libinit2.o(.ARM.Collect$$libinit$$0000000E)
    __rt_lib_init_return                     0x0000014f   Thumb Code     0  libinit2.o(.ARM.Collect$$libinit$$00000033)
    __rt_lib_init_signal_1                   0x0000014f   Thumb Code     0  libinit2.o(.ARM.Collect$$libinit$$0000001D)
    __rt_lib_init_stdio_1                    0x0000014f   Thumb Code     0  libinit2.o(.ARM.Collect$$libinit$$00000025)
    __rt_lib_init_user_alloc_1               0x0000014f   Thumb Code     0  libinit2.o(.ARM.Collect$$libinit$$0000000C)
    __rt_lib_shutdown                        0x00000151   Thumb Code     0  libshutdown.o(.ARM.Collect$$libshutdown$$00000000)
    __rt_lib_shutdown_cpp_1                  0x00000153   Thumb Code     0  libshutdown2.o(.ARM.Collect$$libshutdown$$00000004)
    __rt_lib_shutdown_fini_1                 0x00000153   Thumb Code     0  libshutdown2.o(.ARM.Collect$$libshutdown$$00000002)
    __rt_lib_shutdown_fp_trap_1              0x00000153   Thumb Code     0  libshutdown2.o(.ARM.Collect$$libshutdown$$00000009)
    __rt_lib_shutdown_heap_1                 0x00000153   Thumb Code     0  libshutdown2.o(.ARM.Collect$$libshutdown$$00000011)
    __rt_lib_shutdown_return                 0x00000153   Thumb Code     0  libshutdown2.o(.ARM.Collect$$libshutdown$$00000012)
    __rt_lib_shutdown_signal_1               0x00000153   Thumb Code     0  libshutdown2.o(.ARM.Collect$$libshutdown$$0000000C)
    __rt_lib_shutdown_stdio_1                0x00000153   Thumb Code     0  libshutdown2.o(.ARM.Collect$$libshutdown$$00000006)
    __rt_lib_shutdown_user_alloc_1           0x00000153   Thumb Code     0  libshutdown2.o(.ARM.Collect$$libshutdown$$0000000E)
    __rt_entry                               0x00000155   Thumb Code     0  __rtentry.o(.ARM.Collect$$rtentry$$00000000)
    __rt_entry_presh_1                       0x00000155   Thumb Code     0  __rtentry2.o(.ARM.Collect$$rtentry$$00000002)
    __rt_entry_sh                            0x00000155   Thumb Code     0  __rtentry4.o(.ARM.Collect$$rtentry$$00000004)
    __rt_entry_li                            0x0000015b   Thumb Code     0  __rtentry2.o(.ARM.Collect$$rtentry$$0000000A)
    __rt_entry_postsh_1                      0x0000015b   Thumb Code     0  __rtentry2.o(.ARM.Collect$$rtentry$$00000009)
    __rt_entry_main                          0x0000015f   Thumb Code     0  __rtentry2.o(.ARM.Collect$$rtentry$$0000000D)
    __rt_entry_postli_1                      0x0000015f   Thumb Code     0  __rtentry2.o(.ARM.Collect$$rtentry$$0000000C)
    __rt_exit                                0x00000167   Thumb Code     0  rtexit.o(.ARM.Collect$$rtexit$$00000000)
    __rt_exit_ls                             0x00000169   Thumb Code     0  rtexit2.o(.ARM.Collect$$rtexit$$00000003)
    __rt_exit_prels_1                        0x00000169   Thumb Code     0  rtexit2.o(.ARM.Collect$$rtexit$$00000002)
    __rt_exit_exit                           0x0000016d   Thumb Code     0  rtexit2.o(.ARM.Collect$$rtexit$$00000004)
    Reset_Handler                            0x00000175   Thumb Code    24  startup_mke02z4.o(.text)
    NMI_Handler                              0x0000018d   Thumb Code     2  startup_mke02z4.o(.text)
    HardFault_Handler                        0x0000018f   Thumb Code     2  startup_mke02z4.o(.text)
    SVC_Handler                              0x00000191   Thumb Code     2  startup_mke02z4.o(.text)
    PendSV_Handler                           0x00000193   Thumb Code     2  startup_mke02z4.o(.text)
    I2C0_IRQHandler                          0x00000197   Thumb Code     4  startup_mke02z4.o(.text)
    SPI0_IRQHandler                          0x0000019b   Thumb Code     4  startup_mke02z4.o(.text)
    SPI1_IRQHandler                          0x0000019f   Thumb Code     4  startup_mke02z4.o(.text)
    UART0_IRQHandler                         0x000001a3   Thumb Code     4  startup_mke02z4.o(.text)
    UART1_IRQHandler                         0x000001a7   Thumb Code     4  startup_mke02z4.o(.text)
    UART2_IRQHandler                         0x000001ab   Thumb Code     4  startup_mke02z4.o(.text)
    ACMP0_IRQHandler                         0x000001af   Thumb Code     0  startup_mke02z4.o(.text)
    ACMP1_IRQHandler                         0x000001af   Thumb Code     0  startup_mke02z4.o(.text)
    ADC_IRQHandler                           0x000001af   Thumb Code     0  startup_mke02z4.o(.text)
    DefaultISR                               0x000001af   Thumb Code     0  startup_mke02z4.o(.text)
    FTM0_IRQHandler                          0x000001af   Thumb Code     0  startup_mke02z4.o(.text)
    FTM1_IRQHandler                          0x000001af   Thumb Code     0  startup_mke02z4.o(.text)
    FTM2_IRQHandler                          0x000001af   Thumb Code     0  startup_mke02z4.o(.text)
    FTMRH_IRQHandler                         0x000001af   Thumb Code     0  startup_mke02z4.o(.text)
    I2C0_DriverIRQHandler                    0x000001af   Thumb Code     0  startup_mke02z4.o(.text)
    ICS_IRQHandler                           0x000001af   Thumb Code     0  startup_mke02z4.o(.text)
    IRQ_IRQHandler                           0x000001af   Thumb Code     0  startup_mke02z4.o(.text)
    KBI0_IRQHandler                          0x000001af   Thumb Code     0  startup_mke02z4.o(.text)
    KBI1_IRQHandler                          0x000001af   Thumb Code     0  startup_mke02z4.o(.text)
    PIT_CH0_IRQHandler                       0x000001af   Thumb Code     0  startup_mke02z4.o(.text)
    PIT_CH1_IRQHandler                       0x000001af   Thumb Code     0  startup_mke02z4.o(.text)
    PMC_IRQHandler                           0x000001af   Thumb Code     0  startup_mke02z4.o(.text)
    Reserved16_IRQHandler                    0x000001af   Thumb Code     0  startup_mke02z4.o(.text)
    Reserved17_IRQHandler                    0x000001af   Thumb Code     0  startup_mke02z4.o(.text)
    Reserved18_IRQHandler                    0x000001af   Thumb Code     0  startup_mke02z4.o(.text)
    Reserved19_IRQHandler                    0x000001af   Thumb Code     0  startup_mke02z4.o(.text)
    Reserved20_IRQHandler                    0x000001af   Thumb Code     0  startup_mke02z4.o(.text)
    Reserved25_IRQHandler                    0x000001af   Thumb Code     0  startup_mke02z4.o(.text)
    Reserved42_IRQHandler                    0x000001af   Thumb Code     0  startup_mke02z4.o(.text)
    Reserved45_IRQHandler                    0x000001af   Thumb Code     0  startup_mke02z4.o(.text)
    Reserved46_IRQHandler                    0x000001af   Thumb Code     0  startup_mke02z4.o(.text)
    Reserved47_IRQHandler                    0x000001af   Thumb Code     0  startup_mke02z4.o(.text)
    SPI0_DriverIRQHandler                    0x000001af   Thumb Code     0  startup_mke02z4.o(.text)
    SPI1_DriverIRQHandler                    0x000001af   Thumb Code     0  startup_mke02z4.o(.text)
    UART0_DriverIRQHandler                   0x000001af   Thumb Code     0  startup_mke02z4.o(.text)
    UART1_DriverIRQHandler                   0x000001af   Thumb Code     0  startup_mke02z4.o(.text)
    UART2_DriverIRQHandler                   0x000001af   Thumb Code     0  startup_mke02z4.o(.text)
    WDOG_IRQHandler                          0x000001af   Thumb Code     0  startup_mke02z4.o(.text)
    __user_initial_stackheap                 0x000001b5   Thumb Code     0  startup_mke02z4.o(.text)
    __aeabi_lmul                             0x000001f9   Thumb Code    48  llmul.o(.text)
    _ll_mul                                  0x000001f9   Thumb Code     0  llmul.o(.text)
    __aeabi_uldivmod                         0x00000229   Thumb Code   258  lludiv.o(.text)
    _ll_udiv                                 0x00000229   Thumb Code     0  lludiv.o(.text)
    __2sprintf                               0x0000032d   Thumb Code    36  noretval__2sprintf.o(.text)
    _printf_pre_padding                      0x00000355   Thumb Code    44  _printf_pad.o(.text)
    _printf_post_padding                     0x00000381   Thumb Code    34  _printf_pad.o(.text)
    strlen                                   0x000003a5   Thumb Code    62  strlen.o(.text)
    __use_two_region_memory                  0x000003e9   Thumb Code     2  heapauxi.o(.text)
    __rt_heap_escrow$2region                 0x000003eb   Thumb Code     2  heapauxi.o(.text)
    __rt_heap_expand$2region                 0x000003ed   Thumb Code     2  heapauxi.o(.text)
    _sputc                                   0x000003ef   Thumb Code    10  _sputc.o(.text)
    __user_libspace                          0x000003f9   Thumb Code     8  libspace.o(.text)
    __user_perproc_libspace                  0x000003f9   Thumb Code     0  libspace.o(.text)
    __user_perthread_libspace                0x000003f9   Thumb Code     0  libspace.o(.text)
    _printf_int_dec                          0x00000411   Thumb Code    90  _printf_dec.o(.text)
    __printf                                 0x0000047d   Thumb Code   386  __printf_flags_ss_wp.o(.text)
    __aeabi_uidiv                            0x00000605   Thumb Code     0  aeabi_sdiv.o(.text)
    __aeabi_uidivmod                         0x00000605   Thumb Code    20  aeabi_sdiv.o(.text)
    __aeabi_idiv                             0x00000619   Thumb Code     0  aeabi_sdiv.o(.text)
    __aeabi_idivmod                          0x00000619   Thumb Code   326  aeabi_sdiv.o(.text)
    _printf_int_common                       0x0000075f   Thumb Code   176  _printf_intcommon.o(.text)
    _printf_char_common                      0x0000081b   Thumb Code    32  _printf_char_common.o(.text)
    __rt_udiv10                              0x00000841   Thumb Code    40  rtudiv10.o(.text)
    __user_setup_stackheap                   0x00000869   Thumb Code    62  sys_stackheap_outer.o(.text)
    exit                                     0x000008a7   Thumb Code    16  exit.o(.text)
    _sys_exit                                0x000008b9   Thumb Code     8  sys_exit.o(.text)
    __I$use$semihosting                      0x000008c5   Thumb Code     0  use_no_semi.o(.text)
    __use_no_semihosting_swi                 0x000008c5   Thumb Code     2  use_no_semi.o(.text)
    __semihosting_library_function           0x000008c7   Thumb Code     0  indicate_semi.o(.text)
    Delay                                    0x000008c9   Thumb Code    26  main.o(i.Delay)
    Display_control_Off                      0x000008ed   Thumb Code    22  i2c.o(i.Display_control_Off)
    Display_control_On                       0x00000903   Thumb Code    22  i2c.o(i.Display_control_On)
    FLASH_EraseSector                        0x00000919   Thumb Code   134  flash.o(i.FLASH_EraseSector)
    FLASH_Init                               0x000009a9   Thumb Code   134  flash.o(i.FLASH_Init)
    FLASH_LaunchCMD                          0x00000a3d   Thumb Code    40  flash.o(i.FLASH_LaunchCMD)
    FLASH_Program1LongWord                   0x00000a6d   Thumb Code   162  flash.o(i.FLASH_Program1LongWord)
    PW_Validation                            0x00000b19   Thumb Code   266  password.o(i.PW_Validation)
    Password_StartEntry                      0x00000c71   Thumb Code    32  password.o(i.Password_StartEntry)
    RTC_IRQHandler                           0x00000c9d   Thumb Code    52  main.o(i.RTC_IRQHandler)
    SysTick_Handler                          0x00000ce1   Thumb Code    12  main.o(i.SysTick_Handler)
    SystemCoreClockUpdate                    0x00000cf1   Thumb Code   134  system_mke02z4.o(i.SystemCoreClockUpdate)
    SystemInit                               0x00000d89   Thumb Code    40  system_mke02z4.o(i.SystemInit)
    _is_digit                                0x00000e35   Thumb Code    14  __printf_wp.o(i._is_digit)
    check_key1_abort                         0x00000e45   Thumb Code   260  display_support.o(i.check_key1_abort)
    display_current_values                   0x00000f85   Thumb Code   118  display_support.o(i.display_current_values)
    display_password_masked                  0x00001029   Thumb Code   106  password.o(i.display_password_masked)
    display_pause_time                       0x000010a9   Thumb Code    86  display_support.o(i.display_pause_time)
    draw_icon                                0x00001111   Thumb Code    62  i2c.o(i.draw_icon)
    exit_setting_mode                        0x00001151   Thumb Code   116  display_support.o(i.exit_setting_mode)
    fact_set_check                           0x000011dd   Thumb Code   158  display_support.o(i.fact_set_check)
    fault_plc_action                         0x000012b1   Thumb Code    72  display_support.o(i.fault_plc_action)
    flashReadPassword                        0x00001301   Thumb Code    52  password.o(i.flashReadPassword)
    flashWritePassword                       0x00001341   Thumb Code    58  password.o(i.flashWritePassword)
    ftm_init                                 0x00001389   Thumb Code    90  ftm.o(i.ftm_init)
    get_pause_minutes                        0x000013ed   Thumb Code    36  display_support.o(i.get_pause_minutes)
    i2c_add                                  0x00001415   Thumb Code    78  i2c.o(i.i2c_add)
    i2c_data                                 0x00001469   Thumb Code    48  i2c.o(i.i2c_data)
    i2c_int                                  0x0000149d   Thumb Code    48  i2c.o(i.i2c_int)
    i2c_start1                               0x000014d5   Thumb Code    54  i2c.o(i.i2c_start1)
    i2c_stop                                 0x00001511   Thumb Code    14  i2c.o(i.i2c_stop)
    increment_pt_digit                       0x00001525   Thumb Code    48  display_support.o(i.increment_pt_digit)
    itrip_indic                              0x0000155d   Thumb Code    28  display_support.o(i.itrip_indic)
    load_pause_digits                        0x00001581   Thumb Code   114  display_support.o(i.load_pause_digits)
    low_lvl_indic                            0x000015fd   Thumb Code    76  display_support.o(i.low_lvl_indic)
    main                                     0x00001651   Thumb Code  3882  main.o(i.main)
    mcu_init                                 0x000025c9   Thumb Code    62  main.o(i.mcu_init)
    next_pt_digit                            0x00002621   Thumb Code    42  display_support.o(i.next_pt_digit)
    oled_blank                               0x00002655   Thumb Code    52  i2c.o(i.oled_blank)
    oled_clear_area                          0x00002689   Thumb Code    98  i2c.o(i.oled_clear_area)
    oled_cmd_1byte                           0x000026eb   Thumb Code    38  i2c.o(i.oled_cmd_1byte)
    oled_cmd_2byte                           0x00002711   Thumb Code    50  i2c.o(i.oled_cmd_2byte)
    oled_data                                0x00002743   Thumb Code    34  i2c.o(i.oled_data)
    oled_init                                0x00002765   Thumb Code   194  i2c.o(i.oled_init)
    oled_pos                                 0x00002841   Thumb Code    38  i2c.o(i.oled_pos)
    plc_fault_clr                            0x00002869   Thumb Code    72  display_support.o(i.plc_fault_clr)
    print_char                               0x000028b9   Thumb Code   146  i2c.o(i.print_char)
    print_string                             0x00002951   Thumb Code    54  i2c.o(i.print_string)
    pw_reset_check                           0x00002989   Thumb Code   148  display_support.o(i.pw_reset_check)
    ramp_down                                0x00002a4d   Thumb Code   142  ftm.o(i.ramp_down)
    ramp_up                                  0x00002ae9   Thumb Code    90  ftm.o(i.ramp_up)
    rtc_init                                 0x00002b4d   Thumb Code    72  main.o(i.rtc_init)
    run_check                                0x00002ba5   Thumb Code    40  password.o(i.run_check)
    shift_place                              0x00002bd5   Thumb Code    12  password.o(i.shift_place)
    show_mode                                0x00002be5   Thumb Code    44  display_support.o(i.show_mode)
    show_mode_flicker                        0x00002c15   Thumb Code   136  display_support.o(i.show_mode_flicker)
    update_PT_display                        0x00002cad   Thumb Code   296  display_support.o(i.update_PT_display)
    update_screen                            0x00002df1   Thumb Code    88  display_support.o(i.update_screen)
    hom                                      0x00002e64   Data         128  i2c.o(.constdata)
    ASCII_16                                 0x00002ee4   Data        7008  i2c.o(.constdata)
    Region$$Table$$Base                      0x00004a94   Number         0  anon$$obj.o(Region$$Table)
    Region$$Table$$Limit                     0x00004ab4   Number         0  anon$$obj.o(Region$$Table)
    digit                                    0x1ffffc00   Data           1  main.o(.data)
    enter_mode                               0x1ffffc01   Data           1  main.o(.data)
    fact_sel_mode                            0x1ffffc02   Data           1  main.o(.data)
    opt_mode                                 0x1ffffc03   Data           1  main.o(.data)
    digit_active                             0x1ffffc04   Data           1  main.o(.data)
    Pressure_release                         0x1ffffc05   Data           1  main.o(.data)
    last_cycle                               0x1ffffc06   Data           1  main.o(.data)
    LOW_LVL_FLAG                             0x1ffffc07   Data           1  main.o(.data)
    TRIP_FLAG                                0x1ffffc08   Data           1  main.o(.data)
    update_flag                              0x1ffffc09   Data           1  main.o(.data)
    plc_flag                                 0x1ffffc0a   Data           1  main.o(.data)
    plc_stop_flag                            0x1ffffc0b   Data           1  main.o(.data)
    sensor_flag                              0x1ffffc0c   Data           1  main.o(.data)
    dualMode                                 0x1ffffc0d   Data           1  main.o(.data)
    plc                                      0x1ffffc0e   Data           1  main.o(.data)
    pre_fact_sel                             0x1ffffc0f   Data           1  main.o(.data)
    last_shown_mode                          0x1ffffc10   Data           1  main.o(.data)
    flicker_state                            0x1ffffc11   Data           1  main.o(.data)
    disp_mode                                0x1ffffc12   Data           1  main.o(.data)
    mode_table                               0x1ffffc14   Data          64  main.o(.data)
    stroke                                   0x1ffffc54   Data           1  main.o(.data)
    stroke_completed                         0x1ffffc55   Data           1  main.o(.data)
    set_stroke                               0x1ffffc56   Data           1  main.o(.data)
    pause_time                               0x1ffffc58   Data           8  main.o(.data)
    PauseTime                                0x1ffffc60   Data           8  main.o(.data)
    RemainingSeconds                         0x1ffffc68   Data           8  main.o(.data)
    timer                                    0x1ffffc70   Data           8  main.o(.data)
    speed                                    0x1ffffc78   Data           2  main.o(.data)
    s_delay                                  0x1ffffc7c   Data           4  main.o(.data)
    sel_mode                                 0x1ffffc80   Data           1  main.o(.data)
    run                                      0x1ffffc81   Data           1  main.o(.data)
    msTicks                                  0x1ffffc84   Data           4  main.o(.data)
    curTicks                                 0x1ffffc88   Data           4  main.o(.data)
    entered                                  0x1ffffc8c   Data           4  password.o(.data)
    password_created                         0x1ffffc90   Data           1  password.o(.data)
    cur_index                                0x1ffffc91   Data           1  password.o(.data)
    j                                        0x1ffffc94   Data           4  password.o(.data)
    blink_state                              0x1ffffc98   Data           1  password.o(.data)
    show_cursor                              0x1ffffc99   Data           1  password.o(.data)
    saved_password                           0x1ffffc9a   Data           4  password.o(.data)
    reset                                    0x1ffffc9e   Data           1  password.o(.data)
    initialized                              0x1ffffca1   Data           1  display_support.o(.data)
    display                                  0x1ffffca2   Data           1  display_support.o(.data)
    pt_digits                                0x1ffffca3   Data           4  display_support.o(.data)
    pt_index                                 0x1ffffca7   Data           1  display_support.o(.data)
    blink_state1                             0x1ffffca8   Data           1  display_support.o(.data)
    last_blink_tick                          0x1ffffcac   Data           4  display_support.o(.data)
    cur_val                                  0x1ffffcb0   Data           4  display_support.o(.data)
    key_delay                                0x1ffffcb4   Data           2  display_support.o(.data)
    old_h                                    0x1ffffcb6   Data           1  display_support.o(.data)
    old_m                                    0x1ffffcb7   Data           1  display_support.o(.data)
    old_s                                    0x1ffffcb8   Data           1  display_support.o(.data)
    last_mode                                0x1ffffcb9   Data           1  display_support.o(.data)
    pwm                                      0x1ffffcc4   Data           4  ftm.o(.data)
    SystemCoreClock                          0x1ffffcc8   Data           4  system_mke02z4.o(.data)
    dis_str                                  0x1ffffccc   Data          10  main.o(.bss)
    __libspace_start                         0x1ffffcd8   Data          96  libspace.o(.bss)
    __temporary_stack_top$libspace           0x1ffffd38   Data           0  libspace.o(.bss)



==============================================================================

Memory Map of the image

  Image Entry point : 0x00000175

  Load Region LR_1 (Base: 0x00000000, Size: 0x00004b80, Max: 0xffffffff, ABSOLUTE)

    Execution Region ER_RO (Exec base: 0x00000000, Load base: 0x00000000, Size: 0x00004ab4, Max: 0xffffffff, ABSOLUTE)

    Exec Addr    Load Addr    Size         Type   Attr      Idx    E Section Name        Object

    0x00000000   0x00000000   0x000000c0   Data   RO          632    RESET               startup_mke02z4.o
    0x000000c0   0x000000c0   0x00000008   Code   RO          718  * !!!main             c_p.l(__main.o)
    0x000000c8   0x000000c8   0x0000003c   Code   RO          904    !!!scatter          c_p.l(__scatter.o)
    0x00000104   0x00000104   0x0000001a   Code   RO          906    !!handler_copy      c_p.l(__scatter_copy.o)
    0x0000011e   0x0000011e   0x00000002   PAD
    0x00000120   0x00000120   0x0000001c   Code   RO          908    !!handler_zi        c_p.l(__scatter_zi.o)
    0x0000013c   0x0000013c   0x00000002   Code   RO          709    .ARM.Collect$$_printf_percent$$00000000  c_p.l(_printf_percent.o)
    0x0000013e   0x0000013e   0x0000000a   Code   RO          708    .ARM.Collect$$_printf_percent$$00000009  c_p.l(_printf_d.o)
    0x00000148   0x00000148   0x00000004   Code   RO          735    .ARM.Collect$$_printf_percent$$00000017  c_p.l(_printf_percent_end.o)
    0x0000014c   0x0000014c   0x00000002   Code   RO          771    .ARM.Collect$$libinit$$00000000  c_p.l(libinit.o)
    0x0000014e   0x0000014e   0x00000000   Code   RO          785    .ARM.Collect$$libinit$$00000002  c_p.l(libinit2.o)
    0x0000014e   0x0000014e   0x00000000   Code   RO          787    .ARM.Collect$$libinit$$00000004  c_p.l(libinit2.o)
    0x0000014e   0x0000014e   0x00000000   Code   RO          790    .ARM.Collect$$libinit$$0000000A  c_p.l(libinit2.o)
    0x0000014e   0x0000014e   0x00000000   Code   RO          792    .ARM.Collect$$libinit$$0000000C  c_p.l(libinit2.o)
    0x0000014e   0x0000014e   0x00000000   Code   RO          794    .ARM.Collect$$libinit$$0000000E  c_p.l(libinit2.o)
    0x0000014e   0x0000014e   0x00000000   Code   RO          797    .ARM.Collect$$libinit$$00000011  c_p.l(libinit2.o)
    0x0000014e   0x0000014e   0x00000000   Code   RO          799    .ARM.Collect$$libinit$$00000013  c_p.l(libinit2.o)
    0x0000014e   0x0000014e   0x00000000   Code   RO          801    .ARM.Collect$$libinit$$00000015  c_p.l(libinit2.o)
    0x0000014e   0x0000014e   0x00000000   Code   RO          803    .ARM.Collect$$libinit$$00000017  c_p.l(libinit2.o)
    0x0000014e   0x0000014e   0x00000000   Code   RO          805    .ARM.Collect$$libinit$$00000019  c_p.l(libinit2.o)
    0x0000014e   0x0000014e   0x00000000   Code   RO          807    .ARM.Collect$$libinit$$0000001B  c_p.l(libinit2.o)
    0x0000014e   0x0000014e   0x00000000   Code   RO          809    .ARM.Collect$$libinit$$0000001D  c_p.l(libinit2.o)
    0x0000014e   0x0000014e   0x00000000   Code   RO          811    .ARM.Collect$$libinit$$0000001F  c_p.l(libinit2.o)
    0x0000014e   0x0000014e   0x00000000   Code   RO          813    .ARM.Collect$$libinit$$00000021  c_p.l(libinit2.o)
    0x0000014e   0x0000014e   0x00000000   Code   RO          815    .ARM.Collect$$libinit$$00000023  c_p.l(libinit2.o)
    0x0000014e   0x0000014e   0x00000000   Code   RO          817    .ARM.Collect$$libinit$$00000025  c_p.l(libinit2.o)
    0x0000014e   0x0000014e   0x00000000   Code   RO          821    .ARM.Collect$$libinit$$0000002C  c_p.l(libinit2.o)
    0x0000014e   0x0000014e   0x00000000   Code   RO          823    .ARM.Collect$$libinit$$0000002E  c_p.l(libinit2.o)
    0x0000014e   0x0000014e   0x00000000   Code   RO          825    .ARM.Collect$$libinit$$00000030  c_p.l(libinit2.o)
    0x0000014e   0x0000014e   0x00000000   Code   RO          827    .ARM.Collect$$libinit$$00000032  c_p.l(libinit2.o)
    0x0000014e   0x0000014e   0x00000002   Code   RO          828    .ARM.Collect$$libinit$$00000033  c_p.l(libinit2.o)
    0x00000150   0x00000150   0x00000002   Code   RO          859    .ARM.Collect$$libshutdown$$00000000  c_p.l(libshutdown.o)
    0x00000152   0x00000152   0x00000000   Code   RO          885    .ARM.Collect$$libshutdown$$00000002  c_p.l(libshutdown2.o)
    0x00000152   0x00000152   0x00000000   Code   RO          887    .ARM.Collect$$libshutdown$$00000004  c_p.l(libshutdown2.o)
    0x00000152   0x00000152   0x00000000   Code   RO          889    .ARM.Collect$$libshutdown$$00000006  c_p.l(libshutdown2.o)
    0x00000152   0x00000152   0x00000000   Code   RO          892    .ARM.Collect$$libshutdown$$00000009  c_p.l(libshutdown2.o)
    0x00000152   0x00000152   0x00000000   Code   RO          895    .ARM.Collect$$libshutdown$$0000000C  c_p.l(libshutdown2.o)
    0x00000152   0x00000152   0x00000000   Code   RO          897    .ARM.Collect$$libshutdown$$0000000E  c_p.l(libshutdown2.o)
    0x00000152   0x00000152   0x00000000   Code   RO          900    .ARM.Collect$$libshutdown$$00000011  c_p.l(libshutdown2.o)
    0x00000152   0x00000152   0x00000002   Code   RO          901    .ARM.Collect$$libshutdown$$00000012  c_p.l(libshutdown2.o)
    0x00000154   0x00000154   0x00000000   Code   RO          720    .ARM.Collect$$rtentry$$00000000  c_p.l(__rtentry.o)
    0x00000154   0x00000154   0x00000000   Code   RO          739    .ARM.Collect$$rtentry$$00000002  c_p.l(__rtentry2.o)
    0x00000154   0x00000154   0x00000006   Code   RO          751    .ARM.Collect$$rtentry$$00000004  c_p.l(__rtentry4.o)
    0x0000015a   0x0000015a   0x00000000   Code   RO          741    .ARM.Collect$$rtentry$$00000009  c_p.l(__rtentry2.o)
    0x0000015a   0x0000015a   0x00000004   Code   RO          742    .ARM.Collect$$rtentry$$0000000A  c_p.l(__rtentry2.o)
    0x0000015e   0x0000015e   0x00000000   Code   RO          744    .ARM.Collect$$rtentry$$0000000C  c_p.l(__rtentry2.o)
    0x0000015e   0x0000015e   0x00000008   Code   RO          745    .ARM.Collect$$rtentry$$0000000D  c_p.l(__rtentry2.o)
    0x00000166   0x00000166   0x00000002   Code   RO          776    .ARM.Collect$$rtexit$$00000000  c_p.l(rtexit.o)
    0x00000168   0x00000168   0x00000000   Code   RO          832    .ARM.Collect$$rtexit$$00000002  c_p.l(rtexit2.o)
    0x00000168   0x00000168   0x00000004   Code   RO          833    .ARM.Collect$$rtexit$$00000003  c_p.l(rtexit2.o)
    0x0000016c   0x0000016c   0x00000006   Code   RO          834    .ARM.Collect$$rtexit$$00000004  c_p.l(rtexit2.o)
    0x00000172   0x00000172   0x00000002   PAD
    0x00000174   0x00000174   0x00000084   Code   RO          634  * .text               startup_mke02z4.o
    0x000001f8   0x000001f8   0x00000030   Code   RO          674    .text               c_p.l(llmul.o)
    0x00000228   0x00000228   0x00000102   Code   RO          676    .text               c_p.l(lludiv.o)
    0x0000032a   0x0000032a   0x00000002   PAD
    0x0000032c   0x0000032c   0x00000028   Code   RO          680    .text               c_p.l(noretval__2sprintf.o)
    0x00000354   0x00000354   0x0000004e   Code   RO          684    .text               c_p.l(_printf_pad.o)
    0x000003a2   0x000003a2   0x00000002   PAD
    0x000003a4   0x000003a4   0x00000044   Code   RO          710    .text               c_p.l(strlen.o)
    0x000003e8   0x000003e8   0x00000006   Code   RO          716    .text               c_p.l(heapauxi.o)
    0x000003ee   0x000003ee   0x0000000a   Code   RO          733    .text               c_p.l(_sputc.o)
    0x000003f8   0x000003f8   0x00000008   Code   RO          772    .text               c_p.l(libspace.o)
    0x00000400   0x00000400   0x00000010   Code   RO          633    .ARM.__at_0x400     startup_mke02z4.o
    0x00000410   0x00000410   0x0000006c   Code   RO          686    .text               c_p.l(_printf_dec.o)
    0x0000047c   0x0000047c   0x00000188   Code   RO          705    .text               c_p.l(__printf_flags_ss_wp.o)
    0x00000604   0x00000604   0x0000015a   Code   RO          712    .text               c_p.l(aeabi_sdiv.o)
    0x0000075e   0x0000075e   0x000000b0   Code   RO          729    .text               c_p.l(_printf_intcommon.o)
    0x0000080e   0x0000080e   0x00000002   PAD
    0x00000810   0x00000810   0x00000030   Code   RO          731    .text               c_p.l(_printf_char_common.o)
    0x00000840   0x00000840   0x00000028   Code   RO          736    .text               c_p.l(rtudiv10.o)
    0x00000868   0x00000868   0x0000003e   Code   RO          757    .text               c_p.l(sys_stackheap_outer.o)
    0x000008a6   0x000008a6   0x00000010   Code   RO          760    .text               c_p.l(exit.o)
    0x000008b6   0x000008b6   0x00000002   PAD
    0x000008b8   0x000008b8   0x0000000c   Code   RO          829    .text               c_p.l(sys_exit.o)
    0x000008c4   0x000008c4   0x00000002   Code   RO          848    .text               c_p.l(use_no_semi.o)
    0x000008c6   0x000008c6   0x00000000   Code   RO          850    .text               c_p.l(indicate_semi.o)
    0x000008c6   0x000008c6   0x00000002   PAD
    0x000008c8   0x000008c8   0x00000024   Code   RO            3    i.Delay             main.o
    0x000008ec   0x000008ec   0x00000016   Code   RO          122    i.Display_control_Off  i2c.o
    0x00000902   0x00000902   0x00000016   Code   RO          123    i.Display_control_On  i2c.o
    0x00000918   0x00000918   0x00000090   Code   RO          269    i.FLASH_EraseSector  flash.o
    0x000009a8   0x000009a8   0x00000094   Code   RO          273    i.FLASH_Init        flash.o
    0x00000a3c   0x00000a3c   0x00000030   Code   RO          274    i.FLASH_LaunchCMD   flash.o
    0x00000a6c   0x00000a6c   0x000000ac   Code   RO          276    i.FLASH_Program1LongWord  flash.o
    0x00000b18   0x00000b18   0x00000158   Code   RO          393    i.PW_Validation     password.o
    0x00000c70   0x00000c70   0x0000002c   Code   RO          394    i.Password_StartEntry  password.o
    0x00000c9c   0x00000c9c   0x00000044   Code   RO            4    i.RTC_IRQHandler    main.o
    0x00000ce0   0x00000ce0   0x00000010   Code   RO            5    i.SysTick_Handler   main.o
    0x00000cf0   0x00000cf0   0x00000098   Code   RO          642    i.SystemCoreClockUpdate  system_mke02z4.o
    0x00000d88   0x00000d88   0x00000034   Code   RO          643    i.SystemInit        system_mke02z4.o
    0x00000dbc   0x00000dbc   0x00000078   Code   RO            6    i.__NVIC_SetPriority  main.o
    0x00000e34   0x00000e34   0x0000000e   Code   RO          698    i._is_digit         c_p.l(__printf_wp.o)
    0x00000e42   0x00000e42   0x00000002   PAD
    0x00000e44   0x00000e44   0x00000140   Code   RO          461    i.check_key1_abort  display_support.o
    0x00000f84   0x00000f84   0x000000a4   Code   RO          462    i.display_current_values  display_support.o
    0x00001028   0x00001028   0x00000080   Code   RO          395    i.display_password_masked  password.o
    0x000010a8   0x000010a8   0x00000068   Code   RO          463    i.display_pause_time  display_support.o
    0x00001110   0x00001110   0x0000003e   Code   RO          124    i.draw_icon         i2c.o
    0x0000114e   0x0000114e   0x00000002   PAD
    0x00001150   0x00001150   0x0000008c   Code   RO          465    i.exit_setting_mode  display_support.o
    0x000011dc   0x000011dc   0x000000d4   Code   RO          466    i.fact_set_check    display_support.o
    0x000012b0   0x000012b0   0x00000050   Code   RO          467    i.fault_plc_action  display_support.o
    0x00001300   0x00001300   0x00000040   Code   RO          396    i.flashReadPassword  password.o
    0x00001340   0x00001340   0x00000048   Code   RO          397    i.flashWritePassword  password.o
    0x00001388   0x00001388   0x00000064   Code   RO          597    i.ftm_init          ftm.o
    0x000013ec   0x000013ec   0x00000028   Code   RO          468    i.get_pause_minutes  display_support.o
    0x00001414   0x00001414   0x00000054   Code   RO          125    i.i2c_add           i2c.o
    0x00001468   0x00001468   0x00000034   Code   RO          126    i.i2c_data          i2c.o
    0x0000149c   0x0000149c   0x00000038   Code   RO          127    i.i2c_int           i2c.o
    0x000014d4   0x000014d4   0x0000003c   Code   RO          129    i.i2c_start1        i2c.o
    0x00001510   0x00001510   0x00000014   Code   RO          130    i.i2c_stop          i2c.o
    0x00001524   0x00001524   0x00000038   Code   RO          469    i.increment_pt_digit  display_support.o
    0x0000155c   0x0000155c   0x00000024   Code   RO          470    i.itrip_indic       display_support.o
    0x00001580   0x00001580   0x0000007c   Code   RO          471    i.load_pause_digits  display_support.o
    0x000015fc   0x000015fc   0x00000054   Code   RO          472    i.low_lvl_indic     display_support.o
    0x00001650   0x00001650   0x00000f78   Code   RO            7    i.main              main.o
    0x000025c8   0x000025c8   0x00000058   Code   RO            8    i.mcu_init          main.o
    0x00002620   0x00002620   0x00000034   Code   RO          473    i.next_pt_digit     display_support.o
    0x00002654   0x00002654   0x00000034   Code   RO          132    i.oled_blank        i2c.o
    0x00002688   0x00002688   0x00000062   Code   RO          133    i.oled_clear_area   i2c.o
    0x000026ea   0x000026ea   0x00000026   Code   RO          134    i.oled_cmd_1byte    i2c.o
    0x00002710   0x00002710   0x00000032   Code   RO          135    i.oled_cmd_2byte    i2c.o
    0x00002742   0x00002742   0x00000022   Code   RO          136    i.oled_data         i2c.o
    0x00002764   0x00002764   0x000000dc   Code   RO          137    i.oled_init         i2c.o
    0x00002840   0x00002840   0x00000026   Code   RO          138    i.oled_pos          i2c.o
    0x00002866   0x00002866   0x00000002   PAD
    0x00002868   0x00002868   0x00000050   Code   RO          474    i.plc_fault_clr     display_support.o
    0x000028b8   0x000028b8   0x00000098   Code   RO          139    i.print_char        i2c.o
    0x00002950   0x00002950   0x00000036   Code   RO          140    i.print_string      i2c.o
    0x00002986   0x00002986   0x00000002   PAD
    0x00002988   0x00002988   0x000000c4   Code   RO          475    i.pw_reset_check    display_support.o
    0x00002a4c   0x00002a4c   0x0000009c   Code   RO          598    i.ramp_down         ftm.o
    0x00002ae8   0x00002ae8   0x00000064   Code   RO          599    i.ramp_up           ftm.o
    0x00002b4c   0x00002b4c   0x00000058   Code   RO            9    i.rtc_init          main.o
    0x00002ba4   0x00002ba4   0x00000030   Code   RO          398    i.run_check         password.o
    0x00002bd4   0x00002bd4   0x00000010   Code   RO          399    i.shift_place       password.o
    0x00002be4   0x00002be4   0x00000030   Code   RO          476    i.show_mode         display_support.o
    0x00002c14   0x00002c14   0x00000098   Code   RO          477    i.show_mode_flicker  display_support.o
    0x00002cac   0x00002cac   0x00000144   Code   RO          478    i.update_PT_display  display_support.o
    0x00002df0   0x00002df0   0x00000074   Code   RO          479    i.update_screen     display_support.o
    0x00002e64   0x00002e64   0x00001be0   Data   RO          141    .constdata          i2c.o
    0x00004a44   0x00004a44   0x00000011   Data   RO          706    .constdata          c_p.l(__printf_flags_ss_wp.o)
    0x00004a55   0x00004a55   0x00000003   PAD
    0x00004a58   0x00004a58   0x00000039   Data   RO           11    .conststring        main.o
    0x00004a91   0x00004a91   0x00000003   PAD
    0x00004a94   0x00004a94   0x00000020   Data   RO          902    Region$$Table       anon$$obj.o


    Execution Region ER_RW (Exec base: 0x1ffffc00, Load base: 0x00004ab4, Size: 0x000000cc, Max: 0xffffffff, ABSOLUTE)

    Exec Addr    Load Addr    Size         Type   Attr      Idx    E Section Name        Object

    0x1ffffc00   0x00004ab4   0x0000008c   Data   RW           12    .data               main.o
    0x1ffffc8c   0x00004b40   0x00000013   Data   RW          401    .data               password.o
    0x1ffffc9f   0x00004b53   0x00000001   PAD
    0x1ffffca0   0x00004b54   0x00000021   Data   RW          480    .data               display_support.o
    0x1ffffcc1   0x00004b75   0x00000003   PAD
    0x1ffffcc4   0x00004b78   0x00000004   Data   RW          600    .data               ftm.o
    0x1ffffcc8   0x00004b7c   0x00000004   Data   RW          644    .data               system_mke02z4.o


    Execution Region ER_ZI (Exec base: 0x1ffffccc, Load base: 0x00004b80, Size: 0x0000046c, Max: 0xffffffff, ABSOLUTE)

    Exec Addr    Load Addr    Size         Type   Attr      Idx    E Section Name        Object

    0x1ffffccc        -       0x0000000a   Zero   RW           10    .bss                main.o
    0x1ffffcd6   0x00004b80   0x00000002   PAD
    0x1ffffcd8        -       0x00000060   Zero   RW          773    .bss                c_p.l(libspace.o)
    0x1ffffd38        -       0x00000000   Zero   RW          631    HEAP                startup_mke02z4.o
    0x1ffffd38        -       0x00000400   Zero   RW          630    STACK               startup_mke02z4.o


==============================================================================

Image component sizes


      Code (inc. data)   RO Data    RW Data    ZI Data      Debug   Object Name

      2328        390          0         33          0      10435   display_support.o
       512         42          0          0          0       2372   flash.o
       356         34          0          4          0       1699   ftm.o
      1114         62       7136          0          0       9295   i2c.o
      4376        542         57        140         10     132133   main.o
       716        150          0         19          0       3991   password.o
       148         76        192          0       1024       1104   startup_mke02z4.o
       204         30          0          4          0       1303   system_mke02z4.o

    ----------------------------------------------------------------------
      9760       1326       7420        204       1036     162332   Object Totals
         0          0         32          0          0          0   (incl. Generated)
         6          0          3          4          2          0   (incl. Padding)

    ----------------------------------------------------------------------

      Code (inc. data)   RO Data    RW Data    ZI Data      Debug   Library Member Name

         8          0          0          0          0         68   __main.o
       392          6         17          0          0         76   __printf_flags_ss_wp.o
        14          0          0          0          0         60   __printf_wp.o
         0          0          0          0          0          0   __rtentry.o
        12          0          0          0          0          0   __rtentry2.o
         6          0          0          0          0          0   __rtentry4.o
        60          8          0          0          0          0   __scatter.o
        26          0          0          0          0          0   __scatter_copy.o
        28          0          0          0          0          0   __scatter_zi.o
        48          6          0          0          0         88   _printf_char_common.o
        10          0          0          0          0          0   _printf_d.o
       108         18          0          0          0         76   _printf_dec.o
       176          0          0          0          0         84   _printf_intcommon.o
        78          0          0          0          0        100   _printf_pad.o
         2          0          0          0          0          0   _printf_percent.o
         4          0          0          0          0          0   _printf_percent_end.o
        10          0          0          0          0         60   _sputc.o
       346          0          0          0          0         92   aeabi_sdiv.o
        16          0          0          0          0         68   exit.o
         6          0          0          0          0        136   heapauxi.o
         0          0          0          0          0          0   indicate_semi.o
         2          0          0          0          0          0   libinit.o
         2          0          0          0          0          0   libinit2.o
         2          0          0          0          0          0   libshutdown.o
         2          0          0          0          0          0   libshutdown2.o
         8          4          0          0         96         68   libspace.o
        48          0          0          0          0         72   llmul.o
       258          0          0          0          0         88   lludiv.o
        40          4          0          0          0         84   noretval__2sprintf.o
         2          0          0          0          0          0   rtexit.o
        10          0          0          0          0          0   rtexit2.o
        40          0          0          0          0         60   rtudiv10.o
        68          6          0          0          0         72   strlen.o
        12          4          0          0          0         60   sys_exit.o
        62          0          0          0          0         80   sys_stackheap_outer.o
         2          0          0          0          0         68   use_no_semi.o

    ----------------------------------------------------------------------
      1924         56         20          0         96       1560   Library Totals
        16          0          3          0          0          0   (incl. Padding)

    ----------------------------------------------------------------------

      Code (inc. data)   RO Data    RW Data    ZI Data      Debug   Library Name

      1908         56         17          0         96       1560   c_p.l

    ----------------------------------------------------------------------
      1924         56         20          0         96       1560   Library Totals

    ----------------------------------------------------------------------

==============================================================================


      Code (inc. data)   RO Data    RW Data    ZI Data      Debug   

     11684       1382       7440        204       1132     160756   Grand Totals
     11684       1382       7440        204       1132     160756   ELF Image Totals
     11684       1382       7440        204          0          0   ROM Totals

==============================================================================

    Total RO  Size (Code + RO Data)                19124 (  18.68kB)
    Total RW  Size (RW Data + ZI Data)              1336 (   1.30kB)
    Total ROM Size (Code + RO Data + RW Data)      19328 (  18.88kB)

==============================================================================

