Component: ARM Compiler 5.06 update 7 (build 960) Tool: armlink [4d3601]

==============================================================================

Section Cross References

    main.o(i.Delay) refers to main.o(.data) for msTicks
    main.o(i.SysTick_Handler) refers to main.o(.data) for msTicks
    main.o(i.main) refers to _printf_pad.o(.text) for _printf_pre_padding
    main.o(i.main) refers to _printf_percent.o(.ARM.Collect$$_printf_percent$$00000000) for _printf_percent
    main.o(i.main) refers to _printf_d.o(.ARM.Collect$$_printf_percent$$00000009) for _printf_d
    main.o(i.main) refers to _printf_dec.o(.text) for _printf_int_dec
    main.o(i.main) refers to system_mke02z4.o(i.SystemCoreClockUpdate) for SystemCoreClockUpdate
    main.o(i.main) refers to aeabi_sdiv.o(.text) for __aeabi_uidivmod
    main.o(i.main) refers to main.o(i.__NVIC_SetPriority) for __NVIC_SetPriority
    main.o(i.main) refers to main.o(i.mcu_init) for mcu_init
    main.o(i.main) refers to main.o(i.Delay) for Delay
    main.o(i.main) refers to i2c.o(i.oled_clear_area) for oled_clear_area
    main.o(i.main) refers to noretval__2sprintf.o(.text) for __2sprintf
    main.o(i.main) refers to strlen.o(.text) for strlen
    main.o(i.main) refers to i2c.o(i.print_string) for print_string
    main.o(i.main) refers to system_mke02z4.o(.data) for SystemCoreClock
    main.o(i.main) refers to main.o(.data) for update_flag
    main.o(i.main) refers to main.o(.bss) for dis_str
    i2c.o(i.draw_icon) refers to i2c.o(i.oled_pos) for oled_pos
    i2c.o(i.draw_icon) refers to i2c.o(i.oled_data) for oled_data
    i2c.o(i.i2c_start) refers to main.o(i.Delay) for Delay
    i2c.o(i.i2c_write) refers to i2c.o(i.i2c_start1) for i2c_start1
    i2c.o(i.i2c_write) refers to i2c.o(i.i2c_add) for i2c_add
    i2c.o(i.i2c_write) refers to i2c.o(i.i2c_data) for i2c_data
    i2c.o(i.i2c_write) refers to i2c.o(i.i2c_stop) for i2c_stop
    i2c.o(i.oled_blank) refers to i2c.o(i.oled_pos) for oled_pos
    i2c.o(i.oled_blank) refers to i2c.o(i.oled_data) for oled_data
    i2c.o(i.oled_blank) refers to main.o(i.Delay) for Delay
    i2c.o(i.oled_clear_area) refers to i2c.o(i.oled_cmd_1byte) for oled_cmd_1byte
    i2c.o(i.oled_clear_area) refers to i2c.o(i.i2c_start1) for i2c_start1
    i2c.o(i.oled_clear_area) refers to i2c.o(i.i2c_add) for i2c_add
    i2c.o(i.oled_clear_area) refers to i2c.o(i.i2c_data) for i2c_data
    i2c.o(i.oled_clear_area) refers to i2c.o(i.i2c_stop) for i2c_stop
    i2c.o(i.oled_cmd_1byte) refers to i2c.o(i.i2c_int) for i2c_int
    i2c.o(i.oled_cmd_1byte) refers to i2c.o(i.i2c_start1) for i2c_start1
    i2c.o(i.oled_cmd_1byte) refers to i2c.o(i.i2c_add) for i2c_add
    i2c.o(i.oled_cmd_1byte) refers to i2c.o(i.i2c_data) for i2c_data
    i2c.o(i.oled_cmd_1byte) refers to i2c.o(i.i2c_stop) for i2c_stop
    i2c.o(i.oled_cmd_2byte) refers to i2c.o(i.i2c_int) for i2c_int
    i2c.o(i.oled_cmd_2byte) refers to i2c.o(i.i2c_start1) for i2c_start1
    i2c.o(i.oled_cmd_2byte) refers to i2c.o(i.i2c_add) for i2c_add
    i2c.o(i.oled_cmd_2byte) refers to i2c.o(i.i2c_data) for i2c_data
    i2c.o(i.oled_cmd_2byte) refers to i2c.o(i.i2c_stop) for i2c_stop
    i2c.o(i.oled_data) refers to i2c.o(i.i2c_start1) for i2c_start1
    i2c.o(i.oled_data) refers to i2c.o(i.i2c_add) for i2c_add
    i2c.o(i.oled_data) refers to i2c.o(i.i2c_data) for i2c_data
    i2c.o(i.oled_data) refers to i2c.o(i.i2c_stop) for i2c_stop
    i2c.o(i.oled_init) refers to i2c.o(i.oled_cmd_2byte) for oled_cmd_2byte
    i2c.o(i.oled_init) refers to main.o(i.Delay) for Delay
    i2c.o(i.oled_init) refers to i2c.o(i.oled_cmd_1byte) for oled_cmd_1byte
    i2c.o(i.oled_pos) refers to i2c.o(i.oled_cmd_1byte) for oled_cmd_1byte
    i2c.o(i.print_char) refers to i2c.o(i.oled_pos) for oled_pos
    i2c.o(i.print_char) refers to i2c.o(i.oled_data) for oled_data
    i2c.o(i.print_char) refers to i2c.o(.constdata) for ASCII_16
    i2c.o(i.print_string) refers to i2c.o(i.print_char) for print_char
    startup_mke02z4.o(STACK) refers (Special) to heapauxi.o(.text) for __use_two_region_memory
    startup_mke02z4.o(HEAP) refers (Special) to heapauxi.o(.text) for __use_two_region_memory
    startup_mke02z4.o(RESET) refers (Special) to heapauxi.o(.text) for __use_two_region_memory
    startup_mke02z4.o(RESET) refers to startup_mke02z4.o(STACK) for __initial_sp
    startup_mke02z4.o(RESET) refers to startup_mke02z4.o(.text) for Reset_Handler
    startup_mke02z4.o(RESET) refers to main.o(i.SysTick_Handler) for SysTick_Handler
    startup_mke02z4.o(.ARM.__at_0x400) refers (Special) to heapauxi.o(.text) for __use_two_region_memory
    startup_mke02z4.o(.text) refers (Special) to heapauxi.o(.text) for __use_two_region_memory
    startup_mke02z4.o(.text) refers to startup_mke02z4.o(RESET) for __Vectors
    startup_mke02z4.o(.text) refers to system_mke02z4.o(i.SystemInit) for SystemInit
    startup_mke02z4.o(.text) refers to __main.o(!!!main) for __main
    startup_mke02z4.o(.text) refers to startup_mke02z4.o(HEAP) for Heap_Mem
    startup_mke02z4.o(.text) refers to startup_mke02z4.o(STACK) for Stack_Mem
    system_mke02z4.o(i.SystemCoreClockUpdate) refers to aeabi_sdiv.o(.text) for __aeabi_uidivmod
    system_mke02z4.o(i.SystemCoreClockUpdate) refers to system_mke02z4.o(.data) for SystemCoreClock
    __2sprintf.o(.text) refers to _printf_char_common.o(.text) for _printf_char_common
    __2sprintf.o(.text) refers to _sputc.o(.text) for _sputc
    noretval__2sprintf.o(.text) refers to _printf_char_common.o(.text) for _printf_char_common
    noretval__2sprintf.o(.text) refers to _sputc.o(.text) for _sputc
    __printf.o(.text) refers to _printf_percent.o(.ARM.Collect$$_printf_percent$$00000000) for _printf_percent
    _printf_dec.o(.text) refers to rtudiv10.o(.text) for __rt_udiv10
    _printf_dec.o(.text) refers to _printf_intcommon.o(.text) for _printf_int_common
    __printf_flags.o(.text) refers to _printf_percent.o(.ARM.Collect$$_printf_percent$$00000000) for _printf_percent
    __printf_flags.o(.text) refers to __printf_flags.o(.constdata) for .constdata
    __printf_ss.o(.text) refers to _printf_percent.o(.ARM.Collect$$_printf_percent$$00000000) for _printf_percent
    __printf_flags_ss.o(.text) refers to _printf_percent.o(.ARM.Collect$$_printf_percent$$00000000) for _printf_percent
    __printf_flags_ss.o(.text) refers to __printf_flags_ss.o(.constdata) for .constdata
    __printf_wp.o(.text) refers to __printf_wp.o(i._is_digit) for _is_digit
    __printf_wp.o(.text) refers to _printf_percent.o(.ARM.Collect$$_printf_percent$$00000000) for _printf_percent
    __printf_flags_wp.o(.text) refers to __printf_wp.o(i._is_digit) for _is_digit
    __printf_flags_wp.o(.text) refers to _printf_percent.o(.ARM.Collect$$_printf_percent$$00000000) for _printf_percent
    __printf_flags_wp.o(.text) refers to __printf_flags_wp.o(.constdata) for .constdata
    __printf_ss_wp.o(.text) refers to __printf_wp.o(i._is_digit) for _is_digit
    __printf_ss_wp.o(.text) refers to _printf_percent.o(.ARM.Collect$$_printf_percent$$00000000) for _printf_percent
    __printf_flags_ss_wp.o(.text) refers to __printf_wp.o(i._is_digit) for _is_digit
    __printf_flags_ss_wp.o(.text) refers to _printf_percent.o(.ARM.Collect$$_printf_percent$$00000000) for _printf_percent
    __printf_flags_ss_wp.o(.text) refers to __printf_flags_ss_wp.o(.constdata) for .constdata
    _printf_d.o(.ARM.Collect$$_printf_percent$$00000009) refers (Weak) to _printf_dec.o(.text) for _printf_int_dec
    _printf_percent.o(.ARM.Collect$$_printf_percent$$00000000) refers (Special) to _printf_percent_end.o(.ARM.Collect$$_printf_percent$$00000017) for _printf_percent_end
    __main.o(!!!main) refers to __rtentry.o(.ARM.Collect$$rtentry$$00000000) for __rt_entry
    __rtentry.o(.ARM.Collect$$rtentry$$00000000) refers (Special) to __rtentry2.o(.ARM.Collect$$rtentry$$0000000A) for __rt_entry_li
    __rtentry.o(.ARM.Collect$$rtentry$$00000000) refers (Special) to __rtentry2.o(.ARM.Collect$$rtentry$$0000000D) for __rt_entry_main
    __rtentry.o(.ARM.Collect$$rtentry$$00000000) refers (Special) to __rtentry2.o(.ARM.Collect$$rtentry$$0000000C) for __rt_entry_postli_1
    __rtentry.o(.ARM.Collect$$rtentry$$00000000) refers (Special) to __rtentry2.o(.ARM.Collect$$rtentry$$00000009) for __rt_entry_postsh_1
    __rtentry.o(.ARM.Collect$$rtentry$$00000000) refers (Special) to __rtentry2.o(.ARM.Collect$$rtentry$$00000002) for __rt_entry_presh_1
    __rtentry.o(.ARM.Collect$$rtentry$$00000000) refers (Special) to __rtentry4.o(.ARM.Collect$$rtentry$$00000004) for __rt_entry_sh
    aeabi_idiv0_sigfpe.o(.text) refers to rt_div0.o(.text) for __rt_div0
    _printf_intcommon.o(.text) refers (Weak) to _printf_pad.o(.text) for _printf_pre_padding
    _printf_intcommon.o(.text) refers (Weak) to _printf_pad.o(.text) for _printf_pre_padding
    _printf_intcommon.o(.text) refers (Weak) to _printf_pad.o(.text) for _printf_post_padding
    _printf_char_common.o(.text) refers to __printf_flags_wp.o(.text) for __printf
    __rtentry2.o(.ARM.Collect$$rtentry$$00000008) refers to boardinit2.o(.text) for _platform_post_stackheap_init
    __rtentry2.o(.ARM.Collect$$rtentry$$0000000A) refers to libinit.o(.ARM.Collect$$libinit$$00000000) for __rt_lib_init
    __rtentry2.o(.ARM.Collect$$rtentry$$0000000B) refers to boardinit3.o(.text) for _platform_post_lib_init
    __rtentry2.o(.ARM.Collect$$rtentry$$0000000D) refers to main.o(i.main) for main
    __rtentry2.o(.ARM.Collect$$rtentry$$0000000D) refers to exit.o(.text) for exit
    __rtentry2.o(.ARM.exidx) refers to __rtentry2.o(.ARM.Collect$$rtentry$$00000001) for .ARM.Collect$$rtentry$$00000001
    __rtentry2.o(.ARM.exidx) refers to __rtentry2.o(.ARM.Collect$$rtentry$$00000008) for .ARM.Collect$$rtentry$$00000008
    __rtentry2.o(.ARM.exidx) refers to __rtentry2.o(.ARM.Collect$$rtentry$$0000000A) for .ARM.Collect$$rtentry$$0000000A
    __rtentry2.o(.ARM.exidx) refers to __rtentry2.o(.ARM.Collect$$rtentry$$0000000B) for .ARM.Collect$$rtentry$$0000000B
    __rtentry2.o(.ARM.exidx) refers to __rtentry2.o(.ARM.Collect$$rtentry$$0000000D) for .ARM.Collect$$rtentry$$0000000D
    __rtentry4.o(.ARM.Collect$$rtentry$$00000004) refers to sys_stackheap_outer.o(.text) for __user_setup_stackheap
    __rtentry4.o(.ARM.exidx) refers to __rtentry4.o(.ARM.Collect$$rtentry$$00000004) for .ARM.Collect$$rtentry$$00000004
    rt_div0.o(.text) refers to defsig_fpe_outer.o(.text) for __rt_SIGFPE
    sys_stackheap_outer.o(.text) refers to libspace.o(.text) for __user_perproc_libspace
    sys_stackheap_outer.o(.text) refers to startup_mke02z4.o(.text) for __user_initial_stackheap
    sys_stackheap_outer.o(__vectab_stack_and_reset_area) refers to tempstk.o(.text) for __temporary_stack_top
    sys_stackheap_outer.o(__vectab_stack_and_reset_area) refers to __main.o(!!!main) for __main
    exit.o(.text) refers to rtexit.o(.ARM.Collect$$rtexit$$00000000) for __rt_exit
    defsig_fpe_outer.o(.text) refers to defsig_fpe_inner.o(.text) for __rt_SIGFPE_inner
    defsig_fpe_outer.o(.text) refers to defsig_exit.o(.text) for __sig_exit
    defsig_fpe_formal.o(.text) refers to rt_raise.o(.text) for __rt_raise
    libinit.o(.ARM.Collect$$libinit$$00000000) refers (Special) to libinit2.o(.ARM.Collect$$libinit$$0000002E) for __rt_lib_init_alloca_1
    libinit.o(.ARM.Collect$$libinit$$00000000) refers (Special) to libinit2.o(.ARM.Collect$$libinit$$0000002C) for __rt_lib_init_argv_1
    libinit.o(.ARM.Collect$$libinit$$00000000) refers (Special) to libinit2.o(.ARM.Collect$$libinit$$0000001B) for __rt_lib_init_atexit_1
    libinit.o(.ARM.Collect$$libinit$$00000000) refers (Special) to libinit2.o(.ARM.Collect$$libinit$$00000021) for __rt_lib_init_clock_1
    libinit.o(.ARM.Collect$$libinit$$00000000) refers (Special) to libinit2.o(.ARM.Collect$$libinit$$00000032) for __rt_lib_init_cpp_1
    libinit.o(.ARM.Collect$$libinit$$00000000) refers (Special) to libinit2.o(.ARM.Collect$$libinit$$00000030) for __rt_lib_init_exceptions_1
    libinit.o(.ARM.Collect$$libinit$$00000000) refers (Special) to libinit2.o(.ARM.Collect$$libinit$$00000002) for __rt_lib_init_fp_1
    libinit.o(.ARM.Collect$$libinit$$00000000) refers (Special) to libinit2.o(.ARM.Collect$$libinit$$0000001F) for __rt_lib_init_fp_trap_1
    libinit.o(.ARM.Collect$$libinit$$00000000) refers (Special) to libinit2.o(.ARM.Collect$$libinit$$00000023) for __rt_lib_init_getenv_1
    libinit.o(.ARM.Collect$$libinit$$00000000) refers (Special) to libinit2.o(.ARM.Collect$$libinit$$0000000A) for __rt_lib_init_heap_1
    libinit.o(.ARM.Collect$$libinit$$00000000) refers (Special) to libinit2.o(.ARM.Collect$$libinit$$00000011) for __rt_lib_init_lc_collate_1
    libinit.o(.ARM.Collect$$libinit$$00000000) refers (Special) to libinit2.o(.ARM.Collect$$libinit$$00000013) for __rt_lib_init_lc_ctype_1
    libinit.o(.ARM.Collect$$libinit$$00000000) refers (Special) to libinit2.o(.ARM.Collect$$libinit$$00000015) for __rt_lib_init_lc_monetary_1
    libinit.o(.ARM.Collect$$libinit$$00000000) refers (Special) to libinit2.o(.ARM.Collect$$libinit$$00000017) for __rt_lib_init_lc_numeric_1
    libinit.o(.ARM.Collect$$libinit$$00000000) refers (Special) to libinit2.o(.ARM.Collect$$libinit$$00000019) for __rt_lib_init_lc_time_1
    libinit.o(.ARM.Collect$$libinit$$00000000) refers (Special) to libinit2.o(.ARM.Collect$$libinit$$00000004) for __rt_lib_init_preinit_1
    libinit.o(.ARM.Collect$$libinit$$00000000) refers (Special) to libinit2.o(.ARM.Collect$$libinit$$0000000E) for __rt_lib_init_rand_1
    libinit.o(.ARM.Collect$$libinit$$00000000) refers (Special) to libinit2.o(.ARM.Collect$$libinit$$00000033) for __rt_lib_init_return
    libinit.o(.ARM.Collect$$libinit$$00000000) refers (Special) to libinit2.o(.ARM.Collect$$libinit$$0000001D) for __rt_lib_init_signal_1
    libinit.o(.ARM.Collect$$libinit$$00000000) refers (Special) to libinit2.o(.ARM.Collect$$libinit$$00000025) for __rt_lib_init_stdio_1
    libinit.o(.ARM.Collect$$libinit$$00000000) refers (Special) to libinit2.o(.ARM.Collect$$libinit$$0000000C) for __rt_lib_init_user_alloc_1
    libspace.o(.text) refers to libspace.o(.bss) for __libspace_start
    rtexit.o(.ARM.Collect$$rtexit$$00000000) refers (Special) to rtexit2.o(.ARM.Collect$$rtexit$$00000004) for __rt_exit_exit
    rtexit.o(.ARM.Collect$$rtexit$$00000000) refers (Special) to rtexit2.o(.ARM.Collect$$rtexit$$00000003) for __rt_exit_ls
    rtexit.o(.ARM.Collect$$rtexit$$00000000) refers (Special) to rtexit2.o(.ARM.Collect$$rtexit$$00000002) for __rt_exit_prels_1
    rtexit.o(.ARM.exidx) refers (Special) to rtexit2.o(.ARM.Collect$$rtexit$$00000004) for __rt_exit_exit
    rtexit.o(.ARM.exidx) refers (Special) to rtexit2.o(.ARM.Collect$$rtexit$$00000003) for __rt_exit_ls
    rtexit.o(.ARM.exidx) refers (Special) to rtexit2.o(.ARM.Collect$$rtexit$$00000002) for __rt_exit_prels_1
    rtexit.o(.ARM.exidx) refers to rtexit.o(.ARM.Collect$$rtexit$$00000000) for .ARM.Collect$$rtexit$$00000000
    rt_raise.o(.text) refers to __raise.o(.text) for __raise
    rt_raise.o(.text) refers to sys_exit.o(.text) for _sys_exit
    defsig_exit.o(.text) refers to sys_exit.o(.text) for _sys_exit
    defsig_fpe_inner.o(.text) refers to defsig_general.o(.text) for __default_signal_display
    libinit2.o(.ARM.Collect$$libinit$$00000010) refers to libinit2.o(.ARM.Collect$$libinit$$0000000F) for .ARM.Collect$$libinit$$0000000F
    libinit2.o(.ARM.Collect$$libinit$$00000012) refers to libinit2.o(.ARM.Collect$$libinit$$0000000F) for .ARM.Collect$$libinit$$0000000F
    libinit2.o(.ARM.Collect$$libinit$$00000014) refers to libinit2.o(.ARM.Collect$$libinit$$0000000F) for .ARM.Collect$$libinit$$0000000F
    libinit2.o(.ARM.Collect$$libinit$$00000016) refers to libinit2.o(.ARM.Collect$$libinit$$0000000F) for .ARM.Collect$$libinit$$0000000F
    libinit2.o(.ARM.Collect$$libinit$$00000018) refers to libinit2.o(.ARM.Collect$$libinit$$0000000F) for .ARM.Collect$$libinit$$0000000F
    libinit2.o(.ARM.Collect$$libinit$$00000026) refers to argv_veneer.o(.text) for __ARM_argv_veneer
    libinit2.o(.ARM.Collect$$libinit$$00000027) refers to argv_veneer.o(.text) for __ARM_argv_veneer
    sys_exit.o(.text) refers (Special) to use_no_semi.o(.text) for __I$use$semihosting
    sys_exit.o(.text) refers (Special) to indicate_semi.o(.text) for __semihosting_library_function
    rtexit2.o(.ARM.Collect$$rtexit$$00000003) refers to libshutdown.o(.ARM.Collect$$libshutdown$$00000000) for __rt_lib_shutdown
    rtexit2.o(.ARM.Collect$$rtexit$$00000004) refers to sys_exit.o(.text) for _sys_exit
    rtexit2.o(.ARM.exidx) refers to rtexit2.o(.ARM.Collect$$rtexit$$00000001) for .ARM.Collect$$rtexit$$00000001
    rtexit2.o(.ARM.exidx) refers to rtexit2.o(.ARM.Collect$$rtexit$$00000003) for .ARM.Collect$$rtexit$$00000003
    rtexit2.o(.ARM.exidx) refers to rtexit2.o(.ARM.Collect$$rtexit$$00000004) for .ARM.Collect$$rtexit$$00000004
    __raise.o(.text) refers to defsig.o(CL$$defsig) for __default_signal_handler
    defsig_general.o(.text) refers to sys_wrch.o(.text) for _ttywrch
    sys_wrch.o(.text) refers (Special) to use_no_semi.o(.text) for __I$use$semihosting
    sys_wrch.o(.text) refers (Special) to indicate_semi.o(.text) for __semihosting_library_function
    defsig.o(CL$$defsig) refers to defsig_fpe_inner.o(.text) for __rt_SIGFPE_inner
    defsig.o(CL$$defsig) refers to defsig_rtmem_inner.o(.text) for __rt_SIGRTMEM_inner
    _get_argv_nomalloc.o(.text) refers (Special) to hrguard.o(.text) for __heap_region$guard
    _get_argv_nomalloc.o(.text) refers to defsig_rtmem_outer.o(.text) for __rt_SIGRTMEM
    _get_argv_nomalloc.o(.text) refers to sys_command.o(.text) for _sys_command_string
    libshutdown.o(.ARM.Collect$$libshutdown$$00000000) refers (Special) to libshutdown2.o(.ARM.Collect$$libshutdown$$00000004) for __rt_lib_shutdown_cpp_1
    libshutdown.o(.ARM.Collect$$libshutdown$$00000000) refers (Special) to libshutdown2.o(.ARM.Collect$$libshutdown$$00000002) for __rt_lib_shutdown_fini_1
    libshutdown.o(.ARM.Collect$$libshutdown$$00000000) refers (Special) to libshutdown2.o(.ARM.Collect$$libshutdown$$00000009) for __rt_lib_shutdown_fp_trap_1
    libshutdown.o(.ARM.Collect$$libshutdown$$00000000) refers (Special) to libshutdown2.o(.ARM.Collect$$libshutdown$$00000011) for __rt_lib_shutdown_heap_1
    libshutdown.o(.ARM.Collect$$libshutdown$$00000000) refers (Special) to libshutdown2.o(.ARM.Collect$$libshutdown$$00000012) for __rt_lib_shutdown_return
    libshutdown.o(.ARM.Collect$$libshutdown$$00000000) refers (Special) to libshutdown2.o(.ARM.Collect$$libshutdown$$0000000C) for __rt_lib_shutdown_signal_1
    libshutdown.o(.ARM.Collect$$libshutdown$$00000000) refers (Special) to libshutdown2.o(.ARM.Collect$$libshutdown$$00000006) for __rt_lib_shutdown_stdio_1
    libshutdown.o(.ARM.Collect$$libshutdown$$00000000) refers (Special) to libshutdown2.o(.ARM.Collect$$libshutdown$$0000000E) for __rt_lib_shutdown_user_alloc_1
    sys_command.o(.text) refers (Special) to use_no_semi.o(.text) for __I$use$semihosting
    sys_command.o(.text) refers (Special) to indicate_semi.o(.text) for __semihosting_library_function
    defsig_abrt_inner.o(.text) refers to defsig_general.o(.text) for __default_signal_display
    defsig_rtred_inner.o(.text) refers to defsig_general.o(.text) for __default_signal_display
    defsig_rtmem_inner.o(.text) refers to defsig_general.o(.text) for __default_signal_display
    defsig_rtmem_outer.o(.text) refers to defsig_rtmem_inner.o(.text) for __rt_SIGRTMEM_inner
    defsig_rtmem_outer.o(.text) refers to defsig_exit.o(.text) for __sig_exit
    defsig_rtmem_formal.o(.text) refers to rt_raise.o(.text) for __rt_raise
    defsig_stak_inner.o(.text) refers to defsig_general.o(.text) for __default_signal_display
    defsig_pvfn_inner.o(.text) refers to defsig_general.o(.text) for __default_signal_display
    defsig_cppl_inner.o(.text) refers to defsig_general.o(.text) for __default_signal_display
    defsig_segv_inner.o(.text) refers to defsig_general.o(.text) for __default_signal_display
    defsig_other.o(.text) refers to defsig_general.o(.text) for __default_signal_display


==============================================================================

Removing Unused input sections from the image.

    Removing main.o(.rev16_text), (4 bytes).
    Removing main.o(.revsh_text), (4 bytes).
    Removing i2c.o(.rev16_text), (4 bytes).
    Removing i2c.o(.revsh_text), (4 bytes).
    Removing i2c.o(i.draw_icon), (62 bytes).
    Removing i2c.o(i.i2c_start), (64 bytes).
    Removing i2c.o(i.i2c_write), (44 bytes).
    Removing i2c.o(i.oled_blank), (52 bytes).
    Removing i2c.o(i.oled_cmd_2byte), (50 bytes).
    Removing i2c.o(i.oled_init), (252 bytes).
    Removing i2c.o(.data), (4 bytes).
    Removing system_mke02z4.o(.rev16_text), (4 bytes).
    Removing system_mke02z4.o(.revsh_text), (4 bytes).

13 unused section(s) (total 552 bytes) removed from the image.

==============================================================================

Image Symbol Table

    Local Symbols

    Symbol Name                              Value     Ov Type        Size  Object(Section)

    RESET                                    0x00000000   Section      192  startup_mke02z4.o(RESET)
    ../clib/angel/boardlib.s                 0x00000000   Number         0  boardshut.o ABSOLUTE
    ../clib/angel/boardlib.s                 0x00000000   Number         0  boardinit1.o ABSOLUTE
    ../clib/angel/boardlib.s                 0x00000000   Number         0  boardinit2.o ABSOLUTE
    ../clib/angel/boardlib.s                 0x00000000   Number         0  boardinit3.o ABSOLUTE
    ../clib/angel/handlers.s                 0x00000000   Number         0  __scatter_zi.o ABSOLUTE
    ../clib/angel/handlers.s                 0x00000000   Number         0  __scatter_copy.o ABSOLUTE
    ../clib/angel/kernel.s                   0x00000000   Number         0  __rtentry.o ABSOLUTE
    ../clib/angel/kernel.s                   0x00000000   Number         0  __rtentry4.o ABSOLUTE
    ../clib/angel/kernel.s                   0x00000000   Number         0  rtexit.o ABSOLUTE
    ../clib/angel/kernel.s                   0x00000000   Number         0  rtexit2.o ABSOLUTE
    ../clib/angel/kernel.s                   0x00000000   Number         0  __rtentry2.o ABSOLUTE
    ../clib/angel/rt.s                       0x00000000   Number         0  rt_div0.o ABSOLUTE
    ../clib/angel/rt.s                       0x00000000   Number         0  rt_raise.o ABSOLUTE
    ../clib/angel/rt.s                       0x00000000   Number         0  aeabi_idiv0_sigfpe.o ABSOLUTE
    ../clib/angel/rt.s                       0x00000000   Number         0  aeabi_idiv0.o ABSOLUTE
    ../clib/angel/scatterp.s                 0x00000000   Number         0  __scatter.o ABSOLUTE
    ../clib/angel/startup.s                  0x00000000   Number         0  __main.o ABSOLUTE
    ../clib/angel/sys.s                      0x00000000   Number         0  tempstk.o ABSOLUTE
    ../clib/angel/sys.s                      0x00000000   Number         0  sys_stackheap_outer.o ABSOLUTE
    ../clib/angel/sys.s                      0x00000000   Number         0  indicate_semi.o ABSOLUTE
    ../clib/angel/sys.s                      0x00000000   Number         0  use_no_semi.o ABSOLUTE
    ../clib/angel/sys.s                      0x00000000   Number         0  libspace.o ABSOLUTE
    ../clib/angel/sysapp.c                   0x00000000   Number         0  sys_exit.o ABSOLUTE
    ../clib/angel/sysapp.c                   0x00000000   Number         0  sys_wrch.o ABSOLUTE
    ../clib/angel/sysapp.c                   0x00000000   Number         0  sys_command.o ABSOLUTE
    ../clib/armsys.c                         0x00000000   Number         0  argv_veneer.o ABSOLUTE
    ../clib/armsys.c                         0x00000000   Number         0  no_argv.o ABSOLUTE
    ../clib/armsys.c                         0x00000000   Number         0  _get_argv_nomalloc.o ABSOLUTE
    ../clib/division.c                       0x00000000   Number         0  rtudiv10.o ABSOLUTE
    ../clib/division.s                       0x00000000   Number         0  aeabi_sdiv_div0.o ABSOLUTE
    ../clib/division.s                       0x00000000   Number         0  aeabi_sdiv.o ABSOLUTE
    ../clib/heapalloc.c                      0x00000000   Number         0  hrguard.o ABSOLUTE
    ../clib/heapaux.c                        0x00000000   Number         0  heapauxi.o ABSOLUTE
    ../clib/libinit.s                        0x00000000   Number         0  libshutdown2.o ABSOLUTE
    ../clib/libinit.s                        0x00000000   Number         0  libinit.o ABSOLUTE
    ../clib/libinit.s                        0x00000000   Number         0  libinit2.o ABSOLUTE
    ../clib/libinit.s                        0x00000000   Number         0  libshutdown.o ABSOLUTE
    ../clib/misc.s                           0x00000000   Number         0  printf_stubs.o ABSOLUTE
    ../clib/printf.c                         0x00000000   Number         0  __printf_flags_ss.o ABSOLUTE
    ../clib/printf.c                         0x00000000   Number         0  __printf_wp.o ABSOLUTE
    ../clib/printf.c                         0x00000000   Number         0  __printf_nopercent.o ABSOLUTE
    ../clib/printf.c                         0x00000000   Number         0  __printf_flags_wp.o ABSOLUTE
    ../clib/printf.c                         0x00000000   Number         0  __printf_ss_wp.o ABSOLUTE
    ../clib/printf.c                         0x00000000   Number         0  __printf_flags_ss_wp.o ABSOLUTE
    ../clib/printf.c                         0x00000000   Number         0  _printf_pad.o ABSOLUTE
    ../clib/printf.c                         0x00000000   Number         0  _sputc.o ABSOLUTE
    ../clib/printf.c                         0x00000000   Number         0  _printf_dec.o ABSOLUTE
    ../clib/printf.c                         0x00000000   Number         0  __printf.o ABSOLUTE
    ../clib/printf.c                         0x00000000   Number         0  noretval__2sprintf.o ABSOLUTE
    ../clib/printf.c                         0x00000000   Number         0  __2sprintf.o ABSOLUTE
    ../clib/printf.c                         0x00000000   Number         0  _printf_intcommon.o ABSOLUTE
    ../clib/printf.c                         0x00000000   Number         0  _printf_char_common.o ABSOLUTE
    ../clib/printf.c                         0x00000000   Number         0  __printf_flags.o ABSOLUTE
    ../clib/printf.c                         0x00000000   Number         0  __printf_ss.o ABSOLUTE
    ../clib/printf_percent.s                 0x00000000   Number         0  _printf_percent.o ABSOLUTE
    ../clib/printf_percent.s                 0x00000000   Number         0  _printf_d.o ABSOLUTE
    ../clib/printf_percent.s                 0x00000000   Number         0  _printf_percent_end.o ABSOLUTE
    ../clib/signal.c                         0x00000000   Number         0  defsig_fpe_outer.o ABSOLUTE
    ../clib/signal.c                         0x00000000   Number         0  __raise.o ABSOLUTE
    ../clib/signal.c                         0x00000000   Number         0  defsig_other.o ABSOLUTE
    ../clib/signal.c                         0x00000000   Number         0  defsig_segv_inner.o ABSOLUTE
    ../clib/signal.c                         0x00000000   Number         0  defsig_cppl_inner.o ABSOLUTE
    ../clib/signal.c                         0x00000000   Number         0  defsig_pvfn_inner.o ABSOLUTE
    ../clib/signal.c                         0x00000000   Number         0  defsig_stak_inner.o ABSOLUTE
    ../clib/signal.c                         0x00000000   Number         0  defsig_rtmem_formal.o ABSOLUTE
    ../clib/signal.c                         0x00000000   Number         0  defsig_general.o ABSOLUTE
    ../clib/signal.c                         0x00000000   Number         0  defsig_exit.o ABSOLUTE
    ../clib/signal.c                         0x00000000   Number         0  defsig_rtred_inner.o ABSOLUTE
    ../clib/signal.c                         0x00000000   Number         0  defsig_abrt_inner.o ABSOLUTE
    ../clib/signal.c                         0x00000000   Number         0  defsig_fpe_inner.o ABSOLUTE
    ../clib/signal.c                         0x00000000   Number         0  defsig_rtmem_inner.o ABSOLUTE
    ../clib/signal.c                         0x00000000   Number         0  defsig_fpe_formal.o ABSOLUTE
    ../clib/signal.c                         0x00000000   Number         0  defsig_rtmem_outer.o ABSOLUTE
    ../clib/signal.s                         0x00000000   Number         0  defsig.o ABSOLUTE
    ../clib/stdlib.c                         0x00000000   Number         0  exit.o ABSOLUTE
    ../clib/string.c                         0x00000000   Number         0  strlen.o ABSOLUTE
    ../fplib/cfplib/fpinit.c                 0x00000000   Number         0  fpinit.o ABSOLUTE
    RTE\Device\MKE02Z64xxx4\startup_MKE02Z4.s 0x00000000   Number         0  startup_mke02z4.o ABSOLUTE
    RTE\Device\MKE02Z64xxx4\system_MKE02Z4.c 0x00000000   Number         0  system_mke02z4.o ABSOLUTE
    RTE\\Device\\MKE02Z64xxx4\\system_MKE02Z4.c 0x00000000   Number         0  system_mke02z4.o ABSOLUTE
    dc.s                                     0x00000000   Number         0  dc.o ABSOLUTE
    i2c.c                                    0x00000000   Number         0  i2c.o ABSOLUTE
    i2c.c                                    0x00000000   Number         0  i2c.o ABSOLUTE
    main.c                                   0x00000000   Number         0  main.o ABSOLUTE
    main.c                                   0x00000000   Number         0  main.o ABSOLUTE
    !!!main                                  0x000000c0   Section        8  __main.o(!!!main)
    !!!scatter                               0x000000c8   Section       60  __scatter.o(!!!scatter)
    !!handler_copy                           0x00000104   Section       26  __scatter_copy.o(!!handler_copy)
    !!handler_zi                             0x00000120   Section       28  __scatter_zi.o(!!handler_zi)
    .ARM.Collect$$_printf_percent$$00000000  0x0000013c   Section        2  _printf_percent.o(.ARM.Collect$$_printf_percent$$00000000)
    .ARM.Collect$$_printf_percent$$00000009  0x0000013e   Section       10  _printf_d.o(.ARM.Collect$$_printf_percent$$00000009)
    .ARM.Collect$$_printf_percent$$00000017  0x00000148   Section        4  _printf_percent_end.o(.ARM.Collect$$_printf_percent$$00000017)
    .ARM.Collect$$libinit$$00000000          0x0000014c   Section        2  libinit.o(.ARM.Collect$$libinit$$00000000)
    .ARM.Collect$$libinit$$00000002          0x0000014e   Section        0  libinit2.o(.ARM.Collect$$libinit$$00000002)
    .ARM.Collect$$libinit$$00000004          0x0000014e   Section        0  libinit2.o(.ARM.Collect$$libinit$$00000004)
    .ARM.Collect$$libinit$$0000000A          0x0000014e   Section        0  libinit2.o(.ARM.Collect$$libinit$$0000000A)
    .ARM.Collect$$libinit$$0000000C          0x0000014e   Section        0  libinit2.o(.ARM.Collect$$libinit$$0000000C)
    .ARM.Collect$$libinit$$0000000E          0x0000014e   Section        0  libinit2.o(.ARM.Collect$$libinit$$0000000E)
    .ARM.Collect$$libinit$$00000011          0x0000014e   Section        0  libinit2.o(.ARM.Collect$$libinit$$00000011)
    .ARM.Collect$$libinit$$00000013          0x0000014e   Section        0  libinit2.o(.ARM.Collect$$libinit$$00000013)
    .ARM.Collect$$libinit$$00000015          0x0000014e   Section        0  libinit2.o(.ARM.Collect$$libinit$$00000015)
    .ARM.Collect$$libinit$$00000017          0x0000014e   Section        0  libinit2.o(.ARM.Collect$$libinit$$00000017)
    .ARM.Collect$$libinit$$00000019          0x0000014e   Section        0  libinit2.o(.ARM.Collect$$libinit$$00000019)
    .ARM.Collect$$libinit$$0000001B          0x0000014e   Section        0  libinit2.o(.ARM.Collect$$libinit$$0000001B)
    .ARM.Collect$$libinit$$0000001D          0x0000014e   Section        0  libinit2.o(.ARM.Collect$$libinit$$0000001D)
    .ARM.Collect$$libinit$$0000001F          0x0000014e   Section        0  libinit2.o(.ARM.Collect$$libinit$$0000001F)
    .ARM.Collect$$libinit$$00000021          0x0000014e   Section        0  libinit2.o(.ARM.Collect$$libinit$$00000021)
    .ARM.Collect$$libinit$$00000023          0x0000014e   Section        0  libinit2.o(.ARM.Collect$$libinit$$00000023)
    .ARM.Collect$$libinit$$00000025          0x0000014e   Section        0  libinit2.o(.ARM.Collect$$libinit$$00000025)
    .ARM.Collect$$libinit$$0000002C          0x0000014e   Section        0  libinit2.o(.ARM.Collect$$libinit$$0000002C)
    .ARM.Collect$$libinit$$0000002E          0x0000014e   Section        0  libinit2.o(.ARM.Collect$$libinit$$0000002E)
    .ARM.Collect$$libinit$$00000030          0x0000014e   Section        0  libinit2.o(.ARM.Collect$$libinit$$00000030)
    .ARM.Collect$$libinit$$00000032          0x0000014e   Section        0  libinit2.o(.ARM.Collect$$libinit$$00000032)
    .ARM.Collect$$libinit$$00000033          0x0000014e   Section        2  libinit2.o(.ARM.Collect$$libinit$$00000033)
    .ARM.Collect$$libshutdown$$00000000      0x00000150   Section        2  libshutdown.o(.ARM.Collect$$libshutdown$$00000000)
    .ARM.Collect$$libshutdown$$00000002      0x00000152   Section        0  libshutdown2.o(.ARM.Collect$$libshutdown$$00000002)
    .ARM.Collect$$libshutdown$$00000004      0x00000152   Section        0  libshutdown2.o(.ARM.Collect$$libshutdown$$00000004)
    .ARM.Collect$$libshutdown$$00000006      0x00000152   Section        0  libshutdown2.o(.ARM.Collect$$libshutdown$$00000006)
    .ARM.Collect$$libshutdown$$00000009      0x00000152   Section        0  libshutdown2.o(.ARM.Collect$$libshutdown$$00000009)
    .ARM.Collect$$libshutdown$$0000000C      0x00000152   Section        0  libshutdown2.o(.ARM.Collect$$libshutdown$$0000000C)
    .ARM.Collect$$libshutdown$$0000000E      0x00000152   Section        0  libshutdown2.o(.ARM.Collect$$libshutdown$$0000000E)
    .ARM.Collect$$libshutdown$$00000011      0x00000152   Section        0  libshutdown2.o(.ARM.Collect$$libshutdown$$00000011)
    .ARM.Collect$$libshutdown$$00000012      0x00000152   Section        2  libshutdown2.o(.ARM.Collect$$libshutdown$$00000012)
    .ARM.Collect$$rtentry$$00000000          0x00000154   Section        0  __rtentry.o(.ARM.Collect$$rtentry$$00000000)
    .ARM.Collect$$rtentry$$00000002          0x00000154   Section        0  __rtentry2.o(.ARM.Collect$$rtentry$$00000002)
    .ARM.Collect$$rtentry$$00000004          0x00000154   Section        6  __rtentry4.o(.ARM.Collect$$rtentry$$00000004)
    .ARM.Collect$$rtentry$$00000009          0x0000015a   Section        0  __rtentry2.o(.ARM.Collect$$rtentry$$00000009)
    .ARM.Collect$$rtentry$$0000000A          0x0000015a   Section        4  __rtentry2.o(.ARM.Collect$$rtentry$$0000000A)
    .ARM.Collect$$rtentry$$0000000C          0x0000015e   Section        0  __rtentry2.o(.ARM.Collect$$rtentry$$0000000C)
    .ARM.Collect$$rtentry$$0000000D          0x0000015e   Section        8  __rtentry2.o(.ARM.Collect$$rtentry$$0000000D)
    .ARM.Collect$$rtexit$$00000000           0x00000166   Section        2  rtexit.o(.ARM.Collect$$rtexit$$00000000)
    .ARM.Collect$$rtexit$$00000002           0x00000168   Section        0  rtexit2.o(.ARM.Collect$$rtexit$$00000002)
    .ARM.Collect$$rtexit$$00000003           0x00000168   Section        4  rtexit2.o(.ARM.Collect$$rtexit$$00000003)
    .ARM.Collect$$rtexit$$00000004           0x0000016c   Section        6  rtexit2.o(.ARM.Collect$$rtexit$$00000004)
    .text                                    0x00000174   Section      132  startup_mke02z4.o(.text)
    .text                                    0x000001f8   Section        0  noretval__2sprintf.o(.text)
    .text                                    0x00000220   Section        0  _printf_pad.o(.text)
    .text                                    0x00000270   Section        0  _printf_dec.o(.text)
    .text                                    0x000002dc   Section        0  strlen.o(.text)
    .text                                    0x00000320   Section        0  heapauxi.o(.text)
    .text                                    0x00000326   Section        0  _printf_intcommon.o(.text)
    .text                                    0x000003d6   Section        0  _sputc.o(.text)
    .text                                    0x000003e0   Section        0  exit.o(.text)
    .text                                    0x000003f0   Section        8  libspace.o(.text)
    .text                                    0x000003f8   Section        2  use_no_semi.o(.text)
    .text                                    0x000003fa   Section        0  indicate_semi.o(.text)
    .ARM.__at_0x400                          0x00000400   Section       16  startup_mke02z4.o(.ARM.__at_0x400)
    .text                                    0x00000410   Section        0  __printf_flags_wp.o(.text)
    .text                                    0x00000548   Section      346  aeabi_sdiv.o(.text)
    .text                                    0x000006a4   Section        0  _printf_char_common.o(.text)
    _printf_input_char                       0x000006a5   Thumb Code    10  _printf_char_common.o(.text)
    .text                                    0x000006d4   Section        0  rtudiv10.o(.text)
    .text                                    0x000006fc   Section       62  sys_stackheap_outer.o(.text)
    .text                                    0x0000073c   Section        0  sys_exit.o(.text)
    i.Delay                                  0x00000748   Section        0  main.o(i.Delay)
    i.SysTick_Handler                        0x0000076c   Section        0  main.o(i.SysTick_Handler)
    i.SystemCoreClockUpdate                  0x0000077c   Section        0  system_mke02z4.o(i.SystemCoreClockUpdate)
    i.SystemInit                             0x00000814   Section        0  system_mke02z4.o(i.SystemInit)
    i.__NVIC_SetPriority                     0x00000848   Section        0  main.o(i.__NVIC_SetPriority)
    __NVIC_SetPriority                       0x00000849   Thumb Code   110  main.o(i.__NVIC_SetPriority)
    i._is_digit                              0x000008c0   Section        0  __printf_wp.o(i._is_digit)
    i.i2c_add                                0x000008d0   Section        0  i2c.o(i.i2c_add)
    i.i2c_data                               0x00000924   Section        0  i2c.o(i.i2c_data)
    i.i2c_int                                0x00000958   Section        0  i2c.o(i.i2c_int)
    i.i2c_start1                             0x00000990   Section        0  i2c.o(i.i2c_start1)
    i.i2c_stop                               0x000009cc   Section        0  i2c.o(i.i2c_stop)
    i.main                                   0x000009e0   Section        0  main.o(i.main)
    i.mcu_init                               0x00000b10   Section        0  main.o(i.mcu_init)
    i.oled_clear_area                        0x00000b38   Section        0  i2c.o(i.oled_clear_area)
    i.oled_cmd_1byte                         0x00000b9a   Section        0  i2c.o(i.oled_cmd_1byte)
    i.oled_data                              0x00000bc0   Section        0  i2c.o(i.oled_data)
    i.oled_pos                               0x00000be2   Section        0  i2c.o(i.oled_pos)
    i.print_char                             0x00000c08   Section        0  i2c.o(i.print_char)
    i.print_string                           0x00000ca0   Section        0  i2c.o(i.print_string)
    .constdata                               0x00000cce   Section     7136  i2c.o(.constdata)
    .constdata                               0x000028ae   Section       17  __printf_flags_wp.o(.constdata)
    maptable                                 0x000028ae   Data          17  __printf_flags_wp.o(.constdata)
    .data                                    0x1ffffc00   Section       20  main.o(.data)
    .data                                    0x1ffffc14   Section        4  system_mke02z4.o(.data)
    .bss                                     0x1ffffc18   Section       10  main.o(.bss)
    .bss                                     0x1ffffc24   Section       96  libspace.o(.bss)
    HEAP                                     0x1ffffc88   Section        0  startup_mke02z4.o(HEAP)
    STACK                                    0x1ffffc88   Section     1024  startup_mke02z4.o(STACK)
    Heap_Mem                                 0x1ffffc88   Data           0  startup_mke02z4.o(HEAP)
    Stack_Mem                                0x1ffffc88   Data        1024  startup_mke02z4.o(STACK)
    __initial_sp                             0x20000088   Data           0  startup_mke02z4.o(STACK)

    Global Symbols

    Symbol Name                              Value     Ov Type        Size  Object(Section)

    BuildAttributes$$THM_ISAv3M$S$PE$A:L22$X:L11$S22$IEEE1$IW$USESV6$~STKCKD$USESV7$~SHL$OSPACE$ROPI$EBA8$UX$STANDARDLIB$REQ8$PRES8$EABIv2 0x00000000   Number         0  anon$$obj.o ABSOLUTE
    __ARM_use_no_argv                        0x00000000   Number         0  main.o ABSOLUTE
    __Vectors                                0x00000000   Data           4  startup_mke02z4.o(RESET)
    _printf_flags                            0x00000000   Number         0  printf_stubs.o ABSOLUTE
    _printf_return_value                     0x00000000   Number         0  printf_stubs.o ABSOLUTE
    _printf_sizespec                         0x00000000   Number         0  printf_stubs.o ABSOLUTE
    _printf_widthprec                        0x00000000   Number         0  printf_stubs.o ABSOLUTE
    __ARM_exceptions_init                     - Undefined Weak Reference
    __alloca_initialize                       - Undefined Weak Reference
    __arm_fini_                               - Undefined Weak Reference
    __arm_preinit_                            - Undefined Weak Reference
    __cpp_initialize__aeabi_                  - Undefined Weak Reference
    __cxa_finalize                            - Undefined Weak Reference
    __rt_locale                               - Undefined Weak Reference
    __sigvec_lookup                           - Undefined Weak Reference
    _atexit_init                              - Undefined Weak Reference
    _call_atexit_fns                          - Undefined Weak Reference
    _clock_init                               - Undefined Weak Reference
    _fp_trap_init                             - Undefined Weak Reference
    _fp_trap_shutdown                         - Undefined Weak Reference
    _get_lc_collate                           - Undefined Weak Reference
    _get_lc_ctype                             - Undefined Weak Reference
    _get_lc_monetary                          - Undefined Weak Reference
    _get_lc_numeric                           - Undefined Weak Reference
    _get_lc_time                              - Undefined Weak Reference
    _getenv_init                              - Undefined Weak Reference
    _handle_redirection                       - Undefined Weak Reference
    _init_alloc                               - Undefined Weak Reference
    _init_user_alloc                          - Undefined Weak Reference
    _initio                                   - Undefined Weak Reference
    _printf_truncate_signed                   - Undefined Weak Reference
    _printf_truncate_unsigned                 - Undefined Weak Reference
    _rand_init                                - Undefined Weak Reference
    _signal_finish                            - Undefined Weak Reference
    _signal_init                              - Undefined Weak Reference
    _terminate_alloc                          - Undefined Weak Reference
    _terminate_user_alloc                     - Undefined Weak Reference
    _terminateio                              - Undefined Weak Reference
    __Vectors_End                            0x000000c0   Data           0  startup_mke02z4.o(RESET)
    __Vectors_Size                           0x000000c0   Number         0  startup_mke02z4.o ABSOLUTE
    __main                                   0x000000c1   Thumb Code     8  __main.o(!!!main)
    __scatterload                            0x000000c9   Thumb Code     0  __scatter.o(!!!scatter)
    __scatterload_rt2                        0x000000c9   Thumb Code    52  __scatter.o(!!!scatter)
    __scatterload_rt2_thumb_only             0x000000c9   Thumb Code     0  __scatter.o(!!!scatter)
    __scatterload_null                       0x000000d9   Thumb Code     0  __scatter.o(!!!scatter)
    __scatterload_copy                       0x00000105   Thumb Code    26  __scatter_copy.o(!!handler_copy)
    __scatterload_zeroinit                   0x00000121   Thumb Code    28  __scatter_zi.o(!!handler_zi)
    _printf_percent                          0x0000013d   Thumb Code     0  _printf_percent.o(.ARM.Collect$$_printf_percent$$00000000)
    _printf_d                                0x0000013f   Thumb Code     0  _printf_d.o(.ARM.Collect$$_printf_percent$$00000009)
    _printf_percent_end                      0x00000149   Thumb Code     0  _printf_percent_end.o(.ARM.Collect$$_printf_percent$$00000017)
    __rt_lib_init                            0x0000014d   Thumb Code     0  libinit.o(.ARM.Collect$$libinit$$00000000)
    __rt_lib_init_alloca_1                   0x0000014f   Thumb Code     0  libinit2.o(.ARM.Collect$$libinit$$0000002E)
    __rt_lib_init_argv_1                     0x0000014f   Thumb Code     0  libinit2.o(.ARM.Collect$$libinit$$0000002C)
    __rt_lib_init_atexit_1                   0x0000014f   Thumb Code     0  libinit2.o(.ARM.Collect$$libinit$$0000001B)
    __rt_lib_init_clock_1                    0x0000014f   Thumb Code     0  libinit2.o(.ARM.Collect$$libinit$$00000021)
    __rt_lib_init_cpp_1                      0x0000014f   Thumb Code     0  libinit2.o(.ARM.Collect$$libinit$$00000032)
    __rt_lib_init_exceptions_1               0x0000014f   Thumb Code     0  libinit2.o(.ARM.Collect$$libinit$$00000030)
    __rt_lib_init_fp_1                       0x0000014f   Thumb Code     0  libinit2.o(.ARM.Collect$$libinit$$00000002)
    __rt_lib_init_fp_trap_1                  0x0000014f   Thumb Code     0  libinit2.o(.ARM.Collect$$libinit$$0000001F)
    __rt_lib_init_getenv_1                   0x0000014f   Thumb Code     0  libinit2.o(.ARM.Collect$$libinit$$00000023)
    __rt_lib_init_heap_1                     0x0000014f   Thumb Code     0  libinit2.o(.ARM.Collect$$libinit$$0000000A)
    __rt_lib_init_lc_collate_1               0x0000014f   Thumb Code     0  libinit2.o(.ARM.Collect$$libinit$$00000011)
    __rt_lib_init_lc_ctype_1                 0x0000014f   Thumb Code     0  libinit2.o(.ARM.Collect$$libinit$$00000013)
    __rt_lib_init_lc_monetary_1              0x0000014f   Thumb Code     0  libinit2.o(.ARM.Collect$$libinit$$00000015)
    __rt_lib_init_lc_numeric_1               0x0000014f   Thumb Code     0  libinit2.o(.ARM.Collect$$libinit$$00000017)
    __rt_lib_init_lc_time_1                  0x0000014f   Thumb Code     0  libinit2.o(.ARM.Collect$$libinit$$00000019)
    __rt_lib_init_preinit_1                  0x0000014f   Thumb Code     0  libinit2.o(.ARM.Collect$$libinit$$00000004)
    __rt_lib_init_rand_1                     0x0000014f   Thumb Code     0  libinit2.o(.ARM.Collect$$libinit$$0000000E)
    __rt_lib_init_return                     0x0000014f   Thumb Code     0  libinit2.o(.ARM.Collect$$libinit$$00000033)
    __rt_lib_init_signal_1                   0x0000014f   Thumb Code     0  libinit2.o(.ARM.Collect$$libinit$$0000001D)
    __rt_lib_init_stdio_1                    0x0000014f   Thumb Code     0  libinit2.o(.ARM.Collect$$libinit$$00000025)
    __rt_lib_init_user_alloc_1               0x0000014f   Thumb Code     0  libinit2.o(.ARM.Collect$$libinit$$0000000C)
    __rt_lib_shutdown                        0x00000151   Thumb Code     0  libshutdown.o(.ARM.Collect$$libshutdown$$00000000)
    __rt_lib_shutdown_cpp_1                  0x00000153   Thumb Code     0  libshutdown2.o(.ARM.Collect$$libshutdown$$00000004)
    __rt_lib_shutdown_fini_1                 0x00000153   Thumb Code     0  libshutdown2.o(.ARM.Collect$$libshutdown$$00000002)
    __rt_lib_shutdown_fp_trap_1              0x00000153   Thumb Code     0  libshutdown2.o(.ARM.Collect$$libshutdown$$00000009)
    __rt_lib_shutdown_heap_1                 0x00000153   Thumb Code     0  libshutdown2.o(.ARM.Collect$$libshutdown$$00000011)
    __rt_lib_shutdown_return                 0x00000153   Thumb Code     0  libshutdown2.o(.ARM.Collect$$libshutdown$$00000012)
    __rt_lib_shutdown_signal_1               0x00000153   Thumb Code     0  libshutdown2.o(.ARM.Collect$$libshutdown$$0000000C)
    __rt_lib_shutdown_stdio_1                0x00000153   Thumb Code     0  libshutdown2.o(.ARM.Collect$$libshutdown$$00000006)
    __rt_lib_shutdown_user_alloc_1           0x00000153   Thumb Code     0  libshutdown2.o(.ARM.Collect$$libshutdown$$0000000E)
    __rt_entry                               0x00000155   Thumb Code     0  __rtentry.o(.ARM.Collect$$rtentry$$00000000)
    __rt_entry_presh_1                       0x00000155   Thumb Code     0  __rtentry2.o(.ARM.Collect$$rtentry$$00000002)
    __rt_entry_sh                            0x00000155   Thumb Code     0  __rtentry4.o(.ARM.Collect$$rtentry$$00000004)
    __rt_entry_li                            0x0000015b   Thumb Code     0  __rtentry2.o(.ARM.Collect$$rtentry$$0000000A)
    __rt_entry_postsh_1                      0x0000015b   Thumb Code     0  __rtentry2.o(.ARM.Collect$$rtentry$$00000009)
    __rt_entry_main                          0x0000015f   Thumb Code     0  __rtentry2.o(.ARM.Collect$$rtentry$$0000000D)
    __rt_entry_postli_1                      0x0000015f   Thumb Code     0  __rtentry2.o(.ARM.Collect$$rtentry$$0000000C)
    __rt_exit                                0x00000167   Thumb Code     0  rtexit.o(.ARM.Collect$$rtexit$$00000000)
    __rt_exit_ls                             0x00000169   Thumb Code     0  rtexit2.o(.ARM.Collect$$rtexit$$00000003)
    __rt_exit_prels_1                        0x00000169   Thumb Code     0  rtexit2.o(.ARM.Collect$$rtexit$$00000002)
    __rt_exit_exit                           0x0000016d   Thumb Code     0  rtexit2.o(.ARM.Collect$$rtexit$$00000004)
    Reset_Handler                            0x00000175   Thumb Code    24  startup_mke02z4.o(.text)
    NMI_Handler                              0x0000018d   Thumb Code     2  startup_mke02z4.o(.text)
    HardFault_Handler                        0x0000018f   Thumb Code     2  startup_mke02z4.o(.text)
    SVC_Handler                              0x00000191   Thumb Code     2  startup_mke02z4.o(.text)
    PendSV_Handler                           0x00000193   Thumb Code     2  startup_mke02z4.o(.text)
    I2C0_IRQHandler                          0x00000197   Thumb Code     4  startup_mke02z4.o(.text)
    SPI0_IRQHandler                          0x0000019b   Thumb Code     4  startup_mke02z4.o(.text)
    SPI1_IRQHandler                          0x0000019f   Thumb Code     4  startup_mke02z4.o(.text)
    UART0_IRQHandler                         0x000001a3   Thumb Code     4  startup_mke02z4.o(.text)
    UART1_IRQHandler                         0x000001a7   Thumb Code     4  startup_mke02z4.o(.text)
    UART2_IRQHandler                         0x000001ab   Thumb Code     4  startup_mke02z4.o(.text)
    ACMP0_IRQHandler                         0x000001af   Thumb Code     0  startup_mke02z4.o(.text)
    ACMP1_IRQHandler                         0x000001af   Thumb Code     0  startup_mke02z4.o(.text)
    ADC_IRQHandler                           0x000001af   Thumb Code     0  startup_mke02z4.o(.text)
    DefaultISR                               0x000001af   Thumb Code     0  startup_mke02z4.o(.text)
    FTM0_IRQHandler                          0x000001af   Thumb Code     0  startup_mke02z4.o(.text)
    FTM1_IRQHandler                          0x000001af   Thumb Code     0  startup_mke02z4.o(.text)
    FTM2_IRQHandler                          0x000001af   Thumb Code     0  startup_mke02z4.o(.text)
    FTMRH_IRQHandler                         0x000001af   Thumb Code     0  startup_mke02z4.o(.text)
    I2C0_DriverIRQHandler                    0x000001af   Thumb Code     0  startup_mke02z4.o(.text)
    ICS_IRQHandler                           0x000001af   Thumb Code     0  startup_mke02z4.o(.text)
    IRQ_IRQHandler                           0x000001af   Thumb Code     0  startup_mke02z4.o(.text)
    KBI0_IRQHandler                          0x000001af   Thumb Code     0  startup_mke02z4.o(.text)
    KBI1_IRQHandler                          0x000001af   Thumb Code     0  startup_mke02z4.o(.text)
    PIT_CH0_IRQHandler                       0x000001af   Thumb Code     0  startup_mke02z4.o(.text)
    PIT_CH1_IRQHandler                       0x000001af   Thumb Code     0  startup_mke02z4.o(.text)
    PMC_IRQHandler                           0x000001af   Thumb Code     0  startup_mke02z4.o(.text)
    RTC_IRQHandler                           0x000001af   Thumb Code     0  startup_mke02z4.o(.text)
    Reserved16_IRQHandler                    0x000001af   Thumb Code     0  startup_mke02z4.o(.text)
    Reserved17_IRQHandler                    0x000001af   Thumb Code     0  startup_mke02z4.o(.text)
    Reserved18_IRQHandler                    0x000001af   Thumb Code     0  startup_mke02z4.o(.text)
    Reserved19_IRQHandler                    0x000001af   Thumb Code     0  startup_mke02z4.o(.text)
    Reserved20_IRQHandler                    0x000001af   Thumb Code     0  startup_mke02z4.o(.text)
    Reserved25_IRQHandler                    0x000001af   Thumb Code     0  startup_mke02z4.o(.text)
    Reserved42_IRQHandler                    0x000001af   Thumb Code     0  startup_mke02z4.o(.text)
    Reserved45_IRQHandler                    0x000001af   Thumb Code     0  startup_mke02z4.o(.text)
    Reserved46_IRQHandler                    0x000001af   Thumb Code     0  startup_mke02z4.o(.text)
    Reserved47_IRQHandler                    0x000001af   Thumb Code     0  startup_mke02z4.o(.text)
    SPI0_DriverIRQHandler                    0x000001af   Thumb Code     0  startup_mke02z4.o(.text)
    SPI1_DriverIRQHandler                    0x000001af   Thumb Code     0  startup_mke02z4.o(.text)
    UART0_DriverIRQHandler                   0x000001af   Thumb Code     0  startup_mke02z4.o(.text)
    UART1_DriverIRQHandler                   0x000001af   Thumb Code     0  startup_mke02z4.o(.text)
    UART2_DriverIRQHandler                   0x000001af   Thumb Code     0  startup_mke02z4.o(.text)
    WDOG_IRQHandler                          0x000001af   Thumb Code     0  startup_mke02z4.o(.text)
    __user_initial_stackheap                 0x000001b5   Thumb Code     0  startup_mke02z4.o(.text)
    __2sprintf                               0x000001f9   Thumb Code    36  noretval__2sprintf.o(.text)
    _printf_pre_padding                      0x00000221   Thumb Code    44  _printf_pad.o(.text)
    _printf_post_padding                     0x0000024d   Thumb Code    34  _printf_pad.o(.text)
    _printf_int_dec                          0x00000271   Thumb Code    90  _printf_dec.o(.text)
    strlen                                   0x000002dd   Thumb Code    62  strlen.o(.text)
    __use_two_region_memory                  0x00000321   Thumb Code     2  heapauxi.o(.text)
    __rt_heap_escrow$2region                 0x00000323   Thumb Code     2  heapauxi.o(.text)
    __rt_heap_expand$2region                 0x00000325   Thumb Code     2  heapauxi.o(.text)
    _printf_int_common                       0x00000327   Thumb Code   176  _printf_intcommon.o(.text)
    _sputc                                   0x000003d7   Thumb Code    10  _sputc.o(.text)
    exit                                     0x000003e1   Thumb Code    16  exit.o(.text)
    __user_libspace                          0x000003f1   Thumb Code     8  libspace.o(.text)
    __user_perproc_libspace                  0x000003f1   Thumb Code     0  libspace.o(.text)
    __user_perthread_libspace                0x000003f1   Thumb Code     0  libspace.o(.text)
    __I$use$semihosting                      0x000003f9   Thumb Code     0  use_no_semi.o(.text)
    __use_no_semihosting_swi                 0x000003f9   Thumb Code     2  use_no_semi.o(.text)
    __semihosting_library_function           0x000003fb   Thumb Code     0  indicate_semi.o(.text)
    __printf                                 0x00000411   Thumb Code   306  __printf_flags_wp.o(.text)
    __aeabi_uidiv                            0x00000549   Thumb Code     0  aeabi_sdiv.o(.text)
    __aeabi_uidivmod                         0x00000549   Thumb Code    20  aeabi_sdiv.o(.text)
    __aeabi_idiv                             0x0000055d   Thumb Code     0  aeabi_sdiv.o(.text)
    __aeabi_idivmod                          0x0000055d   Thumb Code   326  aeabi_sdiv.o(.text)
    _printf_char_common                      0x000006af   Thumb Code    32  _printf_char_common.o(.text)
    __rt_udiv10                              0x000006d5   Thumb Code    40  rtudiv10.o(.text)
    __user_setup_stackheap                   0x000006fd   Thumb Code    62  sys_stackheap_outer.o(.text)
    _sys_exit                                0x0000073d   Thumb Code     8  sys_exit.o(.text)
    Delay                                    0x00000749   Thumb Code    26  main.o(i.Delay)
    SysTick_Handler                          0x0000076d   Thumb Code    12  main.o(i.SysTick_Handler)
    SystemCoreClockUpdate                    0x0000077d   Thumb Code   134  system_mke02z4.o(i.SystemCoreClockUpdate)
    SystemInit                               0x00000815   Thumb Code    40  system_mke02z4.o(i.SystemInit)
    _is_digit                                0x000008c1   Thumb Code    14  __printf_wp.o(i._is_digit)
    i2c_add                                  0x000008d1   Thumb Code    78  i2c.o(i.i2c_add)
    i2c_data                                 0x00000925   Thumb Code    48  i2c.o(i.i2c_data)
    i2c_int                                  0x00000959   Thumb Code    48  i2c.o(i.i2c_int)
    i2c_start1                               0x00000991   Thumb Code    54  i2c.o(i.i2c_start1)
    i2c_stop                                 0x000009cd   Thumb Code    14  i2c.o(i.i2c_stop)
    main                                     0x000009e1   Thumb Code   264  main.o(i.main)
    mcu_init                                 0x00000b11   Thumb Code    30  main.o(i.mcu_init)
    oled_clear_area                          0x00000b39   Thumb Code    98  i2c.o(i.oled_clear_area)
    oled_cmd_1byte                           0x00000b9b   Thumb Code    38  i2c.o(i.oled_cmd_1byte)
    oled_data                                0x00000bc1   Thumb Code    34  i2c.o(i.oled_data)
    oled_pos                                 0x00000be3   Thumb Code    38  i2c.o(i.oled_pos)
    print_char                               0x00000c09   Thumb Code   146  i2c.o(i.print_char)
    print_string                             0x00000ca1   Thumb Code    46  i2c.o(i.print_string)
    hom                                      0x00000cce   Data         128  i2c.o(.constdata)
    ASCII_16                                 0x00000d4e   Data        7008  i2c.o(.constdata)
    Region$$Table$$Base                      0x000028c0   Number         0  anon$$obj.o(Region$$Table)
    Region$$Table$$Limit                     0x000028e0   Number         0  anon$$obj.o(Region$$Table)
    update_flag                              0x1ffffc00   Data           1  main.o(.data)
    s_delay                                  0x1ffffc04   Data           4  main.o(.data)
    cycle                                    0x1ffffc08   Data           4  main.o(.data)
    msTicks                                  0x1ffffc0c   Data           4  main.o(.data)
    curTicks                                 0x1ffffc10   Data           4  main.o(.data)
    SystemCoreClock                          0x1ffffc14   Data           4  system_mke02z4.o(.data)
    dis_str                                  0x1ffffc18   Data          10  main.o(.bss)
    __libspace_start                         0x1ffffc24   Data          96  libspace.o(.bss)
    __temporary_stack_top$libspace           0x1ffffc84   Data           0  libspace.o(.bss)



==============================================================================

Memory Map of the image

  Image Entry point : 0x00000175

  Load Region LR_1 (Base: 0x00000000, Size: 0x000028f8, Max: 0xffffffff, ABSOLUTE)

    Execution Region ER_RO (Exec base: 0x00000000, Load base: 0x00000000, Size: 0x000028e0, Max: 0xffffffff, ABSOLUTE)

    Exec Addr    Load Addr    Size         Type   Attr      Idx    E Section Name        Object

    0x00000000   0x00000000   0x000000c0   Data   RO          219    RESET               startup_mke02z4.o
    0x000000c0   0x000000c0   0x00000008   Code   RO          301  * !!!main             c_p.l(__main.o)
    0x000000c8   0x000000c8   0x0000003c   Code   RO          483    !!!scatter          c_p.l(__scatter.o)
    0x00000104   0x00000104   0x0000001a   Code   RO          485    !!handler_copy      c_p.l(__scatter_copy.o)
    0x0000011e   0x0000011e   0x00000002   PAD
    0x00000120   0x00000120   0x0000001c   Code   RO          487    !!handler_zi        c_p.l(__scatter_zi.o)
    0x0000013c   0x0000013c   0x00000002   Code   RO          292    .ARM.Collect$$_printf_percent$$00000000  c_p.l(_printf_percent.o)
    0x0000013e   0x0000013e   0x0000000a   Code   RO          291    .ARM.Collect$$_printf_percent$$00000009  c_p.l(_printf_d.o)
    0x00000148   0x00000148   0x00000004   Code   RO          314    .ARM.Collect$$_printf_percent$$00000017  c_p.l(_printf_percent_end.o)
    0x0000014c   0x0000014c   0x00000002   Code   RO          350    .ARM.Collect$$libinit$$00000000  c_p.l(libinit.o)
    0x0000014e   0x0000014e   0x00000000   Code   RO          364    .ARM.Collect$$libinit$$00000002  c_p.l(libinit2.o)
    0x0000014e   0x0000014e   0x00000000   Code   RO          366    .ARM.Collect$$libinit$$00000004  c_p.l(libinit2.o)
    0x0000014e   0x0000014e   0x00000000   Code   RO          369    .ARM.Collect$$libinit$$0000000A  c_p.l(libinit2.o)
    0x0000014e   0x0000014e   0x00000000   Code   RO          371    .ARM.Collect$$libinit$$0000000C  c_p.l(libinit2.o)
    0x0000014e   0x0000014e   0x00000000   Code   RO          373    .ARM.Collect$$libinit$$0000000E  c_p.l(libinit2.o)
    0x0000014e   0x0000014e   0x00000000   Code   RO          376    .ARM.Collect$$libinit$$00000011  c_p.l(libinit2.o)
    0x0000014e   0x0000014e   0x00000000   Code   RO          378    .ARM.Collect$$libinit$$00000013  c_p.l(libinit2.o)
    0x0000014e   0x0000014e   0x00000000   Code   RO          380    .ARM.Collect$$libinit$$00000015  c_p.l(libinit2.o)
    0x0000014e   0x0000014e   0x00000000   Code   RO          382    .ARM.Collect$$libinit$$00000017  c_p.l(libinit2.o)
    0x0000014e   0x0000014e   0x00000000   Code   RO          384    .ARM.Collect$$libinit$$00000019  c_p.l(libinit2.o)
    0x0000014e   0x0000014e   0x00000000   Code   RO          386    .ARM.Collect$$libinit$$0000001B  c_p.l(libinit2.o)
    0x0000014e   0x0000014e   0x00000000   Code   RO          388    .ARM.Collect$$libinit$$0000001D  c_p.l(libinit2.o)
    0x0000014e   0x0000014e   0x00000000   Code   RO          390    .ARM.Collect$$libinit$$0000001F  c_p.l(libinit2.o)
    0x0000014e   0x0000014e   0x00000000   Code   RO          392    .ARM.Collect$$libinit$$00000021  c_p.l(libinit2.o)
    0x0000014e   0x0000014e   0x00000000   Code   RO          394    .ARM.Collect$$libinit$$00000023  c_p.l(libinit2.o)
    0x0000014e   0x0000014e   0x00000000   Code   RO          396    .ARM.Collect$$libinit$$00000025  c_p.l(libinit2.o)
    0x0000014e   0x0000014e   0x00000000   Code   RO          400    .ARM.Collect$$libinit$$0000002C  c_p.l(libinit2.o)
    0x0000014e   0x0000014e   0x00000000   Code   RO          402    .ARM.Collect$$libinit$$0000002E  c_p.l(libinit2.o)
    0x0000014e   0x0000014e   0x00000000   Code   RO          404    .ARM.Collect$$libinit$$00000030  c_p.l(libinit2.o)
    0x0000014e   0x0000014e   0x00000000   Code   RO          406    .ARM.Collect$$libinit$$00000032  c_p.l(libinit2.o)
    0x0000014e   0x0000014e   0x00000002   Code   RO          407    .ARM.Collect$$libinit$$00000033  c_p.l(libinit2.o)
    0x00000150   0x00000150   0x00000002   Code   RO          438    .ARM.Collect$$libshutdown$$00000000  c_p.l(libshutdown.o)
    0x00000152   0x00000152   0x00000000   Code   RO          464    .ARM.Collect$$libshutdown$$00000002  c_p.l(libshutdown2.o)
    0x00000152   0x00000152   0x00000000   Code   RO          466    .ARM.Collect$$libshutdown$$00000004  c_p.l(libshutdown2.o)
    0x00000152   0x00000152   0x00000000   Code   RO          468    .ARM.Collect$$libshutdown$$00000006  c_p.l(libshutdown2.o)
    0x00000152   0x00000152   0x00000000   Code   RO          471    .ARM.Collect$$libshutdown$$00000009  c_p.l(libshutdown2.o)
    0x00000152   0x00000152   0x00000000   Code   RO          474    .ARM.Collect$$libshutdown$$0000000C  c_p.l(libshutdown2.o)
    0x00000152   0x00000152   0x00000000   Code   RO          476    .ARM.Collect$$libshutdown$$0000000E  c_p.l(libshutdown2.o)
    0x00000152   0x00000152   0x00000000   Code   RO          479    .ARM.Collect$$libshutdown$$00000011  c_p.l(libshutdown2.o)
    0x00000152   0x00000152   0x00000002   Code   RO          480    .ARM.Collect$$libshutdown$$00000012  c_p.l(libshutdown2.o)
    0x00000154   0x00000154   0x00000000   Code   RO          303    .ARM.Collect$$rtentry$$00000000  c_p.l(__rtentry.o)
    0x00000154   0x00000154   0x00000000   Code   RO          318    .ARM.Collect$$rtentry$$00000002  c_p.l(__rtentry2.o)
    0x00000154   0x00000154   0x00000006   Code   RO          330    .ARM.Collect$$rtentry$$00000004  c_p.l(__rtentry4.o)
    0x0000015a   0x0000015a   0x00000000   Code   RO          320    .ARM.Collect$$rtentry$$00000009  c_p.l(__rtentry2.o)
    0x0000015a   0x0000015a   0x00000004   Code   RO          321    .ARM.Collect$$rtentry$$0000000A  c_p.l(__rtentry2.o)
    0x0000015e   0x0000015e   0x00000000   Code   RO          323    .ARM.Collect$$rtentry$$0000000C  c_p.l(__rtentry2.o)
    0x0000015e   0x0000015e   0x00000008   Code   RO          324    .ARM.Collect$$rtentry$$0000000D  c_p.l(__rtentry2.o)
    0x00000166   0x00000166   0x00000002   Code   RO          355    .ARM.Collect$$rtexit$$00000000  c_p.l(rtexit.o)
    0x00000168   0x00000168   0x00000000   Code   RO          411    .ARM.Collect$$rtexit$$00000002  c_p.l(rtexit2.o)
    0x00000168   0x00000168   0x00000004   Code   RO          412    .ARM.Collect$$rtexit$$00000003  c_p.l(rtexit2.o)
    0x0000016c   0x0000016c   0x00000006   Code   RO          413    .ARM.Collect$$rtexit$$00000004  c_p.l(rtexit2.o)
    0x00000172   0x00000172   0x00000002   PAD
    0x00000174   0x00000174   0x00000084   Code   RO          221  * .text               startup_mke02z4.o
    0x000001f8   0x000001f8   0x00000028   Code   RO          263    .text               c_p.l(noretval__2sprintf.o)
    0x00000220   0x00000220   0x0000004e   Code   RO          267    .text               c_p.l(_printf_pad.o)
    0x0000026e   0x0000026e   0x00000002   PAD
    0x00000270   0x00000270   0x0000006c   Code   RO          269    .text               c_p.l(_printf_dec.o)
    0x000002dc   0x000002dc   0x00000044   Code   RO          293    .text               c_p.l(strlen.o)
    0x00000320   0x00000320   0x00000006   Code   RO          299    .text               c_p.l(heapauxi.o)
    0x00000326   0x00000326   0x000000b0   Code   RO          308    .text               c_p.l(_printf_intcommon.o)
    0x000003d6   0x000003d6   0x0000000a   Code   RO          312    .text               c_p.l(_sputc.o)
    0x000003e0   0x000003e0   0x00000010   Code   RO          339    .text               c_p.l(exit.o)
    0x000003f0   0x000003f0   0x00000008   Code   RO          351    .text               c_p.l(libspace.o)
    0x000003f8   0x000003f8   0x00000002   Code   RO          427    .text               c_p.l(use_no_semi.o)
    0x000003fa   0x000003fa   0x00000000   Code   RO          429    .text               c_p.l(indicate_semi.o)
    0x000003fa   0x000003fa   0x00000006   PAD
    0x00000400   0x00000400   0x00000010   Code   RO          220    .ARM.__at_0x400     startup_mke02z4.o
    0x00000410   0x00000410   0x00000138   Code   RO          283    .text               c_p.l(__printf_flags_wp.o)
    0x00000548   0x00000548   0x0000015a   Code   RO          295    .text               c_p.l(aeabi_sdiv.o)
    0x000006a2   0x000006a2   0x00000002   PAD
    0x000006a4   0x000006a4   0x00000030   Code   RO          310    .text               c_p.l(_printf_char_common.o)
    0x000006d4   0x000006d4   0x00000028   Code   RO          315    .text               c_p.l(rtudiv10.o)
    0x000006fc   0x000006fc   0x0000003e   Code   RO          336    .text               c_p.l(sys_stackheap_outer.o)
    0x0000073a   0x0000073a   0x00000002   PAD
    0x0000073c   0x0000073c   0x0000000c   Code   RO          408    .text               c_p.l(sys_exit.o)
    0x00000748   0x00000748   0x00000024   Code   RO            3    i.Delay             main.o
    0x0000076c   0x0000076c   0x00000010   Code   RO            4    i.SysTick_Handler   main.o
    0x0000077c   0x0000077c   0x00000098   Code   RO          229    i.SystemCoreClockUpdate  system_mke02z4.o
    0x00000814   0x00000814   0x00000034   Code   RO          230    i.SystemInit        system_mke02z4.o
    0x00000848   0x00000848   0x00000078   Code   RO            5    i.__NVIC_SetPriority  main.o
    0x000008c0   0x000008c0   0x0000000e   Code   RO          281    i._is_digit         c_p.l(__printf_wp.o)
    0x000008ce   0x000008ce   0x00000002   PAD
    0x000008d0   0x000008d0   0x00000054   Code   RO           93    i.i2c_add           i2c.o
    0x00000924   0x00000924   0x00000034   Code   RO           94    i.i2c_data          i2c.o
    0x00000958   0x00000958   0x00000038   Code   RO           95    i.i2c_int           i2c.o
    0x00000990   0x00000990   0x0000003c   Code   RO           97    i.i2c_start1        i2c.o
    0x000009cc   0x000009cc   0x00000014   Code   RO           98    i.i2c_stop          i2c.o
    0x000009e0   0x000009e0   0x00000130   Code   RO            6    i.main              main.o
    0x00000b10   0x00000b10   0x00000028   Code   RO            7    i.mcu_init          main.o
    0x00000b38   0x00000b38   0x00000062   Code   RO          101    i.oled_clear_area   i2c.o
    0x00000b9a   0x00000b9a   0x00000026   Code   RO          102    i.oled_cmd_1byte    i2c.o
    0x00000bc0   0x00000bc0   0x00000022   Code   RO          104    i.oled_data         i2c.o
    0x00000be2   0x00000be2   0x00000026   Code   RO          106    i.oled_pos          i2c.o
    0x00000c08   0x00000c08   0x00000098   Code   RO          107    i.print_char        i2c.o
    0x00000ca0   0x00000ca0   0x0000002e   Code   RO          108    i.print_string      i2c.o
    0x00000cce   0x00000cce   0x00001be0   Data   RO          109    .constdata          i2c.o
    0x000028ae   0x000028ae   0x00000011   Data   RO          284    .constdata          c_p.l(__printf_flags_wp.o)
    0x000028bf   0x000028bf   0x00000001   PAD
    0x000028c0   0x000028c0   0x00000020   Data   RO          481    Region$$Table       anon$$obj.o


    Execution Region ER_RW (Exec base: 0x1ffffc00, Load base: 0x000028e0, Size: 0x00000018, Max: 0xffffffff, ABSOLUTE)

    Exec Addr    Load Addr    Size         Type   Attr      Idx    E Section Name        Object

    0x1ffffc00   0x000028e0   0x00000014   Data   RW            9    .data               main.o
    0x1ffffc14   0x000028f4   0x00000004   Data   RW          231    .data               system_mke02z4.o


    Execution Region ER_ZI (Exec base: 0x1ffffc18, Load base: 0x000028f8, Size: 0x00000470, Max: 0xffffffff, ABSOLUTE)

    Exec Addr    Load Addr    Size         Type   Attr      Idx    E Section Name        Object

    0x1ffffc18        -       0x0000000a   Zero   RW            8    .bss                main.o
    0x1ffffc22   0x000028f8   0x00000002   PAD
    0x1ffffc24        -       0x00000060   Zero   RW          352    .bss                c_p.l(libspace.o)
    0x1ffffc84   0x000028f8   0x00000004   PAD
    0x1ffffc88        -       0x00000000   Zero   RW          218    HEAP                startup_mke02z4.o
    0x1ffffc88        -       0x00000400   Zero   RW          217    STACK               startup_mke02z4.o


==============================================================================

Image component sizes


      Code (inc. data)   RO Data    RW Data    ZI Data      Debug   Object Name

       678         36       7136          0          0       6354   i2c.o
       516         74          0         20         10     126553   main.o
       148         76        192          0       1024       1128   startup_mke02z4.o
       204         30          0          4          0       1347   system_mke02z4.o

    ----------------------------------------------------------------------
      1546        216       7360         24       1036     135382   Object Totals
         0          0         32          0          0          0   (incl. Generated)
         0          0          0          0          2          0   (incl. Padding)

    ----------------------------------------------------------------------

      Code (inc. data)   RO Data    RW Data    ZI Data      Debug   Library Member Name

         8          0          0          0          0         68   __main.o
       312          6         17          0          0         76   __printf_flags_wp.o
        14          0          0          0          0         60   __printf_wp.o
         0          0          0          0          0          0   __rtentry.o
        12          0          0          0          0          0   __rtentry2.o
         6          0          0          0          0          0   __rtentry4.o
        60          8          0          0          0          0   __scatter.o
        26          0          0          0          0          0   __scatter_copy.o
        28          0          0          0          0          0   __scatter_zi.o
        48          6          0          0          0         88   _printf_char_common.o
        10          0          0          0          0          0   _printf_d.o
       108         18          0          0          0         76   _printf_dec.o
       176          0          0          0          0         84   _printf_intcommon.o
        78          0          0          0          0        100   _printf_pad.o
         2          0          0          0          0          0   _printf_percent.o
         4          0          0          0          0          0   _printf_percent_end.o
        10          0          0          0          0         60   _sputc.o
       346          0          0          0          0         92   aeabi_sdiv.o
        16          0          0          0          0         68   exit.o
         6          0          0          0          0        136   heapauxi.o
         0          0          0          0          0          0   indicate_semi.o
         2          0          0          0          0          0   libinit.o
         2          0          0          0          0          0   libinit2.o
         2          0          0          0          0          0   libshutdown.o
         2          0          0          0          0          0   libshutdown2.o
         8          4          0          0         96         68   libspace.o
        40          4          0          0          0         84   noretval__2sprintf.o
         2          0          0          0          0          0   rtexit.o
        10          0          0          0          0          0   rtexit2.o
        40          0          0          0          0         60   rtudiv10.o
        68          6          0          0          0         72   strlen.o
        12          4          0          0          0         60   sys_exit.o
        62          0          0          0          0         80   sys_stackheap_outer.o
         2          0          0          0          0         68   use_no_semi.o

    ----------------------------------------------------------------------
      1540         56         18          0        100       1400   Library Totals
        18          0          1          0          4          0   (incl. Padding)

    ----------------------------------------------------------------------

      Code (inc. data)   RO Data    RW Data    ZI Data      Debug   Library Name

      1522         56         17          0         96       1400   c_p.l

    ----------------------------------------------------------------------
      1540         56         18          0        100       1400   Library Totals

    ----------------------------------------------------------------------

==============================================================================


      Code (inc. data)   RO Data    RW Data    ZI Data      Debug   

      3086        272       7378         24       1136     135494   Grand Totals
      3086        272       7378         24       1136     135494   ELF Image Totals
      3086        272       7378         24          0          0   ROM Totals

==============================================================================

    Total RO  Size (Code + RO Data)                10464 (  10.22kB)
    Total RW  Size (RW Data + ZI Data)              1160 (   1.13kB)
    Total ROM Size (Code + RO Data + RW Data)      10488 (  10.24kB)

==============================================================================

